******************************************************************************
                  TI ARM Linker PC v20.2.1                     
******************************************************************************
>> Linked Tue Dec  1 19:39:55 2020

OUTPUT FILE NAME:   <application.out>
ENTRY POINT SYMBOL: "ResetISR"  address: 000134f5


MEMORY CONFIGURATION

         name            origin    length      used     unused   attr    fill
----------------------  --------  ---------  --------  --------  ----  --------
  FLASH_IMG_HDR         00000000   00000090  0000008d  00000003  R  X
  ENTRY                 00000090   00000040  0000003c  00000004  R  X
  FLASH                 000000d0   000560d0  0001f3db  00036cf5  R  X
  RTOS_SRAM             20000000   0000012c  000000e4  00000048  RW X
  SRAM                  20000fdf   00013021  00003fd2  0000f04f  RW X


SEGMENT ALLOCATION MAP

run origin  load origin   length   init length attrs members
----------  ----------- ---------- ----------- ----- -------
00000000    00000000    0001b4b0   0001b4b0    r-x
  00000000    00000000    0000008d   0000008d    r-- .image_header
  00000090    00000090    0000003c   0000003c    r-- .resetVecs
  000000d0    000000d0    000189fc   000189fc    r-x .text
  00018acc    00018acc    000021e7   000021e7    r-- .const
  0001acb4    0001acb4    00000138   00000138    r-- .rodata
  0001adf0    0001adf0    000006c0   000006c0    r-- .cinit
00048000    00048000    00004000   00000000    rw-
  00048000    00048000    00004000   00000000    rw- .TI.bound:flashBuf0
20000100    20000100    0000000c   00000000    rw-
  20000100    20000100    00000004   00000000    rw- .data:xdcRomConstPtr
  20000104    20000104    00000004   00000000    rw- .data:xdcRomExternFuncPtr
  20000108    20000108    00000004   00000000    rw- .data:xdcRomStatePtr
20001830    20001830    00000010   00000000    rw-
  20001830    20001830    00000010   00000000    rw- .TI.bound:dmaSpi0RxControlTableEntry
20001840    20001840    00000010   00000000    rw-
  20001840    20001840    00000010   00000000    rw- .TI.bound:dmaSpi0TxControlTableEntry
20001900    20001900    00000010   00000000    rw-
  20001900    20001900    00000010   00000000    rw- .TI.bound:dmaSpi1RxControlTableEntry
20001910    20001910    00000010   00000000    rw-
  20001910    20001910    00000010   00000000    rw- .TI.bound:dmaSpi1TxControlTableEntry
20001a30    20001a30    00000010   00000000    rw-
  20001a30    20001a30    00000010   00000000    rw- .TI.bound:dmaSpi0RxAltControlTableEntry
20001a40    20001a40    00000010   00000000    rw-
  20001a40    20001a40    00000010   00000000    rw- .TI.bound:dmaSpi0TxAltControlTableEntry
20001b00    20001b00    00000010   00000000    rw-
  20001b00    20001b00    00000010   00000000    rw- .TI.bound:dmaSpi1RxAltControlTableEntry
20001b10    20001b10    00003b62   00000000    rw-
  20001b10    20001b10    00000010   00000000    rw- .TI.bound:dmaSpi1TxAltControlTableEntry
  20001b20    20001b20    00002933   00000000    rw- .data
  20004458    20004458    0000121a   00000000    rw- .bss
20013c00    20013c00    00000400   00000000    rw-
  20013c00    20013c00    00000400   00000000    rw- .stack


SECTION ALLOCATION MAP

 output                                  attributes/
section   page    origin      length       input sections
--------  ----  ----------  ----------   ----------------
.data:xdcRomConstPtr 
*          0    20000100    00000004     UNINITIALIZED
                  20000100    00000004     project_zero_app_pem4f.oem4f (.data:xdcRomConstPtr)

.data:xdcRomExternFuncPtr 
*          0    20000104    00000004     UNINITIALIZED
                  20000104    00000004     project_zero_app_pem4f.oem4f (.data:xdcRomExternFuncPtr)

.data:xdcRomStatePtr 
*          0    20000108    00000004     UNINITIALIZED
                  20000108    00000004     project_zero_app_pem4f.oem4f (.data:xdcRomStatePtr)

.bootVecs 
*          0    00000000    00000008     DSECT
                  00000000    00000008     boot.aem4f : boot.oem4f (.bootVecs)

.resetVecs 
*          0    00000090    0000003c     
                  00000090    0000003c     project_zero_app_pem4f.oem4f (.resetVecs)

.vecs      0    20000000    000000d8     NOLOAD SECTION
                  20000000    000000d8     project_zero_app_pem4f.oem4f (.vecs)

xdc.meta   0    00000000    000000ff     COPY SECTION
                  00000000    000000ff     project_zero_app_pem4f.oem4f (xdc.meta)

xdc.noload 
*          0    00000000    00000000     COPY SECTION

.image_header 
*          0    00000000    0000008d     
                  00000000    0000008d     oad_image_header_app.obj (.image_header:retain)

.resetVecs 
*          0    00000090    00000000     UNINITIALIZED

.intvecs   0    00000090    00000000     UNINITIALIZED

EntrySection 
*          0    00000090    00000000     UNINITIALIZED

.cinit     0    0001adf0    000006c0     
                  0001adf0    000005e6     (.cinit..data.load) [load image, compression = lzss]
                  0001b3d6    00000002     --HOLE-- [fill = 0]
                  0001b3d8    0000000c     (__TI_handler_table)
                  0001b3e4    00000004     --HOLE-- [fill = 0]
                  0001b3e8    00000008     (.cinit..TI.bound:dmaSpi0RxAltControlTableEntry.load) [load image, compression = zero_init]
                  0001b3f0    00000008     (.cinit..TI.bound:dmaSpi0RxControlTableEntry.load) [load image, compression = zero_init]
                  0001b3f8    00000008     (.cinit..TI.bound:dmaSpi0TxAltControlTableEntry.load) [load image, compression = zero_init]
                  0001b400    00000008     (.cinit..TI.bound:dmaSpi0TxControlTableEntry.load) [load image, compression = zero_init]
                  0001b408    00000008     (.cinit..TI.bound:dmaSpi1RxAltControlTableEntry.load) [load image, compression = zero_init]
                  0001b410    00000008     (.cinit..TI.bound:dmaSpi1RxControlTableEntry.load) [load image, compression = zero_init]
                  0001b418    00000008     (.cinit..TI.bound:dmaSpi1TxAltControlTableEntry.load) [load image, compression = zero_init]
                  0001b420    00000008     (.cinit..TI.bound:dmaSpi1TxControlTableEntry.load) [load image, compression = zero_init]
                  0001b428    00000008     (.cinit..bss.load) [load image, compression = zero_init]
                  0001b430    00000008     (.cinit..data:xdcRomConstPtr.load) [load image, compression = lzss]
                  0001b438    00000008     (.cinit..data:xdcRomExternFuncPtr.load) [load image, compression = lzss]
                  0001b440    00000008     (.cinit..data:xdcRomStatePtr.load) [load image, compression = lzss]
                  0001b448    00000068     (__TI_cinit_table)

.TI.bound:flashBuf0 
*          0    00048000    00004000     UNINITIALIZED
                  00048000    00004000     ti_drivers_config.obj (.TI.bound:flashBuf0)

.TI.bound:dmaSpi0RxControlTableEntry 
*          0    20001830    00000010     UNINITIALIZED
                  20001830    00000010     drivers_cc26x2.a : SPICC26X2DMA.oem4f (.TI.bound:dmaSpi0RxControlTableEntry)

.TI.bound:dmaSpi0TxControlTableEntry 
*          0    20001840    00000010     UNINITIALIZED
                  20001840    00000010     drivers_cc26x2.a : SPICC26X2DMA.oem4f (.TI.bound:dmaSpi0TxControlTableEntry)

.TI.bound:dmaSpi1RxControlTableEntry 
*          0    20001900    00000010     UNINITIALIZED
                  20001900    00000010     drivers_cc26x2.a : SPICC26X2DMA.oem4f (.TI.bound:dmaSpi1RxControlTableEntry)

.TI.bound:dmaSpi1TxControlTableEntry 
*          0    20001910    00000010     UNINITIALIZED
                  20001910    00000010     drivers_cc26x2.a : SPICC26X2DMA.oem4f (.TI.bound:dmaSpi1TxControlTableEntry)

.TI.bound:dmaSpi0RxAltControlTableEntry 
*          0    20001a30    00000010     UNINITIALIZED
                  20001a30    00000010     drivers_cc26x2.a : SPICC26X2DMA.oem4f (.TI.bound:dmaSpi0RxAltControlTableEntry)

.TI.bound:dmaSpi0TxAltControlTableEntry 
*          0    20001a40    00000010     UNINITIALIZED
                  20001a40    00000010     drivers_cc26x2.a : SPICC26X2DMA.oem4f (.TI.bound:dmaSpi0TxAltControlTableEntry)

.TI.bound:dmaSpi1RxAltControlTableEntry 
*          0    20001b00    00000010     UNINITIALIZED
                  20001b00    00000010     drivers_cc26x2.a : SPICC26X2DMA.oem4f (.TI.bound:dmaSpi1RxAltControlTableEntry)

.TI.bound:dmaSpi1TxAltControlTableEntry 
*          0    20001b10    00000010     UNINITIALIZED
                  20001b10    00000010     drivers_cc26x2.a : SPICC26X2DMA.oem4f (.TI.bound:dmaSpi1TxAltControlTableEntry)

.data      0    20001b20    00002933     UNINITIALIZED
                  20001b20    00000b6c     sydantek_r3.obj (.data:$O3$$)
                  2000268c    00000004     OneLib.a : ll_slave_end_causes.o (.data)
                  20002690    00000920     haldi.obj (.data:$O2$$)
                  20002fb0    000005b8     UartLog.obj (.data:$O17$$)
                  20003568    000001d4     devinfoservice.obj (.data:$O13$$)
                  2000373c    000001d4     oad.obj (.data:$O7$$)
                  20003910    00000170     drivers_cc26x2.a : PowerCC26X2.oem4f (.data:PowerCC26X2_module)
                  20003a80    0000010c     project_zero_app_pem4f.oem4f (.data:ROM_stateStruct)
                  20003b8c    000000f4     StackWrapper.a : gapbondmgr.o (.data)
                  20003c80    000000b0     OneLib.a : gapgattserver.o (.data)
                  20003d30    0000009c     icall.obj (.data:$O18$$)
                  20003dcc    00000060     ti_ble_config.obj (.data:$O1$$)
                  20003e2c    00000060     nvocmp.obj (.data:$O5$$)
                  20003e8c    00000060     OneLib.a : ll_config.o (.data)
                  20003eec    00000054     ti_radio_config.obj (.data:pOverrides_bleCommon)
                  20003f40    00000050     ti_radio_config.obj (.data:txPowerTable_2400_pa5)
                  20003f90    0000004c     project_zero_app_pem4f.oem4f (.data:ti_sysbios_knl_Task_Object__table__V)
                  20003fdc    00000004     StackWrapper.a : hal_assert.o (.data)
                  20003fe0    00000048     project_zero_app_pem4f.oem4f (.data:ti_sysbios_family_arm_cc26xx_Timer_Object__table__V)
                  20004028    00000040     OneLib.a : gattservapp.o (.data)
                  20004068    00000040     ble_user_config.obj (.data:eccParams_NISTP256)
                  200040a8    0000003c     icall_user_config.obj (.data:nvintfFncStruct)
                  200040e4    00000038     project_zero_app_pem4f.oem4f (.data:ti_sysbios_gates_GateMutex_Object__table__V)
                  2000411c    00000030     project_zero_app_pem4f.oem4f (.data:ti_sysbios_knl_Swi_Module_State_0_readyQ__A)
                  2000414c    00000030     project_zero_app_pem4f.oem4f (.data:ti_sysbios_knl_Swi_Object__table__V)
                  2000417c    00000030     project_zero_app_pem4f.oem4f (.data:ti_sysbios_knl_Task_Module_State_0_readyQ__A)
                  200041ac    00000024     driverlib.lib : osc.obj (.data:$O22$$)
                  200041d0    00000021     sydantek_r3.obj (.data)
                  200041f1    00000001     OneLib.a : gapgattserver.o (.data)
                  200041f2    00000002              : ll_config.o (.data)
                  200041f4    00000004     ble_user_config_stack.obj (.data)
                  200041f8    00000020     drivers_cc26x2.a : TRNGCC26XX.oem4f (.data:entropyPoolBuffer)
                  20004218    00000020     project_zero_app_pem4f.oem4f (.data:ti_sysbios_knl_Clock_Object__table__V)
                  20004238    00000020     project_zero_app_pem4f.oem4f (.data:xdc_runtime_Error_IgnoreBlock)
                  20004258    00000018     flash_interface_ext_rtos_NVS.obj (.data:$O6$$)
                  20004270    00000018     ti_drivers_config.obj (.data:gpioCallbackFunctions)
                  20004288    00000018     ti_drivers_config.obj (.data:gpioPinConfigs)
                  200042a0    00000018     project_zero_app_pem4f.oem4f (.data:ti_sysbios_family_arm_m3_Hwi_Object__table__V)
                  200042b8    00000010     OneLib.a : gattservapp.o (.data)
                  200042c8    00000010              : ll.o (.data)
                  200042d8    00000010              : ll_data.o (.data)
                  200042e8    00000010     StackWrapper.a : osal.o (.data)
                  200042f8    00000010     icall_user_config.obj (.data:bleAppServiceInfoTable)
                  20004308    00000010     icall_api_lite.obj (.data)
                  20004318    00000010     ti_radio_config.obj (.data:pOverrides_ble2Mbps)
                  20004328    00000010     ti_radio_config.obj (.data:pOverrides_bleCoded)
                  20004338    00000010     main.obj (.data:user0Cfg)
                  20004348    0000000c     ti_radio_config.obj (.data:pOverrides_ble1Mbps)
                  20004354    0000000c     project_zero_app_pem4f.oem4f (.data:ti_sysbios_heaps_HeapCallback_Object__table__V)
                  20004360    00000009     devinfoservice.obj (.data)
                  20004369    00000001     OneLib.a : gapgattserver.o (.data)
                  2000436a    00000002     StackWrapper.a : osal_cbtimer.o (.data)
                  2000436c    00000008     icall_cc2650.obj (.data:$O20$$)
                  20004374    00000008     ble_user_config.obj (.data:$O21$$)
                  2000437c    00000008     rtsv7M4_T_le_v4SPD16_eabi.lib : _lock.c.obj (.data:$O25$$)
                  20004384    00000008     sydantek_r3.obj (.data:$P$T0$4)
                  2000438c    00000008     OneLib.a : gapgattserver.o (.data)
                  20004394    00000008     drivers_cc26x2.a : PINCC26XX.oem4f (.data)
                  2000439c    00000008                      : TRNGCC26XX.oem4f (.data:jobList)
                  200043a4    00000008     sydantek_r3.obj (.data:params$4)
                  200043ac    00000008     project_zero_app_pem4f.oem4f (.data:ti_sysbios_family_arm_m3_Hwi_Module__root__V)
                  200043b4    00000008     project_zero_app_pem4f.oem4f (.data:ti_sysbios_gates_GateHwi_Module__root__V)
                  200043bc    00000008     project_zero_app_pem4f.oem4f (.data:ti_sysbios_gates_GateMutexPri_Module__root__V)
                  200043c4    00000008     project_zero_app_pem4f.oem4f (.data:ti_sysbios_gates_GateMutex_Module__root__V)
                  200043cc    00000008     project_zero_app_pem4f.oem4f (.data:ti_sysbios_hal_Hwi_Module__root__V)
                  200043d4    00000008     project_zero_app_pem4f.oem4f (.data:ti_sysbios_heaps_HeapCallback_Module__root__V)
                  200043dc    00000008     project_zero_app_pem4f.oem4f (.data:ti_sysbios_heaps_HeapMem_Module__root__V)
                  200043e4    00000008     project_zero_app_pem4f.oem4f (.data:ti_sysbios_knl_Clock_Module__root__V)
                  200043ec    00000008     project_zero_app_pem4f.oem4f (.data:ti_sysbios_knl_Event_Module__root__V)
                  200043f4    00000008     project_zero_app_pem4f.oem4f (.data:ti_sysbios_knl_Mailbox_Module__root__V)
                  200043fc    00000008     project_zero_app_pem4f.oem4f (.data:ti_sysbios_knl_Queue_Module__root__V)
                  20004404    00000008     project_zero_app_pem4f.oem4f (.data:ti_sysbios_knl_Semaphore_Module__root__V)
                  2000440c    00000008     project_zero_app_pem4f.oem4f (.data:ti_sysbios_knl_Swi_Module__root__V)
                  20004414    00000008     project_zero_app_pem4f.oem4f (.data:ti_sysbios_knl_Task_Module__root__V)
                  2000441c    00000005     drivers_cc26x2.a : GPIOCC26XX.oem4f (.data)
                  20004421    00000002                      : CryptoResourceCC26XX.oem4f (.data)
                  20004423    00000001     OneLib.a : gapgattserver.o (.data)
                  20004424    00000004     drivers_cc26x2.a : GPIOCC26XX.oem4f (.data:gpioPinTable)
                  20004428    00000004     rtsv7M4_T_le_v4SPD16_eabi.lib : stkdepth_vars.c.obj (.data)
                  2000442c    00000004     project_zero_app_pem4f.oem4f (.data:ti_sysbios_family_arm_m3_Hwi_Module_State_0_excContext__A)
                  20004430    00000004     project_zero_app_pem4f.oem4f (.data:ti_sysbios_family_arm_m3_Hwi_Module_State_0_excStack__A)
                  20004434    00000004     project_zero_app_pem4f.oem4f (.data:ti_sysbios_knl_Task_Module_State_0_idleTask__A)
                  20004438    00000002     drivers_cc26x2.a : PKAResourceCC26XX.oem4f (.data)
                  2000443a    00000002                      : TRNGCC26XX.oem4f (.data)
                  2000443c    00000002     oad.obj (.data)
                  2000443e    00000002     project_zero_app_pem4f.oem4f (.data:ti_sysbios_family_arm_m3_Hwi_Module_State_0_excActive__A)
                  20004440    00000001     OneLib.a : gapgattserver.o (.data)
                  20004441    00000001              : gapgattserver.o (.data)
                  20004442    00000001              : gapgattserver.o (.data)
                  20004443    00000001              : gattservapp.o (.data)
                  20004444    00000001              : gattservapp.o (.data)
                  20004445    00000001              : ll_ae.o (.data)
                  20004446    00000001              : ll_data.o (.data)
                  20004447    00000001              : ll_scheduler.o (.data)
                  20004448    00000001     StackWrapper.a : gap.o (.data)
                  20004449    00000001                    : gap.o (.data)
                  2000444a    00000001                    : hal_assert.o (.data)
                  2000444b    00000001     drivers_cc26x2.a : AESCCMCC26XX.oem4f (.data)
                  2000444c    00000001                      : AESCTRCC26XX.oem4f (.data)
                  2000444d    00000001                      : AESCTRDRBGXX.oem4f (.data)
                  2000444e    00000001                      : AESECBCC26XX.oem4f (.data)
                  2000444f    00000001                      : ECDHCC26X2.oem4f (.data)
                  20004450    00000001                      : NVS.oem4f (.data)
                  20004451    00000001                      : SPI.oem4f (.data)
                  20004452    00000001     rf_multiMode_cc26x2.aem4f : rf_patch_cpe_bt5.c.cc26x2.ccs.o (.data)

.bss       0    20004458    0000121a     UNINITIALIZED
                  20004458    000004f0     rf_multiMode_cc26x2.aem4f : RFCC26X2_multiMode.c.cc26x2.ccs.o (.bss:$O1$$)
                  20004948    00000300     project_zero_app_pem4f.oem4f (.bss:taskStackSection)
                  20004c48    00000108     (.common:spiCC26X2DMAObjects)
                  20004d50    00000100     (.common:crcBuf)
                  20004e50    000000d8     (.common:ti_sysbios_family_arm_m3_Hwi_dispatchTable)
                  20004f28    00000080     (.common:trngCC26XXObjects)
                  20004fa8    0000007c     (.common:pinHandleTable)
                  20005024    00000078     StackWrapper.a : osal_cbtimer.o (.bss)
                  2000509c    00000058     (.common:aesctrdrbgXXObjects)
                  200050f4    00000050     drivers_cc26x2.a : PINCC26XX.oem4f (.bss:pinSemaphore)
                  20005144    00000050     (.common:CryptoResourceCC26XX_accessSemaphore)
                  20005194    00000050     (.common:CryptoResourceCC26XX_operationSemaphore)
                  200051e4    00000050     (.common:PKAResourceCC26XX_accessSemaphore)
                  20005234    00000050     (.common:PKAResourceCC26XX_operationSemaphore)
                  20005284    00000040     ti_drivers_config.obj (.bss:verifyBuf)
                  200052c4    0000003c     StackWrapper.a : osal_snv_wrapper.o (.bss)
                  20005300    00000034     drivers_cc26x2.a : PINCC26XX.oem4f (.bss:pinSwi)
                  20005334    00000020     OneLib.a : gattservapp.o (.bss)
                  20005354    00000020              : ll.o (.bss)
                  20005374    00000020     StackWrapper.a : gapbondmgr.o (.bss)
                  20005394    00000020                    : gapbondmgr.o (.bss)
                  200053b4    00000020     drivers_cc26x2.a : GPIOCC26XX.oem4f (.bss:gpioCallbackInfo)
                  200053d4    00000020                      : PINCC26XX.oem4f (.bss:pinGpioConfigTable)
                  200053f4    00000020     (.common:ecdhCC26X2Objects)
                  20005414    00000020     (.common:udmaCC26XXObject)
                  20005434    0000001c                      : TRNGCC26XX.oem4f (.bss:TRNGCC26XX_hwi)
                  20005450    0000001c                      : TRNGCC26XX.oem4f (.bss:entropyPool)
                  2000546c    0000001c                      : PINCC26XX.oem4f (.bss:pinHwi)
                  20005488    0000001c     (.common:CryptoResourceCC26XX_hwi)
                  200054a4    0000001c     (.common:PKAResourceCC26XX_hwi)
                  200054c0    00000018     OneLib.a : gapgattserver.o (.bss)
                  200054d8    00000018              : ll_common.o (.bss)
                  200054f0    00000018     (.common:aesccmCC26XXObjects)
                  20005508    00000018     (.common:aesctrCC26XXObjects)
                  20005520    00000018     (.common:aesecbCC26XXObjects)
                  20005538    00000014     rf_multiMode_cc26x2.aem4f : RFCC26X2_multiMode.c.cc26x2.ccs.o (.bss:RF_ratSyncCmd)
                  2000554c    00000014     drivers_cc26x2.a : Random.oem4f (.bss:state)
                  20005560    00000010                      : NVSSPI25X.oem4f (.bss:spiHandles)
                  20005570    0000000c     OneLib.a : ll.o (.bss)
                  2000557c    0000000c              : ll.o (.bss)
                  20005588    0000000c              : ll_scheduler.o (.bss)
                  20005594    0000000c     drivers_cc26x2.a : NVSCC26XX.oem4f (.bss)
                  200055a0    0000000c                      : NVSSPI25X.oem4f (.bss)
                  200055ac    0000000c                      : GPIOCC26XX.oem4f (.bss:gpioPinState)
                  200055b8    0000000c     (.common:nvsSPI25XObjects)
                  200055c4    00000008     OneLib.a : ll.o (.bss)
                  200055cc    00000008     drivers_cc26x2.a : GPIOCC26XX.oem4f (.bss)
                  200055d4    00000004     OneLib.a : gapgattserver.o (.bss)
                  200055d8    00000004              : gattservapp.o (.bss)
                  200055dc    00000004              : ll.o (.bss)
                  200055e0    00000004              : ll.o (.bss)
                  200055e4    00000004              : ll.o (.bss)
                  200055e8    00000004              : ll.o (.bss)
                  200055ec    00000004              : ll.o (.bss)
                  200055f0    00000004              : ll_ae.o (.bss)
                  200055f4    00000004              : ll_common.o (.bss)
                  200055f8    00000004              : ll_enc.o (.bss)
                  200055fc    00000004              : ll_privacy.o (.bss)
                  20005600    00000004     StackWrapper.a : gapbondmgr.o (.bss)
                  20005604    00000004                    : gapbondmgr.o (.bss)
                  20005608    00000004                    : osal.o (.bss)
                  2000560c    00000004                    : osal.o (.bss)
                  20005610    00000004                    : osal.o (.bss)
                  20005614    00000004                    : osal.o (.bss)
                  20005618    00000004                    : osal.o (.bss)
                  2000561c    00000004                    : osal.o (.bss)
                  20005620    00000004                    : osal_bufmgr.o (.bss)
                  20005624    00000004                    : osal_clock.o (.bss)
                  20005628    00000004                    : osal_clock.o (.bss)
                  2000562c    00000004                    : osal_timers.o (.bss)
                  20005630    00000004                    : osal_timers.o (.bss)
                  20005634    00000004                    : osal_timers.o (.bss)
                  20005638    00000004     drivers_cc26x2.a : ECDHCC26X2.oem4f (.bss)
                  2000563c    00000004                      : PINCC26XX.oem4f (.bss)
                  20005640    00000004                      : NVSSPI25X.oem4f (.bss:spiHandleUsers)
                  20005644    00000004     (.common:PowerCC26XX_swiKey)
                  20005648    00000004     (.common:PowerCC26XX_taskKey)
                  2000564c    00000004     (.common:nvsCC26XXObjects)
                  20005650    00000004     (.common:tasksEvents)
                  20005654    00000002     OneLib.a : gapgattserver.o (.bss)
                  20005656    00000002              : ll.o (.bss)
                  20005658    00000002              : ll_slave_end_causes.o (.bss)
                  2000565a    00000002     StackWrapper.a : osal_pwrmgr.o (.bss)
                  2000565c    00000001     OneLib.a : gapgattserver.o (.bss)
                  2000565d    00000001              : gattservapp.o (.bss)
                  2000565e    00000001              : hci_tl.o (.bss)
                  2000565f    00000001              : hci_tl.o (.bss)
                  20005660    00000001              : hci_tl.o (.bss)
                  20005661    00000001              : hci_tl.o (.bss)
                  20005662    00000001              : hci_tl.o (.bss)
                  20005663    00000001              : hci_tl.o (.bss)
                  20005664    00000001              : ll.o (.bss)
                  20005665    00000001              : ll.o (.bss)
                  20005666    00000001              : ll_ae.o (.bss)
                  20005667    00000001              : ll_config.o (.bss)
                  20005668    00000001              : ll_config.o (.bss)
                  20005669    00000001              : ll_enc.o (.bss)
                  2000566a    00000001     StackWrapper.a : ble_dispatch_lite.o (.bss)
                  2000566b    00000001                    : gapbondmgr.o (.bss)
                  2000566c    00000001                    : gapbondmgr.o (.bss)
                  2000566d    00000001                    : hal_assert.o (.bss)
                  2000566e    00000001                    : osal.o (.bss)
                  2000566f    00000001                    : osal_pwrmgr.o (.bss)
                  20005670    00000001     rf_multiMode_cc26x2.aem4f : RFCC26X2_multiMode.c.cc26x2.ccs.o (.bss)
                  20005671    00000001     (.common:driverlib_release_0_58048)

.vtable    0    20005672    00000000     UNINITIALIZED

.vtable_ram 
*          0    20005672    00000000     UNINITIALIZED

vtable_ram 
*          0    20005672    00000000     UNINITIALIZED

.sysmem    0    20005672    00000000     UNINITIALIZED

.nonretenvar 
*          0    20005672    00000000     UNINITIALIZED

.stack     0    20013c00    00000400     UNINITIALIZED
                  20013c00    00000400     --HOLE--

.text      0    000000d0    000189fc     
                  000000d0    00001230     haldi.obj (.text:haldi_taskFxn$2)
                  00001300    000009b8     StackWrapper.a : gapbondmgr.o (.text)
                  00001cb8    00000758                    : gapbondmgr.o (.text)
                  00002410    000006bc     OneLib.a : ll_adv_end_causes.o (.text)
                  00002acc    000004e0              : ll_slave_end_causes.o (.text)
                  00002fac    000004a4     rf_multiMode_cc26x2.aem4f : RFCC26X2_multiMode.c.cc26x2.ccs.o (.text:RF_fsmActiveState)
                  00003450    00000464     OneLib.a : ll.o (.text)
                  000038b4    00000458              : ll_ae.o (.text)
                  00003d0c    00000450              : ll_isr.o (.text)
                  0000415c    00000448     sydantek_r3.obj (.text:AFEinit3)
                  000045a4    000003c4     OneLib.a : ble.o (.text)
                  00004968    00000388              : ll_slave_end_causes.o (.text)
                  00004cf0    00000380              : ll_isr.o (.text)
                  00005070    00000308              : ll.o (.text)
                  00005378    000002f4              : ll_ae.o (.text)
                  0000566c    000002f4     drivers_cc26x2.a : SPICC26X2DMA.oem4f (.text:SPICC26X2DMA_transfer)
                  00005960    000002f4     oad.obj (.text:oadProcessExtControlCmd$9)
                  00005c54    00000290     OneLib.a : ll_scheduler.o (.text)
                  00005ee4    0000025c     nvocmp.obj (.text:NVOCMP_addItem$6)
                  00006140    0000025c     StackWrapper.a : gapbondmgr.o (.text)
                  0000639c    00000250     OneLib.a : ll_data.o (.text)
                  000065ec    0000024c     StackWrapper.a : gapbondmgr.o (.text)
                  00006838    00000248     OneLib.a : ll_ae.o (.text)
                  00006a80    0000023c              : ll_common.o (.text)
                  00006cbc    00000234     drivers_cc26x2.a : SPICC26X2DMA.oem4f (.text:SPICC26X2DMA_hwiFxn)
                  00006ef0    00000220     OneLib.a : ll_ae.o (.text)
                  00007110    00000218     drivers_cc26x2.a : ECDHCC26X2.oem4f (.text:ECDHCC26X2_runFSM)
                  00007328    00000218     nvocmp.obj (.text:NVOCMP_initNv$6)
                  00007540    00000210     rf_multiMode_cc26x2.aem4f : RFCC26X2_multiMode.c.cc26x2.ccs.o (.text:RF_scheduleCmd)
                  00007750    00000204     OneLib.a : gattservapp.o (.text)
                  00007954    00000204              : ll_isr.o (.text)
                  00007b58    00000200     rf_multiMode_cc26x2.aem4f : RFCC26X2_multiMode.c.cc26x2.ccs.o (.text:RF_open)
                  00007d58    000001fe     main.obj (.text:AssertHandler)
                  00007f56    00000002     ti_drivers_config.obj (.text:Board_initHook)
                  00007f58    000001fc     OneLib.a : ll_scheduler.o (.text)
                  00008154    000001ec              : ll_isr.o (.text)
                  00008340    000001e0     osal_icall_ble.obj (.text:stack_main)
                  00008520    000001dc     StackWrapper.a : osal.o (.text)
                  000086fc    000001dc     oad.obj (.text:oadImgBlockWrite$9)
                  000088d8    000001d4     rf_multiMode_cc26x2.aem4f : RFCC26X2_multiMode.c.cc26x2.ccs.o (.text:RF_dispatchNextCmd)
                  00008aac    000001cc     drivers_cc26x2.a : PINCC26XX.oem4f (.text:PIN_init)
                  00008c78    000001c4     OneLib.a : ll.o (.text)
                  00008e3c    00000198     drivers_cc26x2.a : PowerCC26X2.oem4f (.text:Power_sleep)
                  00008fd4    00000190                      : PowerCC26X2_calibrateRCOSC.oem4f (.text:calibrateRcoscHf1)
                  00009164    00000190     icall.obj (.text:icall_directAPI)
                  000092f4    0000018c     drivers_cc26x2.a : PowerCC26X2_calibrateRCOSC.oem4f (.text:runCalibrateFsm)
                  00009480    00000188     nvocmp.obj (.text:NVOCMP_compact$6)
                  00009608    00000178     drivers_cc26x2.a : SPICC26X2DMA.oem4f (.text:SPICC26X2DMA_transferCancel)
                  00009780    00000174     OneLib.a : gattservapp.o (.text)
                  000098f4    00000174              : ll_isr.o (.text)
                  00009a68    00000174     drivers_cc26x2.a : PowerCC26X2.oem4f (.text:Power_init)
                  00009bdc    00000174                      : SPICC26X2DMA.oem4f (.text:configNextTransfer)
                  00009d50    00000168                      : NVSSPI25X.oem4f (.text:NVSSPI25X_write)
                  00009eb8    00000162     StackWrapper.a : osal.o (.text)
                  0000a01a    00000002     ble_user_config.obj (.text:DefaultAssertCback)
                  0000a01c    00000160     driverlib.lib : sys_ctrl.obj (.text:NOROM_SysCtrlStandby)
                  0000a17c    0000015c     crc32.obj (.text:CRC32_calc)
                  0000a2d8    00000154     rf_multiMode_cc26x2.aem4f : RFCC26X2_multiMode.c.cc26x2.ccs.o (.text:RF_radioOpDoneCb)
                  0000a42c    00000150     drivers_cc26x2.a : SPICC26X2DMA.oem4f (.text:SPICC26X2DMA_open)
                  0000a57c    0000014c     OneLib.a : ll_common.o (.text)
                  0000a6c8    0000014c              : ll_isr.o (.text)
                  0000a814    00000148     rf_multiMode_cc26x2.aem4f : RFCC26X2_multiMode.c.cc26x2.ccs.o (.text:RF_fsmSetupState)
                  0000a95c    00000144     StackWrapper.a : gap.o (.text)
                  0000aaa0    00000140     drivers_cc26x2.a : AESCCMCC26XX.oem4f (.text:AESCCM_startOperation)
                  0000abe0    00000140     OneLib.a : gattservapp.o (.text)
                  0000ad20    00000140              : ll_ae.o (.text)
                  0000ae60    00000140     drivers_cc26x2.a : SPICC26X2DMA.oem4f (.text:initIO)
                  0000afa0    0000013c     rf_multiMode_cc26x2.aem4f : RFCC26X2_multiMode.c.cc26x2.ccs.o (.text:RF_ratSetupChannel)
                  0000b0dc    00000138     drivers_cc26x2.a : ECDHCC26X2.oem4f (.text:ECDH_computeSharedSecret)
                  0000b214    00000138                      : NVSCC26XX.oem4f (.text:NVSCC26XX_write)
                  0000b34c    00000134     rf_multiMode_cc26x2.aem4f : RFCC26X2_multiMode.c.cc26x2.ccs.o (.text:RF_abortCmd)
                  0000b480    0000012c     OneLib.a : gap_advertiser.o (.text)
                  0000b5ac    00000124              : ll_scheduler.o (.text)
                  0000b6d0    00000120     nvocmp.obj (.text:NVOCMP_compactPage$6)
                  0000b7f0    00000120     OneLib.a : ll_common.o (.text)
                  0000b910    00000120              : ll_data.o (.text)
                  0000ba30    00000120     drivers_cc26x2.a : PowerCC26X2.oem4f (.text:configureXOSCHF)
                  0000bb50    00000120     haldi.obj (.text:haldi_handleUpdateLinkEvent$2)
                  0000bc70    00000112     rf_multiMode_cc26x2.aem4f : RFCC26X2_multiMode.c.cc26x2.ccs.o (.text:RF_decodeOverridePointers)
                  0000bd82    00000002     rom_init.obj (.text:MAP_llDmmDynamicFree)
                  0000bd84    00000110     drivers_cc26x2.a : GPIOCC26XX.oem4f (.text:GPIO_setConfig)
                  0000be94    00000110     rf_multiMode_cc26x2.aem4f : RFCC26X2_multiMode.c.cc26x2.ccs.o (.text:RF_initRadioSetup)
                  0000bfa4    0000010c     OneLib.a : gatt_client.o (.text)
                  0000c0b0    0000010c              : ll_isr.o (.text)
                  0000c1bc    00000108              : gap_task.o (.text)
                  0000c2c4    00000106     project_zero_app_pem4f.oem4f (.text:xdc_runtime_System_printfExtend__I)
                  0000c3ca    00000002     rom_init.obj (.text:MAP_llDmmSetThreshold)
                  0000c3cc    00000104     drivers_cc26x2.a : AESECBCC26XX.oem4f (.text:AESECB_startOperation)
                  0000c4d0    00000104     rf_multiMode_cc26x2.aem4f : RFCC26X2_multiMode.c.cc26x2.ccs.o (.text:RF_hwiCpe0Active)
                  0000c5d4    00000100     nvocmp.obj (.text:NVOCMP_findItem$6)
                  0000c6d4    000000fc     rtsv7M4_T_le_v4SPD16_eabi.lib : fd_mul_t2.asm.obj (.text)
                  0000c7d0    000000f8     drivers_cc26x2.a : NVSSPI25X.oem4f (.text:NVSSPI25X_open)
                  0000c8c8    000000f8     OneLib.a : sm_rsppairing.o (.text)
                  0000c9c0    000000f8     drivers_cc26x2.a : PINCC26XX.oem4f (.text:PINCC26XX_setIoCfg)
                  0000cab8    000000f4                      : AESCTRCC26XX.oem4f (.text:AESCTR_startOperation)
                  0000cbac    000000f4                      : SPICC26X2DMA.oem4f (.text:SPICC26X2DMA_control)
                  0000cca0    000000f4     UartLog.obj (.text:UartLog_log)
                  0000cd94    000000f0     OneLib.a : ll_common.o (.text)
                  0000ce84    000000f0              : ll_scheduler.o (.text)
                  0000cf74    000000f0     rf_multiMode_cc26x2.aem4f : RFCC26X2_multiMode.c.cc26x2.ccs.o (.text:RF_fsmPowerUpState)
                  0000d064    000000ec     oad.obj (.text:oadImgIdentifyWrite$9)
                  0000d150    000000e4     OneLib.a : gapgattserver.o (.text)
                  0000d234    000000e4              : ll_ae.o (.text)
                  0000d318    000000e0     StackWrapper.a : osal_timers.o (.text)
                  0000d3f8    000000d8     rf_multiMode_cc26x2.aem4f : RFCC26X2_multiMode.c.cc26x2.ccs.o (.text:RF_control)
                  0000d4d0    000000d8                               : RFCC26X2_multiMode.c.cc26x2.ccs.o (.text:RF_pendCmd)
                  0000d5a8    000000d8     driverlib.lib : setup.obj (.text:TrimAfterColdResetWakeupFromShutDown$32)
                  0000d680    000000d4     drivers_cc26x2.a : ECDHCC26X2.oem4f (.text:ECDH_generatePublicKey)
                  0000d754    000000d2     rf_multiMode_cc26x2.aem4f : RFCC26X2_multiMode.c.cc26x2.ccs.o (.text:RF_updatePaConfiguration)
                  0000d826    00000002     rom_init.obj (.text:MAP_rf_patch_rfe)
                  0000d828    000000d0     rf_multiMode_cc26x2.aem4f : RFCC26X2_multiMode.c.cc26x2.ccs.o (.text:RF_swiHw)
                  0000d8f8    000000cc     OneLib.a : hci_event.o (.text)
                  0000d9c4    000000cc     StackWrapper.a : osal.o (.text)
                  0000da90    000000c8     OneLib.a : gap_scanner.o (.text)
                  0000db58    000000c8              : gapgattserver.o (.text)
                  0000dc20    000000c8              : ll_scheduler.o (.text)
                  0000dce8    000000c8     dpl_cc26x2.a : PowerCC26X2_tirtos.oem4f (.text:PowerCC26XX_standbyPolicy)
                  0000ddb0    000000c4     drivers_cc26x2.a : GPIOCC26XX.oem4f (.text:GPIO_init)
                  0000de74    000000c0                      : AESCTRDRBGXX.oem4f (.text:AESCTRDRBG_getBytes)
                  0000df34    000000c0     nvocmp.obj (.text:NVOCMP_erase$6)
                  0000dff4    000000c0     OneLib.a : ll.o (.text)
                  0000e0b4    000000c0     drivers_cc26x2.a : PowerCC26X2.oem4f (.text:Power_releaseDependency)
                  0000e174    000000bc     OneLib.a : ll_ecc.o (.text)
                  0000e230    000000b8              : ll.o (.text)
                  0000e2e8    000000b8              : ll_isr.o (.text)
                  0000e3a0    000000b8              : ll_scheduler.o (.text)
                  0000e458    000000b8              : ll_scheduler.o (.text)
                  0000e510    000000b8              : ll_slave_end_causes.o (.text)
                  0000e5c8    000000b8     drivers_cc26x2.a : PowerCC26X2.oem4f (.text:Power_setDependency)
                  0000e680    000000b8     StackWrapper.a : gapbondmgr.o (.text)
                  0000e738    000000b8     drivers_cc26x2.a : NVSSPI25X.oem4f (.text:doErase)
                  0000e7f0    000000b4     OneLib.a : ll_ae.o (.text)
                  0000e8a4    000000b4     drivers_cc26x2.a : TRNGCC26XX.oem4f (.text:TRNG_generateEntropy)
                  0000e958    000000b0                      : AESCTRDRBGXX.oem4f (.text:AESCTRDRBG_construct)
                  0000ea08    000000b0     devinfoservice.obj (.text:devInfo_ReadAttrCB$13)
                  0000eab8    000000ac     drivers_cc26x2.a : ECDHCC26X2.oem4f (.text:ECDHCC26X2_hwiFxn)
                  0000eb64    000000ac                      : PINCC26XX.oem4f (.text:PIN_open)
                  0000ec10    000000a8     driverlib.lib : setup.obj (.text:NOROM_SetupTrimDevice)
                  0000ecb8    000000a8     nvocmp.obj (.text:NVOCMP_initNvApi$6)
                  0000ed60    000000a8     OneLib.a : hci_data.o (.text)
                  0000ee08    000000a8     StackWrapper.a : gapbondmgr.o (.text)
                  0000eeb0    000000a8     main.obj (.text:main)
                  0000ef58    000000a6     drivers_cc26x2.a : AESCTRDRBGXX.oem4f (.text:AESCTRDRBG_reseed)
                  0000effe    00000002     rf_multiMode_cc26x2.aem4f : rfc.c.cc26x2.ccs.o (.text:NOROM_RFCCpePatchReset)
                  0000f000    000000a4                               : RFCC26X2_multiMode.c.cc26x2.ccs.o (.text:RF_ratRestartChannels)
                  0000f0a4    000000a4     StackWrapper.a : osal_cbtimer.o (.text)
                  0000f148    000000a0     OneLib.a : gattservapp.o (.text)
                  0000f1e8    000000a0              : ll_ae.o (.text)
                  0000f288    000000a0              : ll_common.o (.text)
                  0000f328    000000a0     sydantek_r3.obj (.text:SendtoAFE2)
                  0000f3c8    000000a0     auto_init.aem4f : auto_init.oem4f (.text)
                  0000f468    000000a0     rom_sysbios.aem4f : rom_sysbios.obj (.text:ti_sysbios_knl_Task_setPri__E)
                  0000f508    0000009c     nvocmp.obj (.text:NVOCMP_readHeader$6)
                  0000f5a4    0000009c     OneLib.a : ll_common.o (.text)
                  0000f640    0000009c              : ll_ecc.o (.text)
                  0000f6dc    0000009c     haldi.obj (.text:haldi_updatePHYStat$2)
                  0000f778    0000009c     rtsv7M4_T_le_v4SPD16_eabi.lib : memcpy_t2.asm.obj (.text)
                  0000f814    00000098     OneLib.a : gattservapp.o (.text)
                  0000f8ac    00000098              : hci_event.o (.text)
                  0000f944    00000098              : ll_enc.o (.text)
                  0000f9dc    00000098     rf_multiMode_cc26x2.aem4f : RFCC26X2_multiMode.c.cc26x2.ccs.o (.text:RF_calculateDispatchTime)
                  0000fa74    00000096     rtsv7M4_T_le_v4SPD16_eabi.lib : ull_div_t2.asm.obj (.text)
                  0000fb0a    00000002     drivers_cc26x2.a : NVSSPI25X.oem4f (.text:NVSSPI25X_deinitSpiCs)
                  0000fb0c    00000094     icall.obj (.text:ICall_setTimer)
                  0000fba0    00000094     OneLib.a : gatt_server.o (.text)
                  0000fc34    00000094              : ll.o (.text)
                  0000fcc8    00000094              : ll_scheduler.o (.text)
                  0000fd5c    00000094     rf_multiMode_cc26x2.aem4f : RFCC26X2_multiMode.c.cc26x2.ccs.o (.text:RF_getInfo)
                  0000fdf0    00000094     drivers_cc26x2.a : TRNGCC26XX.oem4f (.text:TRNGCC26XX_hwiFxn)
                  0000fe84    00000090     OneLib.a : ll.o (.text)
                  0000ff14    00000090              : ll_ae.o (.text)
                  0000ffa4    00000090     rf_multiMode_cc26x2.aem4f : RFCC26X2_multiMode.c.cc26x2.ccs.o (.text:RF_discardPendCmd)
                  00010034    00000090     osal_icall_ble.obj (.text:osalInitTasks)
                  000100c4    0000008e     drivers_cc26x2.a : CryptoUtils.oem4f (.text:CryptoUtils_reverseCopyPad)
                  00010152    00000002     OneLib.a : ll.o (.text)
                  00010154    0000008c     icall.obj (.text:ICall_heapMalloc)
                  000101e0    0000008c     OneLib.a : ll_common.o (.text)
                  0001026c    0000008c     haldi.obj (.text:haldi_sendParamUpdate$2)
                  000102f8    0000008c     rom_sysbios.aem4f : rom_sysbios.obj (.text:ti_sysbios_gates_GateMutexPri_enter__E)
                  00010384    0000008a     drivers_cc26x2.a : AESCTRDRBGXX.oem4f (.text:AESCTRDRBGXX_updateState)
                  0001040e    00000002     OneLib.a : ll.o (.text)
                  00010410    00000088     driverlib.lib : osc.obj (.text:NOROM_OSCHF_AttemptToSwitchToXosc)
                  00010498    00000088     OneLib.a : hci_event.o (.text)
                  00010520    00000088     rf_multiMode_cc26x2.aem4f : RFCC26X2_multiMode.c.cc26x2.ccs.o (.text:RF_cmdDispatchTime)
                  000105a8    00000088     StackWrapper.a : osal_cbtimer.o (.text)
                  00010630    00000088     drivers_cc26x2.a : PowerCC26X2_calibrateRCOSC.oem4f (.text:calibrateRcoscHf2)
                  000106b8    00000088                      : PowerCC26X2.oem4f (.text:disableLFClockQualifiers)
                  00010740    00000088                      : PowerCC26X2_calibrateRCOSC.oem4f (.text:updateSubSecInc)
                  000107c8    00000084                      : NVSSPI25X.oem4f (.text:NVSSPI25X_close)
                  0001084c    00000084     rf_multiMode_cc26x2.aem4f : RFCC26X2_multiMode.c.cc26x2.ccs.o (.text:RF_issueRadioFreeCb)
                  000108d0    00000084                               : RFCC26X2_multiMode.c.cc26x2.ccs.o (.text:RF_verifyGap)
                  00010954    00000084     oad.obj (.text:oadSendNotification$9)
                  000109d8    00000080     drivers_cc26x2.a : NVSCC26XX.oem4f (.text:NVSCC26XX_open)
                  00010a58    00000080     OneLib.a : ll_enc.o (.text)
                  00010ad8    00000080     oad.obj (.text:oadResetState$9)
                  00010b58    00000080     oad.obj (.text:oadWriteAttrCB$9)
                  00010bd8    00000080     rom_sysbios.aem4f : rom_sysbios.obj (.text:ti_sysbios_family_arm_cc26xx_Timer_start__E)
                  00010c58    0000007e     OneLib.a : gap_task.o (.text)
                  00010cd6    00000002     rf_multiMode_cc26x2.aem4f : RFCC26X2_multiMode.c.cc26x2.ccs.o (.text:RF_defaultCallback)
                  00010cd8    0000007c     nvocmp.obj (.text:NVOCMP_readItemApi$6)
                  00010d54    0000007c     OneLib.a : ll_enc.o (.text)
                  00010dd0    0000007c     rf_multiMode_cc26x2.aem4f : RFCC26X2_multiMode.c.cc26x2.ccs.o (.text:RF_ratFreeChannel)
                  00010e4c    0000007c     StackWrapper.a : gapbondmgr.o (.text)
                  00010ec8    0000007c     drivers_cc26x2.a : NVSSPI25X.oem4f (.text:doRead)
                  00010f44    0000007a     OneLib.a : gattservapp.o (.text)
                  00010fbe    0000007a     rtsv7M4_T_le_v4SPD16_eabi.lib : memset_t2.asm.obj (.text)
                  00011038    00000078     icall.obj (.text:ICall_heapInit)
                  000110b0    00000078     nvocmp.obj (.text:NVOCMP_checkItem$6)
                  00011128    00000078     OneLib.a : ll_common.o (.text)
                  000111a0    00000078     StackWrapper.a : osal_cbtimer.o (.text)
                  00011218    00000078     drivers_cc26x2.a : NVSSPI25X.oem4f (.text:doWriteVerify)
                  00011290    00000076     StackWrapper.a : gap.o (.text)
                  00011306    00000002                    : common_rom_init.o (.text)
                  00011308    00000074     nvocmp.obj (.text:NVOCMP_writeItemApi$6)
                  0001137c    00000074     drivers_cc26x2.a : PowerCC26X2_calibrateRCOSC.oem4f (.text:PowerCC26X2_auxISR)
                  000113f0    00000074                      : TRNGCC26XX.oem4f (.text:TRNG_construct)
                  00011464    00000074     rom_sysbios.aem4f : rom_sysbios.obj (.text:ti_sysbios_gates_GateMutexPri_leave__E)
                  000114d8    00000072     rf_multiMode_cc26x2.aem4f : RFCC26X2_multiMode.c.cc26x2.ccs.o (.text:RF_detachOverrides)
                  0001154a    00000072     drivers_cc26x2.a : SPICC26X2DMA.oem4f (.text:csnCallback)
                  000115bc    00000070                      : AESCCMCC26XX.oem4f (.text:AESCCM_cleanup)
                  0001162c    00000070     icall.obj (.text:ICall_heapGetStats)
                  0001169c    00000070     rf_multiMode_cc26x2.aem4f : rfc.c.cc26x2.ccs.o (.text:NOROM_RFCAnaDivTxOverride)
                  0001170c    00000070     nvocmp.obj (.text:NVOCMP_eraseNvApi$6)
                  0001177c    00000070     OneLib.a : gatt_server.o (.text)
                  000117ec    00000070              : ll_common.o (.text)
                  0001185c    00000070              : ll_enc.o (.text)
                  000118cc    00000070     drivers_cc26x2.a : PINCC26XX.oem4f (.text:PIN_add)
                  0001193c    00000070     rf_multiMode_cc26x2.aem4f : RFCC26X2_multiMode.c.cc26x2.ccs.o (.text:RF_ratDisableChannel)
                  000119ac    00000070     drivers_cc26x2.a : Random.oem4f (.text:Random_seedAutomatic)
                  00011a1c    00000070     StackWrapper.a : osal.o (.text)
                  00011a8c    0000006e     OneLib.a : gatt_server.o (.text)
                  00011afa    0000006e     rf_multiMode_cc26x2.aem4f : RFCC26X2_multiMode.c.cc26x2.ccs.o (.text:RF_attachOverrides)
                  00011b68    0000006e                               : RFCC26X2_multiMode.c.cc26x2.ccs.o (.text:RF_howToSchedule)
                  00011bd6    00000002     StackWrapper.a : hal_assert.o (.text)
                  00011bd8    0000006d     rom_sysbios.aem4f : rom_sysbios.obj (.text:xdc_runtime_System_formatNum__I)
                  00011c45    00000001     --HOLE-- [fill = 0]
                  00011c46    00000002     StackWrapper.a : hal_assert.o (.text)
                  00011c48    0000006c     driverlib.lib : chipinfo.obj (.text:NOROM_ChipInfo_GetChipType)
                  00011cb4    0000006c     nvocmp.obj (.text:NVOCMP_getDstPage$6)
                  00011d20    0000006c     OneLib.a : ll_common.o (.text)
                  00011d8c    0000006c              : ll_isr.o (.text)
                  00011df8    0000006c     rf_multiMode_cc26x2.aem4f : RFCC26X2_multiMode.c.cc26x2.ccs.o (.text:RF_getCurrentTime)
                  00011e64    0000006c     StackWrapper.a : osal_cbtimer.o (.text)
                  00011ed0    0000006c     oad.obj (.text:oadFindCurrentImageHdr$9)
                  00011f3c    0000006c     haldi.obj (.text:util_arrtohex$2)
                  00011fa8    00000068     drivers_cc26x2.a : CryptoUtils.oem4f (.text:CryptoUtils_copyPad)
                  00012010    00000068     icall.obj (.text:ICall_send)
                  00012078    00000068     icall.obj (.text:ICall_sendServiceComplete)
                  000120e0    00000068     driverlib.lib : osc.obj (.text:NOROM_OSCHF_SwitchToRcOscTurnOffXosc)
                  00012148    00000068     OneLib.a : gattservapp.o (.text)
                  000121b0    00000068     rf_multiMode_cc26x2.aem4f : RFCC26X2_multiMode.c.cc26x2.ccs.o (.text:RF_hwiHw)
                  00012218    00000068     StackWrapper.a : osal_timers.o (.text)
                  00012280    00000068     rtsv7M4_T_le_v4SPD16_eabi.lib : copy_decompress_lzss.c.obj (.text:decompress:lzss:__TI_decompress_lzss)
                  000122e8    00000066     OneLib.a : ll_common.o (.text)
                  0001234e    00000002     StackWrapper.a : onboard.o (.text)
                  00012350    00000064     drivers_cc26x2.a : AESCCMCC26XX.oem4f (.text:AESCCM_waitForResult)
                  000123b4    00000064                      : AESCTRCC26XX.oem4f (.text:AESCTR_waitForResult)
                  00012418    00000064                      : AESECBCC26XX.oem4f (.text:AESECB_waitForResult)
                  0001247c    00000064     nvocmp.obj (.text:NVOCMP_findSignature$6)
                  000124e0    00000064     OneLib.a : gapgattserver.o (.text)
                  00012544    00000064              : gattservapp.o (.text)
                  000125a8    00000064     rf_multiMode_cc26x2.aem4f : RFCC26X2_multiMode.c.cc26x2.ccs.o (.text:RF_dispatchNextEvent)
                  0001260c    00000064     sydantek_r3.obj (.text:WriteAttribute$4)
                  00012670    00000062     ti_drivers_config.obj (.text:Board_sendExtFlashByte)
                  000126d2    00000062     gattservapp_util.obj (.text:GATTServApp_ProcessCCCWriteReq)
                  00012734    00000062     rf_multiMode_cc26x2.aem4f : RFCC26X2_multiMode.c.cc26x2.ccs.o (.text:RF_syncCb)
                  00012796    00000062     StackWrapper.a : icall_lite_translation.o (.text)
                  000127f8    00000060     drivers_cc26x2.a : AESCCMCC26XX.oem4f (.text:AESCCM_hwiFxn)
                  00012858    00000060                      : AESCTRCC26XX.oem4f (.text:AESCTR_hwiFxn)
                  000128b8    00000060                      : AESECBCC26XX.oem4f (.text:AESECB_hwiFxn)
                  00012918    00000060                      : CryptoResourceCC26XX.oem4f (.text:CryptoResourceCC26XX_constructRTOSObjects)
                  00012978    00000060                      : GPIOCC26XX.oem4f (.text:GPIO_write)
                  000129d8    00000060     icall.obj (.text:ICall_createRemoteTasksAtRuntime)
                  00012a38    00000060     icall.obj (.text:ICall_enrollService)
                  00012a98    00000060     OneLib.a : ll_ae.o (.text)
                  00012af8    00000060              : ll_common.o (.text)
                  00012b58    00000060     drivers_cc26x2.a : PKAResourceCC26XX.oem4f (.text:PKAResourceCC26XX_constructRTOSObjects)
                  00012bb8    00000060     rf_multiMode_cc26x2.aem4f : RFCC26X2_multiMode.c.cc26x2.ccs.o (.text:RF_applyRfCorePatch)
                  00012c18    00000060     sydantek_r3.obj (.text:ReadDataFromAFEasynchronous)
                  00012c78    00000060     StackWrapper.a : gapbondmgr.o (.text)
                  00012cd8    00000060     drivers_cc26x2.a : TRNGCC26XX.oem4f (.text:TRNGCC26XX_startTrng)
                  00012d38    0000005e     icall.obj (.text:ICall_fetchMsg)
                  00012d96    00000002     rtsv7M4_T_le_v4SPD16_eabi.lib : _lock.c.obj (.text:_nop)
                  00012d98    0000005c     icall.obj (.text:ICall_pwrUpdActivityCounter)
                  00012df4    0000005c     nvocmp.obj (.text:NVOCMP_readItem$6)
                  00012e50    0000005c     OneLib.a : gap_perilinkmgr.o (.text)
                  00012eac    0000005c              : ll_scheduler.o (.text)
                  00012f08    0000005c     drivers_cc26x2.a : PINCC26XX.oem4f (.text:PIN_remove)
                  00012f64    0000005c                      : NVSCC26XX.oem4f (.text:doErase)
                  00012fc0    0000005c                      : SPICC26X2DMA.oem4f (.text:initHw)
                  0001301c    0000005c     oad.obj (.text:oadCheckDL$9)
                  00013078    0000005c     project_zero_app_pem4f.oem4f (.text:xdc_runtime_Startup_getState__I)
                  000130d4    00000058     drivers_cc26x2.a : ECDHCC26X2.oem4f (.text:ECDH_construct)
                  0001312c    00000058     icall.obj (.text:ICall_wait)
                  00013184    00000058     sydantek_r3.obj (.text:NextScanBuffer)
                  000131dc    00000058     OneLib.a : ll_ae.o (.text)
                  00013234    00000058              : ll_common.o (.text)
                  0001328c    00000058              : ll_enc.o (.text)
                  000132e4    00000058              : ll_isr.o (.text)
                  0001333c    00000058     drivers_cc26x2.a : PowerCC26X2_calibrateRCOSC.oem4f (.text:PowerCC26X2_initiateCalibration)
                  00013394    00000058     rf_multiMode_cc26x2.aem4f : RFCC26X2_multiMode.c.cc26x2.ccs.o (.text:RF_hwiCpe0PowerFsm)
                  000133ec    00000058     StackWrapper.a : sm_ecc.o (.text)
                  00013444    00000058     drivers_cc26x2.a : TRNGCC26XX.oem4f (.text:TRNG_init)
                  0001349c    00000058     util.obj (.text:Util_constructClock)
                  000134f4    00000058     boot.aem4f : boot.oem4f (.text)
                  0001354c    00000058     drivers_cc26x2.a : NVSSPI25X.oem4f (.text:extFlashWaitReady)
                  000135a4    00000058     haldi.obj (.text:haldi_enqueueMsg$2)
                  000135fc    00000056     rf_multiMode_cc26x2.aem4f : RFCC26X2_multiMode.c.cc26x2.ccs.o (.text:RF_defaultSubmitPolicy)
                  00013652    00000002     drivers_cc26x2.a : PowerCC26X2.oem4f (.text:emptyClockFunc)
                  00013654    00000054                      : AESCCMCC26XX.oem4f (.text:AESCCM_construct)
                  000136a8    00000054                      : AESCTRCC26XX.oem4f (.text:AESCTR_construct)
                  000136fc    00000054                      : AESECBCC26XX.oem4f (.text:AESECB_construct)
                  00013750    00000054     driverlib.lib : prcm.obj (.text:NOROM_PRCMPowerDomainsAllOff)
                  000137a4    00000054     nvocmp.obj (.text:NVOCMP_doNVCRC$6)
                  000137f8    00000054     drivers_cc26x2.a : NVSCC26XX.oem4f (.text:NVSCC26XX_init)
                  0001384c    00000054     OneLib.a : gattservapp.o (.text)
                  000138a0    00000054              : hci_event.o (.text)
                  000138f4    00000054              : ll.o (.text)
                  00013948    00000054              : ll_ae.o (.text)
                  0001399c    00000054              : ll_ae.o (.text)
                  000139f0    00000054              : ll_ae.o (.text)
                  00013a44    00000054     rf_multiMode_cc26x2.aem4f : RFCC26X2_multiMode.c.cc26x2.ccs.o (.text:RF_fsmXOSCState)
                  00013a98    00000054     StackWrapper.a : osal_bufmgr.o (.text)
                  00013aec    00000054     drivers_cc26x2.a : StructRingBuf.oem4f (.text:StructRingBuf_put)
                  00013b40    00000054     dpl_cc26x2.a : SwiP_tirtos.oem4f (.text:SwiP_construct)
                  00013b94    00000054     rf_multiMode_cc26x2.aem4f : rf_patch_cpe_bt5.c.cc26x2.ccs.o (.text:configureBt5Patch)
                  00013be8    00000052     OneLib.a : gap_centlinkmgr.o (.text)
                  00013c3a    00000050     drivers_cc26x2.a : AESCTRDRBGXX.oem4f (.text:AESCTRDRBGXX_addBigendCounter)
                  00013c8a    00000002                      : CryptoResourceCC26XX.oem4f (.text:errorSpin)
                  00013c8c    00000050     nvocmp.obj (.text:NVOCMP_compactNvApi$6)
                  00013cdc    00000050     OneLib.a : gap_perilinkmgr.o (.text)
                  00013d2c    00000050              : hci_tl.o (.text)
                  00013d7c    00000050              : ll_common.o (.text)
                  00013dcc    00000050              : ll_enc.o (.text)
                  00013e1c    00000050     drivers_cc26x2.a : SPICC26X2DMA.oem4f (.text:SPICC26X2DMA_close)
                  00013e6c    00000050     StackWrapper.a : osal.o (.text)
                  00013ebc    00000050                    : osal_clock.o (.text)
                  00013f0c    00000050     drivers_cc26x2.a : TRNGCC26XX.oem4f (.text:TRNGCC26XX_waitForResult)
                  00013f5c    00000050                      : NVSSPI25X.oem4f (.text:extFlashSpiWrite)
                  00013fac    0000004e     StackWrapper.a : gap.o (.text)
                  00013ffa    00000002     drivers_cc26x2.a : PKAResourceCC26XX.oem4f (.text:errorSpin)
                  00013ffc    0000004c     icall.obj (.text:ICall_newTask$22)
                  00014048    0000004c     driverlib.lib : prcm.obj (.text:NOROM_PRCMPowerDomainsAllOn)
                  00014094    0000004c     nvocmp.obj (.text:NVOCMP_loadApiPtrsMin)
                  000140e0    0000004c     nvocmp.obj (.text:NVOCMP_setItemInactive$6)
                  0001412c    0000004c     OneLib.a : ll_scheduler.o (.text)
                  00014178    0000004c     rf_multiMode_cc26x2.aem4f : RFCC26X2_multiMode.c.cc26x2.ccs.o (.text:RF_wakeupNotification)
                  000141c4    0000004c     drivers_cc26x2.a : StructRingBuf.oem4f (.text:StructRingBuf_get)
                  00014210    0000004c                      : UDMACC26XX.oem4f (.text:UDMACC26XX_open)
                  0001425c    0000004c     rtsv7M4_T_le_v4SPD16_eabi.lib : cpy_tbl.c.obj (.text:copy_in)
                  000142a8    00000048     ti_drivers_config.obj (.text:Board_wakeUpExtFlash)
                  000142f0    00000048     rf_multiMode_cc26x2.aem4f : rfc.c.cc26x2.ccs.o (.text:NOROM_RFCSynthPowerDown)
                  00014338    00000048     nvocmp.obj (.text:NVOCMP_write$6)
                  00014380    00000048     drivers_cc26x2.a : NVSSPI25X.oem4f (.text:NVSSPI25X_read)
                  000143c8    00000048                      : NVS.oem4f (.text:NVS_open)
                  00014410    00000048     OneLib.a : gattservapp.o (.text)
                  00014458    00000048              : ll.o (.text)
                  000144a0    00000048              : ll.o (.text)
                  000144e8    00000048     drivers_cc26x2.a : PowerCC26X2_calibrateRCOSC.oem4f (.text:PowerCC26X2_RCOSC_clockFunc)
                  00014530    00000048                      : PowerCC26X2.oem4f (.text:PowerCC26XX_switchXOSC_HF)
                  00014578    00000048                      : NVSCC26XX.oem4f (.text:disableFlashCache)
                  000145c0    00000048                      : NVSSPI25X.oem4f (.text:extFlashMassErase)
                  00014608    00000048     haldi.obj (.text:haldi_clearConnListEntry$2)
                  00014650    00000048     drivers_cc26x2.a : PowerCC26X2.oem4f (.text:switchXOSCHF)
                  00014698    00000044                      : ECDHCC26X2.oem4f (.text:ECDHCC26X2_waitForResult)
                  000146dc    00000044     driverlib.lib : chipinfo.obj (.text:NOROM_ChipInfo_GetHwRevision)
                  00014720    00000044     nvocmp.obj (.text:NVOCMP_getFreeNvApi$6)
                  00014764    00000044     drivers_cc26x2.a : NVSCC26XX.oem4f (.text:NVSCC26XX_read)
                  000147a8    00000044     OneLib.a : ll.o (.text)
                  000147ec    00000044              : ll.o (.text)
                  00014830    00000044              : ll_ae.o (.text)
                  00014874    00000044              : ll_common.o (.text)
                  000148b8    00000044              : ll_isr.o (.text)
                  000148fc    00000044     drivers_cc26x2.a : PINCC26XX.oem4f (.text:PIN_swi)
                  00014940    00000044     sydantek_r3.obj (.text:ReadAttribute$4)
                  00014984    00000044     sydantek_r3.obj (.text:SPICallbackFunction)
                  000149c8    00000044     drivers_cc26x2.a : SPI.oem4f (.text:SPI_init)
                  00014a0c    00000044     StackWrapper.a : osal.o (.text)
                  00014a50    00000044                    : osal_timers.o (.text)
                  00014a94    00000044     rtsv7M4_T_le_v4SPD16_eabi.lib : fd_tou_t2.asm.obj (.text)
                  00014ad8    00000042     OneLib.a : ll.o (.text)
                  00014b1a    00000042     drivers_cc26x2.a : SPICC26X2DMA.oem4f (.text:SPICC26X2DMA_swiFxn)
                  00014b5c    00000040     dpl_cc26x2.a : ClockP_tirtos.oem4f (.text:ClockP_construct)
                  00014b9c    00000040     drivers_cc26x2.a : ECDHCC26X2.oem4f (.text:ECDHCC26X2_getPublicKeyResult)
                  00014bdc    00000040     driverlib.lib : osc.obj (.text:NOROM_OSC_HPOSCRelativeFrequencyOffsetGet)
                  00014c1c    00000040     OneLib.a : gap_configmgr.o (.text)
                  00014c5c    00000040              : gattservapp.o (.text)
                  00014c9c    00000040              : linkdb.o (.text)
                  00014cdc    00000040              : ll_scheduler.o (.text)
                  00014d1c    00000040     drivers_cc26x2.a : PowerCC26X2.oem4f (.text:PowerCC26XX_isStableXOSC_HF)
                  00014d5c    00000040                      : Random.oem4f (.text:Random_getNumber)
                  00014d9c    00000040                      : SPI.oem4f (.text:SPI_open)
                  00014ddc    00000040     sydantek_r3.obj (.text:SendtoAFE)
                  00014e1c    00000040     StackWrapper.a : osal.o (.text)
                  00014e5c    00000040                    : osal_bufmgr.o (.text)
                  00014e9c    00000040                    : osal_bufmgr.o (.text)
                  00014edc    00000040                    : osal_timers.o (.text)
                  00014f1c    00000040     drivers_cc26x2.a : TRNGCC26XX.oem4f (.text:TRNGCC26XX_copyToClient)
                  00014f5c    00000040     rtsv7M4_T_le_v4SPD16_eabi.lib : u_divt2.asm.obj (.text)
                  00014f9c    00000040     rom_sysbios.aem4f : rom_sysbios.obj (.text:ti_sysbios_family_arm_cc26xx_Timer_setThreshold__I)
                  00014fdc    00000040                       : rom_sysbios.obj (.text:ti_sysbios_heaps_HeapCallback_Module_startup__E)
                  0001501c    0000003e     dpl_cc26x2.a : HwiP_tirtos.oem4f (.text:HwiP_construct)
                  0001505a    00000002     icall_api_lite.obj (.text:rfErrCb)
                  0001505c    0000003c     nvocmp.obj (.text:NVOCMP_disableCache$6)
                  00015098    0000003c     OneLib.a : gap_linkmgr.o (.text)
                  000150d4    0000003c              : gattservapp.o (.text)
                  00015110    0000003c              : gattservapp.o (.text)
                  0001514c    0000003c              : gattservapp.o (.text)
                  00015188    0000003c              : ll_ae.o (.text)
                  000151c4    0000003c     drivers_cc26x2.a : PINCC26XX.oem4f (.text:PIN_setInterrupt)
                  00015200    0000003c                      : PINCC26XX.oem4f (.text:PIN_setOutputValue)
                  0001523c    0000003c     rf_multiMode_cc26x2.aem4f : RFCC26X2_multiMode.c.cc26x2.ccs.o (.text:RF_cmdGet)
                  00015278    0000003c                               : RFCC26X2_multiMode.c.cc26x2.ccs.o (.text:RF_cmdStoreEvents)
                  000152b4    0000003c     StackWrapper.a : osal.o (.text)
                  000152f0    0000003c                    : osal.o (.text)
                  0001532c    0000003c                    : osal.o (.text)
                  00015368    0000003c                    : osal_timers.o (.text)
                  000153a4    0000003c                    : sm_ecc.o (.text)
                  000153e0    0000003c     drivers_cc26x2.a : NVSCC26XX.oem4f (.text:checkEraseRange)
                  0001541c    0000003c     haldi.obj (.text:haldi_createTask)
                  00015458    0000003c     oad.obj (.text:oadValidateCandidateHdr$9)
                  00015494    0000003c     rom_sysbios.aem4f : rom_sysbios.obj (.text:ti_sysbios_family_arm_m3_Hwi_construct2__E)
                  000154d0    0000003a     StackWrapper.a : osal.o (.text)
                  0001550a    0000003a     drivers_cc26x2.a : NVSSPI25X.oem4f (.text:checkEraseRange)
                  00015544    0000003a     oad.obj (.text:oadEraseExtFlashPages$9)
                  0001557e    00000002     rtsv7M4_T_le_v4SPD16_eabi.lib : div0.asm.obj (.text)
                  00015580    00000038     ti_drivers_config.obj (.text:Board_shutDownExtFlash)
                  000155b8    00000038     OneLib.a : hci.o (.text)
                  000155f0    00000038              : ll_enc.o (.text)
                  00015628    00000038              : ll_scheduler.o (.text)
                  00015660    00000038     drivers_cc26x2.a : PINCC26XX.oem4f (.text:PIN_setConfig)
                  00015698    00000038     rf_multiMode_cc26x2.aem4f : RFCC26X2_multiMode.c.cc26x2.ccs.o (.text:RF_checkCmdFsError)
                  000156d0    00000038                               : RFCC26X2_multiMode.c.cc26x2.ccs.o (.text:RF_powerConstraintRelease)
                  00015708    00000038     StackWrapper.a : osal_timers.o (.text)
                  00015740    00000038     drivers_cc26x2.a : PowerCC26X2.oem4f (.text:notify)
                  00015778    00000038     rom_sysbios.aem4f : rom_sysbios.obj (.text:ti_sysbios_family_arm_cc26xx_Timer_getCurrentTick__E)
                  000157b0    00000036     drivers_cc26x2.a : ECDHCC26X2.oem4f (.text:ECDHCC26X2_convertReturnValue)
                  000157e6    00000036     StackWrapper.a : ble_dispatch_lite.o (.text)
                  0001581c    00000036     drivers_cc26x2.a : UDMACC26XX.oem4f (.text:UDMACC26XX_close)
                  00015852    00000036     rom_sysbios.aem4f : rom_sysbios.obj (.text:ti_sysbios_family_arm_cc26xx_Timer_setNextTick__E)
                  00015888    00000034     gattservapp_util.obj (.text:GATTServApp_InitCharCfg)
                  000158bc    00000034     icall.obj (.text:ICall_getLocalMsgEntityId)
                  000158f0    00000034     icall.obj (.text:ICall_heapFree)
                  00015924    00000034     icall.obj (.text:ICall_searchServiceEntity)
                  00015958    00000034     driverlib.lib : sys_ctrl.obj (.text:NOROM_SysCtrlIdle)
                  0001598c    00000034     nvocmp.obj (.text:NVOCMP_verifyCRC$6)
                  000159c0    00000034     drivers_cc26x2.a : NVSSPI25X.oem4f (.text:NVSSPI25X_init)
                  000159f4    00000034     OneLib.a : ble.o (.text)
                  00015a28    00000034              : hci.o (.text)
                  00015a5c    00000034              : hci_tl.o (.text)
                  00015a90    00000034              : ll_scheduler.o (.text)
                  00015ac4    00000034              : ll_scheduler.o (.text)
                  00015af8    00000034     rf_multiMode_cc26x2.aem4f : RFCC26X2_multiMode.c.cc26x2.ccs.o (.text:RF_runDirectImmediateCmd)
                  00015b2c    00000034     StackWrapper.a : gapbondmgr.o (.text)
                  00015b60    00000034                    : icall_startup.o (.text)
                  00015b94    00000034     drivers_cc26x2.a : NVSSPI25X.oem4f (.text:extFlashPowerStandby)
                  00015bc8    00000034                      : NVSSPI25X.oem4f (.text:extFlashWriteEnable)
                  00015bfc    00000034     rom_sysbios.aem4f : rom_sysbios.obj (.text:ti_sysbios_knl_Swi_setPri__E)
                  00015c30    00000032                       : rom_sysbios.obj (.text:ti_sysbios_gates_GateMutexPri_insertPri__I)
                  00015c62    00000002     project_zero_app_pem4f.oem4f (.text:ti_sysbios_BIOS_nullFunc__I)
                  00015c64    00000030     drivers_cc26x2.a : AESECBCC26XX.oem4f (.text:AESECB_cleanup)
                  00015c94    00000030                      : GPIOCC26XX.oem4f (.text:GPIO_hwiIntFxn)
                  00015cc4    00000030                      : GPIOCC26XX.oem4f (.text:GPIO_setCallback)
                  00015cf4    00000030     icall.obj (.text:ICall_dispatch$22)
                  00015d24    00000030     icall.obj (.text:ICall_msecs2Ticks$22)
                  00015d54    00000030     icall.obj (.text:ICall_primEntityId2ServiceId$22)
                  00015d84    00000030     icall.obj (.text:ICall_searchTask$22)
                  00015db4    00000030     nvocmp.obj (.text:NVOCMP_changePageState$6)
                  00015de4    00000030     drivers_cc26x2.a : NVSCC26XX.oem4f (.text:NVSCC26XX_erase)
                  00015e14    00000030                      : NVSSPI25X.oem4f (.text:NVSSPI25X_erase)
                  00015e44    00000030     OneLib.a : gattservapp.o (.text)
                  00015e74    00000030              : ll_ae.o (.text)
                  00015ea4    00000030              : ll_scheduler.o (.text)
                  00015ed4    00000030     drivers_cc26x2.a : PINCC26XX.oem4f (.text:PINCC26XX_setMux)
                  00015f04    00000030                      : PowerCC26X2.oem4f (.text:Power_releaseConstraint)
                  00015f34    00000030                      : PowerCC26X2.oem4f (.text:Power_setConstraint)
                  00015f64    00000030     StackWrapper.a : osal_timers.o (.text)
                  00015f94    00000030     drivers_cc26x2.a : TRNGCC26XX.oem4f (.text:TRNGCC26XX_fillEntropyPool)
                  00015fc4    00000030     rf_multiMode_cc26x2.aem4f : rf_patch_cpe_bt5.c.cc26x2.ccs.o (.text:applyBt5Patch)
                  00015ff4    00000030     project_zero_app_pem4f.oem4f (.text:ti_sysbios_BIOS_atExitFunc__I)
                  00016024    00000030     project_zero_app_pem4f.oem4f (.text:ti_sysbios_BIOS_startFunc__I)
                  00016054    00000030     rom_sysbios.aem4f : rom_sysbios.obj (.text:ti_sysbios_family_arm_cc26xx_Timer_initDevice__I)
                  00016084    00000030     project_zero_app_pem4f.oem4f (.text:ti_sysbios_gates_GateMutexPri_Object__create__S)
                  000160b4    00000030     project_zero_app_pem4f.oem4f (.text:ti_sysbios_gates_GateMutexPri_create)
                  000160e4    00000030     project_zero_app_pem4f.oem4f (.text:ti_sysbios_heaps_HeapCallback_Object__create__S)
                  00016114    00000030     rom_sysbios.aem4f : rom_sysbios.obj (.text:ti_sysbios_knl_Clock_getTimeout__E)
                  00016144    0000002e     icall_cc2650.obj (.text:ICallPlatform_pwrDispenseImpl$23)
                  00016172    0000002e     icall_cc2650.obj (.text:ICallPlatform_pwrRequireImpl$23)
                  000161a0    0000002e     OneLib.a : gattservapp.o (.text)
                  000161ce    0000002e     drivers_cc26x2.a : TRNGCC26XX.oem4f (.text:TRNGCC26XX_serviceJob)
                  000161fc    0000002e     haldi.obj (.text:haldi_passcodeCb$2)
                  0001622a    0000002c     icall.obj (.text:ICall_msgEnqueue$22)
                  00016256    00000002     rom_sysbios.aem4f : rom_sysbios.obj (.text:ti_sysbios_heaps_HeapCallback_defaultDelete)
                  00016258    0000002c     drivers_cc26x2.a : NVSSPI25X.oem4f (.text:NVSSPI25X_control)
                  00016284    0000002c                      : NVS.oem4f (.text:NVS_init)
                  000162b0    0000002c     OneLib.a : gatt_task.o (.text)
                  000162dc    0000002c              : gattservapp.o (.text)
                  00016308    0000002c              : sm_rsppairing.o (.text)
                  00016334    0000002c     rf_multiMode_cc26x2.aem4f : RFCC26X2_multiMode.c.cc26x2.ccs.o (.text:RF_executeDirectImmediateCmd)
                  00016360    0000002c     rom_init.obj (.text:ROM_Init)
                  0001638c    0000002c     dpl_cc26x2.a : SemaphoreP_tirtos.oem4f (.text:SemaphoreP_constructBinary)
                  000163b8    0000002c                  : SemaphoreP_tirtos.oem4f (.text:SemaphoreP_createBinary)
                  000163e4    0000002c     StackWrapper.a : hal_assert.o (.text)
                  00016410    0000002c                    : osal_bufmgr.o (.text)
                  0001643c    0000002c     drivers_cc26x2.a : TRNGCC26XX.oem4f (.text:TRNGCC26XX_stopTrng)
                  00016468    0000002c                      : NVSSPI25X.oem4f (.text:extFlashPowerDown)
                  00016494    0000002c                      : NVSSPI25X.oem4f (.text:extFlashSpiRead)
                  000164c0    0000002c     flash_interface_ext_rtos_NVS.obj (.text:flash_open)
                  000164ec    0000002c     oad.obj (.text:oadGetNextBlockReq$9)
                  00016518    0000002c     project_zero_app_pem4f.oem4f (.text:ti_sysbios_gates_GateMutexPri_Handle__label__S)
                  00016544    0000002c     project_zero_app_pem4f.oem4f (.text:ti_sysbios_heaps_HeapCallback_Handle__label__S)
                  00016570    0000002c     rom_sysbios.aem4f : rom_sysbios.obj (.text:ti_sysbios_knl_Clock_getTicksUntilInterrupt__E)
                  0001659c    0000002a     drivers_cc26x2.a : List.oem4f (.text:List_insert)
                  000165c6    0000002a     rf_multiMode_cc26x2.aem4f : RFCC26X2_multiMode.c.cc26x2.ccs.o (.text:RF_searchAndReplacePAOverride)
                  000165f0    0000002a     haldi.obj (.text:haldi_pairStateCb$2)
                  0001661a    00000002     UartLog.obj (.text:uartLog_flush)
                  0001661c    00000028     drivers_cc26x2.a : AESCTRCC26XX.oem4f (.text:AESCTR_cleanup)
                  00016644    00000028     rf_multiMode_cc26x2.aem4f : rfc.c.cc26x2.ccs.o (.text:NOROM_RFCOverrideSearch)
                  0001666c    00000028     nvocmp.obj (.text:NVOCMP_setCompactHdr$6)
                  00016694    00000028     OneLib.a : gattservapp.o (.text)
                  000166bc    00000028     drivers_cc26x2.a : PowerCC26X2.oem4f (.text:Power_registerNotify)
                  000166e4    00000028     rf_multiMode_cc26x2.aem4f : RFCC26X2_multiMode.c.cc26x2.ccs.o (.text:RF_calculateDeltaTimeUs)
                  0001670c    00000028                               : RFCC26X2_multiMode.c.cc26x2.ccs.o (.text:RF_runScheduleCmd)
                  00016734    00000028     StackWrapper.a : osal.o (.text)
                  0001675c    00000028                    : osal_snv_wrapper.o (.text)
                  00016784    00000028                    : osal_snv_wrapper.o (.text)
                  000167ac    00000028                    : osal_snv_wrapper.o (.text)
                  000167d4    00000028     drivers_cc26x2.a : SPICC26X2DMA.oem4f (.text:flushFifos)
                  000167fc    00000028                      : PowerCC26X2.oem4f (.text:oscillatorISR)
                  00016824    00000028                      : NVSCC26XX.oem4f (.text:restoreFlashCache)
                  0001684c    00000028     flash_interface_ext_rtos_NVS.obj (.text:writeFlashPg)
                  00016874    00000026     drivers_cc26x2.a : List.oem4f (.text:List_put)
                  0001689a    00000026                      : List.oem4f (.text:List_putHead)
                  000168c0    00000026                      : List.oem4f (.text:List_remove)
                  000168e6    00000026     haldi.obj (.text:haldi_advCallback$2)
                  0001690c    00000024     driverlib.lib : osc.obj (.text:NOROM_OSCHF_TurnOnXosc)
                  00016930    00000024     rf_multiMode_cc26x2.aem4f : rfc.c.cc26x2.ccs.o (.text:NOROM_RFCDoorbellSendTo)
                  00016954    00000024     OneLib.a : gapgattserver.o (.text)
                  00016978    00000024              : gatt_server.o (.text)
                  0001699c    00000024     rf_multiMode_cc26x2.aem4f : RFCC26X2_multiMode.c.cc26x2.ccs.o (.text:RF_cmdAlloc)
                  000169c0    00000024                               : RFCC26X2_multiMode.c.cc26x2.ccs.o (.text:RF_invokeGlobalCallback)
                  000169e4    00000024     StackWrapper.a : ble_dispatch_lite.o (.text)
                  00016a08    00000024                    : gapbondmgr.o (.text)
                  00016a2c    00000024                    : osal.o (.text)
                  00016a50    00000024                    : osal.o (.text)
                  00016a74    00000024                    : osal_timers.o (.text)
                  00016a98    00000024                    : osal_timers.o (.text)
                  00016abc    00000024     sydantek_r3.obj (.text:attribute_index$4)
                  00016ae0    00000024     flash_interface_ext_rtos_NVS.obj (.text:eraseFlashPg)
                  00016b04    00000024     drivers_cc26x2.a : PowerCC26X2_calibrateRCOSC.oem4f (.text:getTdcSemaphore)
                  00016b28    00000024     rtsv7M4_T_le_v4SPD16_eabi.lib : memcmp.c.obj (.text:memcmp)
                  00016b4c    00000024     project_zero_app_pem4f.oem4f (.text:ti_sysbios_BIOS_registerRTSLock__I)
                  00016b70    00000024     project_zero_app_pem4f.oem4f (.text:ti_sysbios_BIOS_removeRTSLock__I)
                  00016b94    00000024     rom_sysbios.aem4f : rom_sysbios.obj (.text:ti_sysbios_family_arm_cc26xx_Timer_getMaxTicks__E)
                  00016bb8    00000024                       : rom_sysbios.obj (.text:ti_sysbios_family_arm_m3_Hwi_romInitNVIC__I)
                  00016bdc    00000024     project_zero_app_pem4f.oem4f (.text:ti_sysbios_gates_GateMutexPri_Object__delete__S)
                  00016c00    00000024     project_zero_app_pem4f.oem4f (.text:ti_sysbios_heaps_HeapCallback_Object__delete__S)
                  00016c24    00000022     drivers_cc26x2.a : CryptoUtils.oem4f (.text:CryptoUtils_buffersMatch)
                  00016c46    00000022     icall.obj (.text:ICall_setTimerMSecs)
[...]
20001b23  iSPIStatus                                                      
20001b24  cAFE_ID                                                         
20001b25  bDataReadinProgress                                             
20001b26  chr0x33                                                         
20001b27  ptrbuf1                                                         
20001b28  cSpiTxferCmplete                                                
20001b29  cBleTxferCmplete                                                
20001b2a  cInterprocessSem                                                
20001b30  iSPIDMAAbortCnt                                                 
20001b34  hCpuPins                                                        
20001b38  hswiDRDY                                                        
20001b3c  spiHandle                                                       
20001b40  iPacketNumber                                                   
20001b44  iInNextScanBuffer                                               
20001b48  handle_spi                                                      
20001b4c  iPacketNumber2                                                  
20001b50  iIntCount                                                       
20001b54  iSpiCount                                                       
20001b58  ptrbuf                                                          
20001b68  pinState                                                        
20001b74  transaction                                                     
20001b8c  cExternalbuffer                                                 
20001ba7  cSpiTxBuffer                                                    
20001bc5  cSpiRxBuffer1                                                   
20001be3  cSpiRxBuffer2                                                   
20001c04  eb                                                              
20001c24  params_spi                                                      
20001c44  swiParams                                                       
20001ccc  cTempBfr                                                        
20001dbc  ScanBuffer                                                      
2000268c  patchedSlaveCtrlPktList                                         
20002760  pzTask                                                          
200027b0  appTaskStack                                                    
20002fb0  uartLog_tail                                                    
20002fb1  uartLog_head                                                    
20002fb2  uartLog_evBufIsEmpty                                            
20002fb4  uartLog_evtNum                                                  
20002fbc  uartLog_outBuf                                                  
20003068  uartLog_evBuf                                                   
2000374e  metaPage                                                        
20003910  PowerCC26X2_module                                              
20003a80  ROM_stateStruct                                                 
20003a80  ti_sysbios_knl_Clock_Module__state__V                           
20003aac  ti_sysbios_family_arm_cc26xx_TimestampProvider_Module__state__V 
20003ab0  xdc_runtime_Startup_Module__state__V                            
20003ab8  xdc_runtime_Registry_Module__state__V                           
20003ac0  ti_sysbios_BIOS_Module__state__V                                
20003ae4  ti_sysbios_knl_Swi_Module__state__V                             
20003b00  ti_sysbios_knl_Task_Module__state__V                            
20003b44  xdc_runtime_Memory_Module__state__V                             
20003b48  xdc_runtime_System_Module__state__V                             
20003b50  ti_sysbios_family_arm_m3_Hwi_Module__state__V                   
20003b84  ti_sysbios_family_arm_cc26xx_Timer_Module__state__V             
20003c80  gapAttrTbl                                                      
20003d34  ICall_enterCriticalSection                                      
20003d38  ICall_leaveCriticalSection                                      
20003d3c  ICall_dispatcher                                                
20003d50  heapmgrMemFreeTotal                                             
20003d5c  HEAPMGR_SIZE                                                    
20003dcc  pairMode                                                        
20003dcd  mitm                                                            
20003dce  ioCap                                                           
20003dcf  bonding                                                         
20003dd0  secureConnection                                                
20003dd1  autoSyncWL                                                      
20003dd2  eccReGenPolicy                                                  
20003dd3  KeySize                                                         
20003dd4  removeLRUBond                                                   
20003dd5  KeyDistList                                                     
20003dd6  eccDebugKeys                                                    
20003dd7  eraseBondWhileInConn                                            
20003dd8  advData1                                                        
20003de9  scanResData1                                                    
20003dfb  attDeviceName                                                   
20003e10  advParams1                                                      
20003e2e  gAction                                                         
20003e2f  NVOCMP_size                                                     
20003e5c  NVOCMP_nvHandle                                                 
20003e8c  llUserConfig                                                    
20003eec  pOverrides_bleCommon                                            
20003f40  txPowerTable_2400_pa5                                           
20003f90  ti_sysbios_knl_Task_Object__table__V                            
20003fdc  halAssertCback                                                  
20003fe0  ti_sysbios_family_arm_cc26xx_Timer_Object__table__V             
20004028  gattAttrTbl                                                     
20004068  eccParams_NISTP256                                              
200040a8  nvintfFncStruct                                                 
200040e4  ti_sysbios_gates_GateMutex_Object__table__V                     
2000411c  ti_sysbios_knl_Swi_Module_State_0_readyQ__A                     
2000414c  ti_sysbios_knl_Swi_Object__table__V                             
2000417c  ti_sysbios_knl_Task_Module_State_0_readyQ__A                    
200041ac  _hposcCoeffs                                                    
200041d4  iflag                                                           
200041d8  LED_State                                                       
200041d9  Board_SPI                                                       
200041da  Sampleindex                                                     
200041dc  index                                                           
200041de  Sim_Data                                                        
200041e0  command_recieved_flag                                           
200041e1  AFE_Toggle                                                      
200041e2  Buff_Change_Flag                                                
200041e3  SPI1                                                            
200041e4  cIDCountDisplay                                                 
200041e5  cFailcount                                                      
200041e8  dispHandle                                                      
200041ec  iPacketNumberCopy                                               
200041f0  cfailCount                                                      
200041f1  deviceNameCharProps                                             
200041f2  llUserConfig_maxPduSize                                         
200041f4  icallServiceTblPtr                                              
20004218  ti_sysbios_knl_Clock_Object__table__V                           
20004238  xdc_runtime_Error_IgnoreBlock                                   
20004270  gpioCallbackFunctions                                           
20004288  gpioPinConfigs                                                  
200042a0  ti_sysbios_family_arm_m3_Hwi_Object__table__V                   
200042b8  gattAttrTbl_gatt_no_service_changed                             
200042c8  rfMode                                                          
200042d8  sizeInfo                                                        
200042f8  bleAppServiceInfoTable                                          
20004308  pfnBMAlloc                                                      
2000430c  pfnBMFree                                                       
20004310  pRfErrCb                                                        
20004314  lastAppOpcodeIdxSent                                            
20004318  pOverrides_ble2Mbps                                             
20004328  pOverrides_bleCoded                                             
20004338  user0Cfg                                                        
20004348  pOverrides_ble1Mbps                                             
20004354  ti_sysbios_heaps_HeapCallback_Object__table__V                  
20004369  appearanceCharProps                                             
2000436a  baseTaskID                                                      
20004374  bleUserCfg_maxPduSize                                           
20004378  appAssertCback                                                  
2000437c  _lock                                                           
20004380  _unlock                                                         
2000438c  periConnParameters                                              
20004394  pinUpperBound                                                   
20004398  pinLowerBound                                                   
200043ac  ti_sysbios_family_arm_m3_Hwi_Module__root__V                    
200043b4  ti_sysbios_gates_GateHwi_Module__root__V                        
200043bc  ti_sysbios_gates_GateMutexPri_Module__root__V                   
200043c4  ti_sysbios_gates_GateMutex_Module__root__V                      
200043cc  ti_sysbios_hal_Hwi_Module__root__V                              
200043d4  ti_sysbios_heaps_HeapCallback_Module__root__V                   
200043dc  ti_sysbios_heaps_HeapMem_Module__root__V                        
200043e4  ti_sysbios_knl_Clock_Module__root__V                            
200043ec  ti_sysbios_knl_Event_Module__root__V                            
200043f4  ti_sysbios_knl_Mailbox_Module__root__V                          
200043fc  ti_sysbios_knl_Queue_Module__root__V                            
20004404  ti_sysbios_knl_Semaphore_Module__root__V                        
2000440c  ti_sysbios_knl_Swi_Module__root__V                              
20004414  ti_sysbios_knl_Task_Module__root__V                             
20004421  CryptoResourceCC26XX_pollingFlag                                
20004423  periConnParamCharProps                                          
20004428  main_func_sp                                                    
2000442c  ti_sysbios_family_arm_m3_Hwi_Module_State_0_excContext__A       
20004430  ti_sysbios_family_arm_m3_Hwi_Module_State_0_excStack__A         
20004434  ti_sysbios_knl_Task_Module_State_0_idleTask__A                  
20004438  PKAResourceCC26XX_pollingFlag                                   
2000443e  ti_sysbios_family_arm_m3_Hwi_Module_State_0_excActive__A        
20004440  centAddrResCharProps                                            
20004441  centAddrRes                                                     
20004442  resolvablePrivateAddressOnlyCharProps                           
20004443  GATTServApp_gatt_no_service_changed                             
20004445  extScanChanMap                                                  
20004446  sizeOfAllExtConnParam                                           
20004447  rfRatHandle                                                     
20004448  gapEndAppTaskID                                                 
20004449  gapAppTaskID                                                    
2000444a  legacyMode                                                      
20004948  ti_sysbios_knl_Task_Instance_State_0_stack__A                   
20004c48  spiCC26X2DMAObjects                                             
20004d50  crcBuf                                                          
20004e50  ti_sysbios_family_arm_m3_Hwi_dispatchTable                      
20004f28  trngCC26XXObjects                                               
20004fa8  pinHandleTable                                                  
20005024  cbTimers                                                        
2000509c  aesctrdrbgXXObjects                                             
20005144  CryptoResourceCC26XX_accessSemaphore                            
20005194  CryptoResourceCC26XX_operationSemaphore                         
200051e4  PKAResourceCC26XX_accessSemaphore                               
20005234  PKAResourceCC26XX_operationSemaphore                            
200052c4  nvFptrs                                                         
20005334  req                                                             
20005354  llCteSamples                                                    
20005374  gapBond_remoteOobData                                           
20005394  gapBond_localOobData                                            
200053f4  ecdhCC26X2Objects                                               
20005414  udmaCC26XXObject                                                
20005488  CryptoResourceCC26XX_hwi                                        
200054a4  PKAResourceCC26XX_hwi                                           
200054c0  deviceName                                                      
200054d8  llCoex                                                          
200054f0  aesccmCC26XXObjects                                             
20005508  aesctrCC26XXObjects                                             
20005520  aesecbCC26XXObjects                                             
20005570  llCteTest                                                       
2000557c  cteAntennaProp                                                  
20005588  llTaskList                                                      
200055b8  nvsSPI25XObjects                                                
200055c4  secondaryAdvChannelMap                                          
200055d4  ggs_AppCBs                                                      
200055dc  LSTORecoveryArr                                                 
200055e0  llCte                                                           
200055e4  llConnExtParam                                                  
200055e8  extStackSettings                                                
200055ec  trngHandle                                                      
200055f0  pNextAdvSet                                                     
200055f4  llCurrentMappedChan                                             
200055f8  drbgHandle                                                      
200055fc  pRpaCfg                                                         
20005600  gapBond_lruBondList                                             
20005604  gapBondStateNodeHead                                            
20005608  osal_syncHandle                                                 
2000560c  osal_tickperiod                                                 
20005610  osal_max_msecs                                                  
20005614  osal_icallMsg_hook                                              
20005618  osal_qHead                                                      
2000561c  osal_eventloop_hook                                             
20005628  OSAL_timeSeconds                                                
2000562c  timerHead                                                       
20005634  osal_last_timestamp                                             
20005644  PowerCC26XX_swiKey                                              
20005648  PowerCC26XX_taskKey                                             
2000564c  nvsCC26XXObjects                                                
20005650  tasksEvents                                                     
20005654  appearance                                                      
20005656  maximumPduSize                                                  
2000565a  pwrmgr_attribute                                                
2000565c  resolvablePrivateAddressOnly                                    
2000565d  GATTServApp_att_delayed_req                                     
2000565e  hciTaskID                                                       
2000565f  hciL2capTaskID                                                  
20005660  hciGapTaskID                                                    
20005661  hciSmpTaskID                                                    
20005662  hciTestTaskID                                                   
20005663  hciVsEvtMask                                                    
20005664  secondaryAdvChannelMapPopCount                                  
20005665  scanReqRpt                                                      
20005666  numActiveAdvSets                                                
20005667  wlSize                                                          
20005668  rlSize                                                          
20005669  decryptResult                                                   
2000566a  icall_liteTaskId                                                
2000566b  gapBond_removeLRUBond                                           
2000566c  gapBond_syncRL                                                  
2000566d  assertSubcause                                                  
2000566e  osal_entity                                                     
2000566f  pwrmgr_initialized                                              
20005671  driverlib_release_0_58048                                       
20005672  heapStart                                                       
20013c00  __stack                                                         
20013c00  heapEnd                                                         
20014000  __STACK_END                                                     
20014000  __STACK_TOP                                                     
20014000  __UNUSED_SRAM_end__                                             
e000e000  ti_sysbios_family_arm_m3_Hwi_nvic                               
ffffffff  __TI_pprof_out_hndl                                             
ffffffff  __TI_prof_data_size                                             
ffffffff  __TI_prof_data_start                                            
ffffffff  __binit__                                                       
ffffffff  __c_args__                                                      
ffffffff  binit                                                           
UNDEFED   ITM_flush                                                       
UNDEFED   ITM_restore                                                     
UNDEFED   SHT$$INIT_ARRAY$$Base                                           
UNDEFED   SHT$$INIT_ARRAY$$Limit                                          

[2998 symbols]
