******************************************************************************
                  TI ARM Linker PC v20.2.1                     
******************************************************************************
>> Linked Mon Mar  8 16:40:24 2021

OUTPUT FILE NAME:   <simple_peripheral_oad_onchip_CC26X2R1_LAUNCHXL_tirtos_ccs_Debug.out>
ENTRY POINT SYMBOL: "ResetISR"  address: 00012a95


MEMORY CONFIGURATION

         name            origin    length      used     unused   attr    fill
----------------------  --------  ---------  --------  --------  ----  --------
  FLASH_IMG_HDR         00000000   00000090  0000008d  00000003  R  X
  ENTRY                 00000090   00000040  0000003c  00000004  R  X
  FLASH                 000000d0   000560d0  0001fd58  00036378  R  X
  RTOS_SRAM             20000000   0000012c  000000e4  00000048  RW X
  SRAM                  20000fdf   00013021  00003192  0000fe8f  RW X


SEGMENT ALLOCATION MAP

run origin  load origin   length   init length attrs members
----------  ----------- ---------- ----------- ----- -------
00000000    00000000    0001be28   0001be28    r-x
  00000000    00000000    0000008d   0000008d    r-- .image_header
  00000090    00000090    0000003c   0000003c    r-- .resetVecs
  000000d0    000000d0    00017ed0   00017ed0    r-x .text
  00017fa0    00017fa0    00002268   00002268    r-- .const
  0001a208    0001a208    00000138   00000138    r-- .rodata
  0001a340    0001a340    00001ae8   00001ae8    r-- .cinit
00032000    00032000    00004000   00000000    rw-
  00032000    00032000    00004000   00000000    rw- .TI.bound:flashBuf0
20000100    20000100    0000000c   00000000    rw-
  20000100    20000100    00000004   00000000    rw- .data:xdcRomConstPtr
  20000104    20000104    00000004   00000000    rw- .data:xdcRomExternFuncPtr
  20000108    20000108    00000004   00000000    rw- .data:xdcRomStatePtr
20000fe0    20000fe0    00002d92   00000000    rw-
  20000fe0    20000fe0    00001a7f   00000000    rw- .data
  20002a60    20002a60    00001312   00000000    rw- .bss
20013c00    20013c00    00000400   00000000    rw-
  20013c00    20013c00    00000400   00000000    rw- .stack


SECTION ALLOCATION MAP

 output                                  attributes/
section   page    origin      length       input sections
--------  ----  ----------  ----------   ----------------
.data:xdcRomConstPtr 
*          0    20000100    00000004     UNINITIALIZED
                  20000100    00000004     simple_peripheral_oad_onchip_app_pem4f.oem4f (.data:xdcRomConstPtr)

.data:xdcRomExternFuncPtr 
*          0    20000104    00000004     UNINITIALIZED
                  20000104    00000004     simple_peripheral_oad_onchip_app_pem4f.oem4f (.data:xdcRomExternFuncPtr)

.data:xdcRomStatePtr 
*          0    20000108    00000004     UNINITIALIZED
                  20000108    00000004     simple_peripheral_oad_onchip_app_pem4f.oem4f (.data:xdcRomStatePtr)

.bootVecs 
*          0    00000000    00000008     DSECT
                  00000000    00000008     boot.aem4f : boot.oem4f (.bootVecs)

.resetVecs 
*          0    00000090    0000003c     
                  00000090    0000003c     simple_peripheral_oad_onchip_app_pem4f.oem4f (.resetVecs)

.vecs      0    20000000    000000d8     NOLOAD SECTION
                  20000000    000000d8     simple_peripheral_oad_onchip_app_pem4f.oem4f (.vecs)

xdc.meta   0    00000000    00000125     COPY SECTION
                  00000000    00000125     simple_peripheral_oad_onchip_app_pem4f.oem4f (xdc.meta)

xdc.noload 
*          0    00000000    00000000     COPY SECTION

.image_header 
*          0    00000000    0000008d     
                  00000000    0000008d     oad_image_header_app.obj (.image_header:retain)

.resetVecs 
*          0    00000090    00000000     UNINITIALIZED

.intvecs   0    00000090    00000000     UNINITIALIZED

EntrySection 
*          0    00000090    00000000     UNINITIALIZED

.text      0    000000d0    00017ed0     
                  000000d0    00000f8c     simple_peripheral_oad_onchip.obj (.text:SimplePeripheral_taskFxn$4)
                  0000105c    000009b8     StackWrapper.a : gapbondmgr.o (.text)
                  00001a14    00000758                    : gapbondmgr.o (.text)
                  0000216c    000006bc     OneLib.a : ll_adv_end_causes.o (.text)
                  00002828    000004e0              : ll_slave_end_causes.o (.text)
                  00002d08    000004cc     simple_peripheral_oad_onchip.obj (.text:SimplePeripheral_processGapMessage$4)
                  000031d4    000004a4     rf_multiMode_cc26x2.aem4f : RFCC26X2_multiMode.c.cc26x2.ccs.o (.text:RF_fsmActiveState)
                  00003678    00000464     OneLib.a : ll.o (.text)
                  00003adc    00000458              : ll_ae.o (.text)
                  00003f34    00000450              : ll_isr.o (.text)
                  00004384    000003c4              : ble.o (.text)
                  00004748    00000388              : ll_slave_end_causes.o (.text)
                  00004ad0    00000380              : ll_isr.o (.text)
                  00004e50    00000308              : ll.o (.text)
                  00005158    000002f4              : ll_ae.o (.text)
                  0000544c    000002c4     oad.obj (.text:oadProcessExtControlCmd$18)
                  00005710    00000290     OneLib.a : ll_scheduler.o (.text)
                  000059a0    0000025c     nvocmp.obj (.text:NVOCMP_addItem$10)
                  00005bfc    0000025c     StackWrapper.a : gapbondmgr.o (.text)
                  00005e58    00000250     OneLib.a : ll_data.o (.text)
                  000060a8    0000024c     StackWrapper.a : gapbondmgr.o (.text)
                  000062f4    00000248     OneLib.a : ll_ae.o (.text)
                  0000653c    0000023c              : ll_common.o (.text)
                  00006778    00000220              : ll_ae.o (.text)
                  00006998    00000218     drivers_cc26x2.a : ECDHCC26X2.oem4f (.text:ECDHCC26X2_runFSM)
                  00006bb0    00000218     nvocmp.obj (.text:NVOCMP_initNv$10)
                  00006dc8    00000210     rf_multiMode_cc26x2.aem4f : RFCC26X2_multiMode.c.cc26x2.ccs.o (.text:RF_scheduleCmd)
                  00006fd8    00000204     OneLib.a : gattservapp.o (.text)
                  000071dc    00000204              : ll_isr.o (.text)
                  000073e0    00000200     rf_multiMode_cc26x2.aem4f : RFCC26X2_multiMode.c.cc26x2.ccs.o (.text:RF_open)
                  000075e0    000001fc     OneLib.a : ll_scheduler.o (.text)
                  000077dc    000001ec              : ll_isr.o (.text)
                  000079c8    000001e0     osal_icall_ble.obj (.text:stack_main)
                  00007ba8    000001dc     StackWrapper.a : osal.o (.text)
                  00007d84    000001dc     oad.obj (.text:oadImgBlockWrite$18)
                  00007f60    000001d4     rf_multiMode_cc26x2.aem4f : RFCC26X2_multiMode.c.cc26x2.ccs.o (.text:RF_dispatchNextCmd)
                  00008134    000001cc     drivers_cc26x2.a : PINCC26XX.oem4f (.text:PIN_init)
                  00008300    000001c4     OneLib.a : ll.o (.text)
                  000084c4    000001bc     main.obj (.text:AssertHandler)
                  00008680    00000198     drivers_cc26x2.a : PowerCC26X2.oem4f (.text:Power_sleep)
                  00008818    00000190                      : PowerCC26X2_calibrateRCOSC.oem4f (.text:calibrateRcoscHf1)
                  000089a8    00000190     icall.obj (.text:icall_directAPI)
                  00008b38    0000018c     drivers_cc26x2.a : PowerCC26X2_calibrateRCOSC.oem4f (.text:runCalibrateFsm)
                  00008cc4    00000188     nvocmp.obj (.text:NVOCMP_compact$10)
                  00008e4c    00000174     OneLib.a : gattservapp.o (.text)
                  00008fc0    00000174              : ll_isr.o (.text)
                  00009134    00000174     drivers_cc26x2.a : PowerCC26X2.oem4f (.text:Power_init)
                  000092a8    00000164                      : UARTCC26XX.oem4f (.text:UARTCC26XX_open)
                  0000940c    00000162     StackWrapper.a : osal.o (.text)
                  0000956e    00000002     ti_drivers_config.obj (.text:Board_initHook)
                  00009570    00000160     driverlib.lib : sys_ctrl.obj (.text:NOROM_SysCtrlStandby)
                  000096d0    0000015c     crc32.obj (.text:CRC32_calc)
                  0000982c    00000154     rf_multiMode_cc26x2.aem4f : RFCC26X2_multiMode.c.cc26x2.ccs.o (.text:RF_radioOpDoneCb)
                  00009980    00000154     drivers_cc26x2.a : UARTCC26XX.oem4f (.text:UARTCC26XX_hwiIntFxn)
                  00009ad4    0000014c     OneLib.a : ll_common.o (.text)
                  00009c20    0000014c              : ll_isr.o (.text)
                  00009d6c    00000148     rf_multiMode_cc26x2.aem4f : RFCC26X2_multiMode.c.cc26x2.ccs.o (.text:RF_fsmSetupState)
                  00009eb4    00000144     StackWrapper.a : gap.o (.text)
                  00009ff8    00000140     drivers_cc26x2.a : AESCCMCC26XX.oem4f (.text:AESCCM_startOperation)
                  0000a138    00000140     OneLib.a : gattservapp.o (.text)
                  0000a278    00000140              : ll_ae.o (.text)
                  0000a3b8    0000013c     rf_multiMode_cc26x2.aem4f : RFCC26X2_multiMode.c.cc26x2.ccs.o (.text:RF_ratSetupChannel)
                  0000a4f4    0000013a     drivers_cc26x2.a : UARTCC26XX.oem4f (.text:UARTCC26XX_read)
                  0000a62e    00000002     ble_user_config.obj (.text:DefaultAssertCback)
                  0000a630    00000138     drivers_cc26x2.a : ECDHCC26X2.oem4f (.text:ECDH_computeSharedSecret)
                  0000a768    00000138                      : NVSCC26XX.oem4f (.text:NVSCC26XX_write)
                  0000a8a0    00000134     rf_multiMode_cc26x2.aem4f : RFCC26X2_multiMode.c.cc26x2.ccs.o (.text:RF_abortCmd)
                  0000a9d4    0000012c     OneLib.a : gap_advertiser.o (.text)
                  0000ab00    00000124              : ll_scheduler.o (.text)
                  0000ac24    00000120     nvocmp.obj (.text:NVOCMP_compactPage$10)
                  0000ad44    00000120     OneLib.a : ll_common.o (.text)
                  0000ae64    00000120              : ll_data.o (.text)
                  0000af84    00000120     drivers_cc26x2.a : PowerCC26X2.oem4f (.text:configureXOSCHF)
                  0000b0a4    00000112     rf_multiMode_cc26x2.aem4f : RFCC26X2_multiMode.c.cc26x2.ccs.o (.text:RF_decodeOverridePointers)
                  0000b1b6    00000002     display.a : DisplayUart.oem4f (.text:DisplayUartAnsi_init)
                  0000b1b8    00000110     rf_multiMode_cc26x2.aem4f : RFCC26X2_multiMode.c.cc26x2.ccs.o (.text:RF_initRadioSetup)
                  0000b2c8    0000010c     OneLib.a : gatt_client.o (.text)
                  0000b3d4    0000010c              : ll_isr.o (.text)
                  0000b4e0    00000108              : gap_task.o (.text)
                  0000b5e8    00000106     simple_peripheral_oad_onchip_app_pem4f.oem4f (.text:xdc_runtime_System_printfExtend__I)
                  0000b6ee    00000002     rom_init.obj (.text:MAP_llDmmDynamicFree)
                  0000b6f0    00000104     drivers_cc26x2.a : AESECBCC26XX.oem4f (.text:AESECB_startOperation)
                  0000b7f4    00000104     rf_multiMode_cc26x2.aem4f : RFCC26X2_multiMode.c.cc26x2.ccs.o (.text:RF_hwiCpe0Active)
                  0000b8f8    00000100     nvocmp.obj (.text:NVOCMP_findItem$10)
                  0000b9f8    000000f8     OneLib.a : sm_rsppairing.o (.text)
                  0000baf0    000000f8     drivers_cc26x2.a : PINCC26XX.oem4f (.text:PINCC26XX_setIoCfg)
                  0000bbe8    000000f4                      : AESCTRCC26XX.oem4f (.text:AESCTR_startOperation)
                  0000bcdc    000000f4     two_btn_menu.obj (.text:tbm_displayItemPage)
                  0000bdd0    000000f0     OneLib.a : ll_common.o (.text)
                  0000bec0    000000f0              : ll_scheduler.o (.text)
                  0000bfb0    000000f0     rf_multiMode_cc26x2.aem4f : RFCC26X2_multiMode.c.cc26x2.ccs.o (.text:RF_fsmPowerUpState)
                  0000c0a0    000000ec     oad.obj (.text:oadImgIdentifyWrite$18)
                  0000c18c    000000e4     OneLib.a : gapgattserver.o (.text)
                  0000c270    000000e4              : ll_ae.o (.text)
                  0000c354    000000e0     StackWrapper.a : osal_timers.o (.text)
                  0000c434    000000e0     drivers_cc26x2.a : UARTCC26XX.oem4f (.text:UARTCC26XX_write)
                  0000c514    000000d8     rf_multiMode_cc26x2.aem4f : RFCC26X2_multiMode.c.cc26x2.ccs.o (.text:RF_control)
                  0000c5ec    000000d8                               : RFCC26X2_multiMode.c.cc26x2.ccs.o (.text:RF_pendCmd)
                  0000c6c4    000000d8     driverlib.lib : setup.obj (.text:TrimAfterColdResetWakeupFromShutDown$35)
                  0000c79c    000000d4     drivers_cc26x2.a : ECDHCC26X2.oem4f (.text:ECDH_generatePublicKey)
                  0000c870    000000d4     simple_peripheral_oad_onchip.obj (.text:SimplePeripheral_menuSwitchCb$4)
                  0000c944    000000d2     rf_multiMode_cc26x2.aem4f : RFCC26X2_multiMode.c.cc26x2.ccs.o (.text:RF_updatePaConfiguration)
                  0000ca16    00000002     rom_init.obj (.text:MAP_llDmmSetThreshold)
                  0000ca18    000000d0     rf_multiMode_cc26x2.aem4f : RFCC26X2_multiMode.c.cc26x2.ccs.o (.text:RF_swiHw)
                  0000cae8    000000cc     OneLib.a : hci_event.o (.text)
                  0000cbb4    000000cc     StackWrapper.a : osal.o (.text)
                  0000cc80    000000cc     main.obj (.text:main)
                  0000cd4c    000000c8     OneLib.a : gap_scanner.o (.text)
                  0000ce14    000000c8              : gapgattserver.o (.text)
                  0000cedc    000000c8              : ll_scheduler.o (.text)
                  0000cfa4    000000c8     dpl_cc26x2.a : PowerCC26X2_tirtos.oem4f (.text:PowerCC26XX_standbyPolicy)
                  0000d06c    000000c8     simple_gatt_profile.obj (.text:SimpleProfile_SetParameter)
                  0000d134    000000c0     drivers_cc26x2.a : AESCTRDRBGXX.oem4f (.text:AESCTRDRBG_getBytes)
                  0000d1f4    000000c0     nvocmp.obj (.text:NVOCMP_erase$10)
                  0000d2b4    000000c0     OneLib.a : ll.o (.text)
                  0000d374    000000c0     drivers_cc26x2.a : PowerCC26X2.oem4f (.text:Power_releaseDependency)
                  0000d434    000000c0                      : UARTCC26XX.oem4f (.text:UARTCC26XX_initIO)
                  0000d4f4    000000bc     OneLib.a : ll_ecc.o (.text)
                  0000d5b0    000000b8              : ll.o (.text)
                  0000d668    000000b8              : ll_isr.o (.text)
                  0000d720    000000b8              : ll_scheduler.o (.text)
                  0000d7d8    000000b8              : ll_scheduler.o (.text)
                  0000d890    000000b8              : ll_slave_end_causes.o (.text)
                  0000d948    000000b8     drivers_cc26x2.a : PowerCC26X2.oem4f (.text:Power_setDependency)
                  0000da00    000000b8     StackWrapper.a : gapbondmgr.o (.text)
                  0000dab8    000000b8     drivers_cc26x2.a : UARTCC26XX.oem4f (.text:UARTCC26XX_initHw)
                  0000db70    000000b4     OneLib.a : ll_ae.o (.text)
                  0000dc24    000000b4     drivers_cc26x2.a : TRNGCC26XX.oem4f (.text:TRNG_generateEntropy)
                  0000dcd8    000000b0                      : AESCTRDRBGXX.oem4f (.text:AESCTRDRBG_construct)
                  0000dd88    000000b0     devinfoservice.obj (.text:devInfo_ReadAttrCB$21)
                  0000de38    000000ac     display.a : DisplayUart.oem4f (.text:DisplayUartAnsi_clearLines)
                  0000dee4    000000ac     drivers_cc26x2.a : ECDHCC26X2.oem4f (.text:ECDHCC26X2_hwiFxn)
                  0000df90    000000ac                      : PINCC26XX.oem4f (.text:PIN_open)
                  0000e03c    000000a8     driverlib.lib : setup.obj (.text:NOROM_SetupTrimDevice)
                  0000e0e4    000000a8     nvocmp.obj (.text:NVOCMP_initNvApi$10)
                  0000e18c    000000a8     OneLib.a : hci_data.o (.text)
                  0000e234    000000a8     simple_peripheral_oad_onchip.obj (.text:SimplePeripheral_doSetConnPhy)
                  0000e2dc    000000a8     StackWrapper.a : gapbondmgr.o (.text)
                  0000e384    000000a7     display.a : DisplayUart.oem4f (.text:DisplayUartAnsi_open)
                  0000e42b    00000001     --HOLE-- [fill = 0]
                  0000e42c    000000a6     drivers_cc26x2.a : AESCTRDRBGXX.oem4f (.text:AESCTRDRBG_reseed)
                  0000e4d2    00000002     rom_init.obj (.text:MAP_rf_patch_rfe)
                  0000e4d4    000000a4     rf_multiMode_cc26x2.aem4f : RFCC26X2_multiMode.c.cc26x2.ccs.o (.text:RF_ratRestartChannels)
                  0000e578    000000a4     StackWrapper.a : osal_cbtimer.o (.text)
                  0000e61c    000000a0     OneLib.a : gattservapp.o (.text)
                  0000e6bc    000000a0              : ll_ae.o (.text)
                  0000e75c    000000a0              : ll_common.o (.text)
                  0000e7fc    000000a0     auto_init.aem4f : auto_init.oem4f (.text)
                  0000e89c    000000a0     rom_sysbios.aem4f : rom_sysbios.obj (.text:ti_sysbios_knl_Task_setPri__E)
                  0000e93c    0000009f     display.a : DisplayUart.oem4f (.text:DisplayUartAnsi_vprintf)
                  0000e9db    00000001     --HOLE-- [fill = 0]
                  0000e9dc    0000009c     nvocmp.obj (.text:NVOCMP_readHeader$10)
                  0000ea78    0000009c     OneLib.a : ll_common.o (.text)
                  0000eb14    0000009c              : ll_ecc.o (.text)
                  0000ebb0    0000009c     rtsv7M4_T_le_v4SPD16_eabi.lib : memcpy_t2.asm.obj (.text)
                  0000ec4c    00000098     OneLib.a : gattservapp.o (.text)
                  0000ece4    00000098              : hci_event.o (.text)
                  0000ed7c    00000098              : ll_enc.o (.text)
                  0000ee14    00000098     rf_multiMode_cc26x2.aem4f : RFCC26X2_multiMode.c.cc26x2.ccs.o (.text:RF_calculateDispatchTime)
                  0000eeac    00000098     drivers_cc26x2.a : UARTCC26XX.oem4f (.text:writeTxFifoFlush)
                  0000ef44    00000096     rtsv7M4_T_le_v4SPD16_eabi.lib : ull_div_t2.asm.obj (.text)
                  0000efda    00000002     rf_multiMode_cc26x2.aem4f : rfc.c.cc26x2.ccs.o (.text:NOROM_RFCCpePatchReset)
                  0000efdc    00000094     icall.obj (.text:ICall_setTimer)
                  0000f070    00000094     OneLib.a : gatt_server.o (.text)
                  0000f104    00000094              : ll.o (.text)
                  0000f198    00000094              : ll_scheduler.o (.text)
                  0000f22c    00000094     rf_multiMode_cc26x2.aem4f : RFCC26X2_multiMode.c.cc26x2.ccs.o (.text:RF_getInfo)
                  0000f2c0    00000094     drivers_cc26x2.a : TRNGCC26XX.oem4f (.text:TRNGCC26XX_hwiFxn)
                  0000f354    00000092                      : UARTCC26XX.oem4f (.text:UARTCC26XX_writeCancel)
                  0000f3e6    00000002     OneLib.a : ll.o (.text)
                  0000f3e8    00000090              : ll.o (.text)
                  0000f478    00000090              : ll_ae.o (.text)
                  0000f508    00000090     rf_multiMode_cc26x2.aem4f : RFCC26X2_multiMode.c.cc26x2.ccs.o (.text:RF_discardPendCmd)
                  0000f598    00000090     osal_icall_ble.obj (.text:osalInitTasks)
                  0000f628    00000090     simple_gatt_profile.obj (.text:simpleProfile_WriteAttrCB)
                  0000f6b8    0000008e     drivers_cc26x2.a : CryptoUtils.oem4f (.text:CryptoUtils_reverseCopyPad)
                  0000f746    00000002     OneLib.a : ll.o (.text)
                  0000f748    0000008c     icall.obj (.text:ICall_heapMalloc)
                  0000f7d4    0000008c     OneLib.a : ll_common.o (.text)
                  0000f860    0000008c     simple_peripheral_oad_onchip.obj (.text:SimplePeripheral_processParamUpdate$4)
                  0000f8ec    0000008c     rom_sysbios.aem4f : rom_sysbios.obj (.text:ti_sysbios_gates_GateMutexPri_enter__E)
                  0000f978    0000008a     drivers_cc26x2.a : AESCTRDRBGXX.oem4f (.text:AESCTRDRBGXX_updateState)
                  0000fa02    00000002     rf_multiMode_cc26x2.aem4f : RFCC26X2_multiMode.c.cc26x2.ccs.o (.text:RF_defaultCallback)
                  0000fa04    00000088     driverlib.lib : osc.obj (.text:NOROM_OSCHF_AttemptToSwitchToXosc)
                  0000fa8c    00000088     OneLib.a : hci_event.o (.text)
                  0000fb14    00000088     rf_multiMode_cc26x2.aem4f : RFCC26X2_multiMode.c.cc26x2.ccs.o (.text:RF_cmdDispatchTime)
                  0000fb9c    00000088     StackWrapper.a : osal_cbtimer.o (.text)
                  0000fc24    00000088     drivers_cc26x2.a : PowerCC26X2_calibrateRCOSC.oem4f (.text:calibrateRcoscHf2)
                  0000fcac    00000088                      : PowerCC26X2.oem4f (.text:disableLFClockQualifiers)
                  0000fd34    00000088     gattservapp_util.obj (.text:gattServApp_SendNotiInd$23)
                  0000fdbc    00000088     drivers_cc26x2.a : PowerCC26X2_calibrateRCOSC.oem4f (.text:updateSubSecInc)
                  0000fe44    00000084     rf_multiMode_cc26x2.aem4f : RFCC26X2_multiMode.c.cc26x2.ccs.o (.text:RF_issueRadioFreeCb)
                  0000fec8    00000084                               : RFCC26X2_multiMode.c.cc26x2.ccs.o (.text:RF_verifyGap)
                  0000ff4c    00000084     simple_peripheral_oad_onchip.obj (.text:SimplePeripheral_updatePHYStat$4)
                  0000ffd0    00000084     drivers_cc26x2.a : UARTCC26XX.oem4f (.text:UARTCC26XX_close)
                  00010054    00000084     oad.obj (.text:oadSendNotification$18)
                  000100d8    00000080     drivers_cc26x2.a : NVSCC26XX.oem4f (.text:NVSCC26XX_open)
                  00010158    00000080     OneLib.a : ll_enc.o (.text)
                  000101d8    00000080     oad.obj (.text:oadResetState$18)
                  00010258    00000080     oad.obj (.text:oadWriteAttrCB$18)
                  000102d8    00000080     rom_sysbios.aem4f : rom_sysbios.obj (.text:ti_sysbios_family_arm_cc26xx_Timer_start__E)
                  00010358    0000007e     OneLib.a : gap_task.o (.text)
                  000103d6    00000002     StackWrapper.a : common_rom_init.o (.text)
                  000103d8    0000007c     nvocmp.obj (.text:NVOCMP_readItemApi$10)
                  00010454    0000007c     OneLib.a : ll_enc.o (.text)
                  000104d0    0000007c     rf_multiMode_cc26x2.aem4f : RFCC26X2_multiMode.c.cc26x2.ccs.o (.text:RF_ratFreeChannel)
                  0001054c    0000007c     StackWrapper.a : gapbondmgr.o (.text)
                  000105c8    0000007a     OneLib.a : gattservapp.o (.text)
                  00010642    0000007a     rtsv7M4_T_le_v4SPD16_eabi.lib : memset_t2.asm.obj (.text)
                  000106bc    00000078     icall.obj (.text:ICall_heapInit)
                  00010734    00000078     nvocmp.obj (.text:NVOCMP_checkItem$10)
                  000107ac    00000078     OneLib.a : ll_common.o (.text)
                  00010824    00000078     StackWrapper.a : osal_cbtimer.o (.text)
                  0001089c    00000076                    : gap.o (.text)
                  00010912    00000002                    : hal_assert.o (.text)
                  00010914    00000074     nvocmp.obj (.text:NVOCMP_writeItemApi$10)
                  00010988    00000074     drivers_cc26x2.a : PowerCC26X2_calibrateRCOSC.oem4f (.text:PowerCC26X2_auxISR)
                  000109fc    00000074                      : TRNGCC26XX.oem4f (.text:TRNG_construct)
                  00010a70    00000074     rom_sysbios.aem4f : rom_sysbios.obj (.text:ti_sysbios_gates_GateMutexPri_leave__E)
                  00010ae4    00000072     rf_multiMode_cc26x2.aem4f : RFCC26X2_multiMode.c.cc26x2.ccs.o (.text:RF_detachOverrides)
                  00010b56    00000002     StackWrapper.a : hal_assert.o (.text)
                  00010b58    00000070     drivers_cc26x2.a : AESCCMCC26XX.oem4f (.text:AESCCM_cleanup)
                  00010bc8    00000070     icall.obj (.text:ICall_heapGetStats)
                  00010c38    00000070     rf_multiMode_cc26x2.aem4f : rfc.c.cc26x2.ccs.o (.text:NOROM_RFCAnaDivTxOverride)
                  00010ca8    00000070     nvocmp.obj (.text:NVOCMP_eraseNvApi$10)
                  00010d18    00000070     OneLib.a : gatt_server.o (.text)
                  00010d88    00000070              : ll_common.o (.text)
                  00010df8    00000070              : ll_enc.o (.text)
                  00010e68    00000070     rf_multiMode_cc26x2.aem4f : RFCC26X2_multiMode.c.cc26x2.ccs.o (.text:RF_ratDisableChannel)
                  00010ed8    00000070     drivers_cc26x2.a : Random.oem4f (.text:Random_seedAutomatic)
                  00010f48    00000070     simple_peripheral_oad_onchip.obj (.text:SimplePeripheral_processOadResetEvt$4)
                  00010fb8    00000070     StackWrapper.a : osal.o (.text)
                  00011028    0000006e     OneLib.a : gatt_server.o (.text)
                  00011096    0000006e     rf_multiMode_cc26x2.aem4f : RFCC26X2_multiMode.c.cc26x2.ccs.o (.text:RF_attachOverrides)
                  00011104    0000006e                               : RFCC26X2_multiMode.c.cc26x2.ccs.o (.text:RF_howToSchedule)
                  00011172    00000002     StackWrapper.a : onboard.o (.text)
                  00011174    0000006d     rom_sysbios.aem4f : rom_sysbios.obj (.text:xdc_runtime_System_formatNum__I)
                  000111e1    00000001     --HOLE-- [fill = 0]
                  000111e2    00000002     rtsv7M4_T_le_v4SPD16_eabi.lib : _lock.c.obj (.text:_nop)
                  000111e4    0000006c     driverlib.lib : chipinfo.obj (.text:NOROM_ChipInfo_GetChipType)
                  00011250    0000006c     nvocmp.obj (.text:NVOCMP_getDstPage$10)
                  000112bc    0000006c     OneLib.a : ll_common.o (.text)
                  00011328    0000006c              : ll_isr.o (.text)
                  00011394    0000006c     rf_multiMode_cc26x2.aem4f : RFCC26X2_multiMode.c.cc26x2.ccs.o (.text:RF_getCurrentTime)
                  00011400    0000006c     simple_peripheral_oad_onchip.obj (.text:SimplePeripheral_clearConnListEntry$4)
                  0001146c    0000006c     StackWrapper.a : osal_cbtimer.o (.text)
                  000114d8    0000006c     oad.obj (.text:oadFindCurrentImageHdr$18)
                  00011544    00000068     drivers_cc26x2.a : CryptoUtils.oem4f (.text:CryptoUtils_copyPad)
                  000115ac    00000068     icall.obj (.text:ICall_send)
                  00011614    00000068     icall.obj (.text:ICall_sendServiceComplete)
                  0001167c    00000068     driverlib.lib : osc.obj (.text:NOROM_OSCHF_SwitchToRcOscTurnOffXosc)
                  000116e4    00000068     OneLib.a : gattservapp.o (.text)
                  0001174c    00000068     rf_multiMode_cc26x2.aem4f : RFCC26X2_multiMode.c.cc26x2.ccs.o (.text:RF_hwiHw)
                  000117b4    00000068     StackWrapper.a : osal_timers.o (.text)
                  0001181c    00000068     rtsv7M4_T_le_v4SPD16_eabi.lib : copy_decompress_lzss.c.obj (.text:decompress:lzss:__TI_decompress_lzss)
                  00011884    00000066     OneLib.a : ll_common.o (.text)
                  000118ea    00000002     drivers_cc26x2.a : PowerCC26X2.oem4f (.text:emptyClockFunc)
                  000118ec    00000064                      : AESCCMCC26XX.oem4f (.text:AESCCM_waitForResult)
                  00011950    00000064                      : AESCTRCC26XX.oem4f (.text:AESCTR_waitForResult)
                  000119b4    00000064                      : AESECBCC26XX.oem4f (.text:AESECB_waitForResult)
                  00011a18    00000064     nvocmp.obj (.text:NVOCMP_findSignature$10)
                  00011a7c    00000064     OneLib.a : gapgattserver.o (.text)
                  00011ae0    00000064              : gattservapp.o (.text)
                  00011b44    00000064     rf_multiMode_cc26x2.aem4f : RFCC26X2_multiMode.c.cc26x2.ccs.o (.text:RF_dispatchNextEvent)
                  00011ba8    00000064     drivers_cc26x2.a : UARTCC26XX.oem4f (.text:UARTCC26XX_control)
                  00011c0c    00000062     ti_drivers_config.obj (.text:Board_sendExtFlashByte)
                  00011c6e    00000062     gattservapp_util.obj (.text:GATTServApp_ProcessCCCWriteReq)
                  00011cd0    00000062     rf_multiMode_cc26x2.aem4f : RFCC26X2_multiMode.c.cc26x2.ccs.o (.text:RF_syncCb)
                  00011d32    00000062     StackWrapper.a : icall_lite_translation.o (.text)
                  00011d94    00000062     drivers_cc26x2.a : UARTCC26XX.oem4f (.text:UARTCC26XX_swiIntFxn)
                  00011df6    00000002                      : CryptoResourceCC26XX.oem4f (.text:errorSpin)
                  00011df8    00000060                      : AESCCMCC26XX.oem4f (.text:AESCCM_hwiFxn)
                  00011e58    00000060                      : AESCTRCC26XX.oem4f (.text:AESCTR_hwiFxn)
                  00011eb8    00000060                      : AESECBCC26XX.oem4f (.text:AESECB_hwiFxn)
                  00011f18    00000060                      : CryptoResourceCC26XX.oem4f (.text:CryptoResourceCC26XX_constructRTOSObjects)
                  00011f78    00000060     icall.obj (.text:ICall_createRemoteTasksAtRuntime)
                  00011fd8    00000060     icall.obj (.text:ICall_enrollService)
                  00012038    00000060     OneLib.a : ll_ae.o (.text)
                  00012098    00000060              : ll_common.o (.text)
                  000120f8    00000060     drivers_cc26x2.a : PKAResourceCC26XX.oem4f (.text:PKAResourceCC26XX_constructRTOSObjects)
                  00012158    00000060     rf_multiMode_cc26x2.aem4f : RFCC26X2_multiMode.c.cc26x2.ccs.o (.text:RF_applyRfCorePatch)
                  000121b8    00000060     StackWrapper.a : gapbondmgr.o (.text)
                  00012218    00000060     drivers_cc26x2.a : TRNGCC26XX.oem4f (.text:TRNGCC26XX_startTrng)
                  00012278    0000005e     icall.obj (.text:ICall_fetchMsg)
                  000122d6    00000002     drivers_cc26x2.a : PKAResourceCC26XX.oem4f (.text:errorSpin)
                  000122d8    0000005c     display.a : Display.oem4f (.text:Display_doOpen)
                  00012334    0000005c     icall.obj (.text:ICall_pwrUpdActivityCounter)
                  00012390    0000005c     nvocmp.obj (.text:NVOCMP_readItem$10)
                  000123ec    0000005c     OneLib.a : gap_perilinkmgr.o (.text)
                  00012448    0000005c              : ll_scheduler.o (.text)
                  000124a4    0000005c     drivers_cc26x2.a : PINCC26XX.oem4f (.text:PIN_remove)
                  00012500    0000005c                      : NVSCC26XX.oem4f (.text:doErase)
                  0001255c    0000005c     oad.obj (.text:oadCheckDL$18)
                  000125b8    0000005c     simple_gatt_profile.obj (.text:simpleProfile_ReadAttrCB)
                  00012614    0000005c     drivers_cc26x2.a : UARTCC26XX.oem4f (.text:startTxFifoEmptyClk)
                  00012670    0000005c     simple_peripheral_oad_onchip_app_pem4f.oem4f (.text:xdc_runtime_Startup_getState__I)
                  000126cc    00000058     drivers_cc26x2.a : ECDHCC26X2.oem4f (.text:ECDH_construct)
                  00012724    00000058     icall.obj (.text:ICall_wait)
                  0001277c    00000058     OneLib.a : ll_ae.o (.text)
                  000127d4    00000058              : ll_common.o (.text)
                  0001282c    00000058              : ll_enc.o (.text)
                  00012884    00000058              : ll_isr.o (.text)
                  000128dc    00000058     drivers_cc26x2.a : PowerCC26X2_calibrateRCOSC.oem4f (.text:PowerCC26X2_initiateCalibration)
                  00012934    00000058     rf_multiMode_cc26x2.aem4f : RFCC26X2_multiMode.c.cc26x2.ccs.o (.text:RF_hwiCpe0PowerFsm)
                  0001298c    00000058     simple_peripheral_oad_onchip.obj (.text:SimplePeripheral_enqueueMsg$4)
                  000129e4    00000058     StackWrapper.a : sm_ecc.o (.text)
                  00012a3c    00000058     drivers_cc26x2.a : TRNGCC26XX.oem4f (.text:TRNG_init)
                  00012a94    00000058     boot.aem4f : boot.oem4f (.text)
                  00012aec    00000056     rf_multiMode_cc26x2.aem4f : RFCC26X2_multiMode.c.cc26x2.ccs.o (.text:RF_defaultSubmitPolicy)
                  00012b42    00000002     icall_api_lite.obj (.text:rfErrCb)
                  00012b44    00000054     drivers_cc26x2.a : AESCCMCC26XX.oem4f (.text:AESCCM_construct)
                  00012b98    00000054                      : AESCTRCC26XX.oem4f (.text:AESCTR_construct)
                  00012bec    00000054                      : AESECBCC26XX.oem4f (.text:AESECB_construct)
                  00012c40    00000054     driverlib.lib : prcm.obj (.text:NOROM_PRCMPowerDomainsAllOff)
                  00012c94    00000054     nvocmp.obj (.text:NVOCMP_doNVCRC$10)
                  00012ce8    00000054     drivers_cc26x2.a : NVSCC26XX.oem4f (.text:NVSCC26XX_init)
                  00012d3c    00000054     OneLib.a : gattservapp.o (.text)
                  00012d90    00000054              : hci_event.o (.text)
                  00012de4    00000054              : ll.o (.text)
                  00012e38    00000054              : ll_ae.o (.text)
                  00012e8c    00000054              : ll_ae.o (.text)
                  00012ee0    00000054              : ll_ae.o (.text)
                  00012f34    00000054     rf_multiMode_cc26x2.aem4f : RFCC26X2_multiMode.c.cc26x2.ccs.o (.text:RF_fsmXOSCState)
                  00012f88    00000054     StackWrapper.a : osal_bufmgr.o (.text)
                  00012fdc    00000054     drivers_cc26x2.a : StructRingBuf.oem4f (.text:StructRingBuf_put)
                  00013030    00000054     dpl_cc26x2.a : SwiP_tirtos.oem4f (.text:SwiP_construct)
                  00013084    00000054     util.obj (.text:Util_convertBdAddr2Str)
                  000130d8    00000054     rf_multiMode_cc26x2.aem4f : rf_patch_cpe_bt5.c.cc26x2.ccs.o (.text:configureBt5Patch)
                  0001312c    00000052     OneLib.a : gap_centlinkmgr.o (.text)
                  0001317e    00000050     drivers_cc26x2.a : AESCTRDRBGXX.oem4f (.text:AESCTRDRBGXX_addBigendCounter)
                  000131ce    00000002     rtsv7M4_T_le_v4SPD16_eabi.lib : div0.asm.obj (.text)
                  000131d0    00000050     nvocmp.obj (.text:NVOCMP_compactNvApi$10)
                  00013220    00000050     OneLib.a : gap_perilinkmgr.o (.text)
                  00013270    00000050              : hci_tl.o (.text)
                  000132c0    00000050              : ll_common.o (.text)
                  00013310    00000050              : ll_enc.o (.text)
                  00013360    00000050     StackWrapper.a : osal.o (.text)
                  000133b0    00000050                    : osal_clock.o (.text)
                  00013400    00000050     drivers_cc26x2.a : TRNGCC26XX.oem4f (.text:TRNGCC26XX_waitForResult)
                  00013450    0000004e     StackWrapper.a : gap.o (.text)
                  0001349e    00000002     simple_peripheral_oad_onchip_app_pem4f.oem4f (.text:ti_sysbios_BIOS_nullFunc__I)
                  000134a0    0000004c     icall.obj (.text:ICall_newTask$11)
                  000134ec    0000004c     driverlib.lib : prcm.obj (.text:NOROM_PRCMPowerDomainsAllOn)
                  00013538    0000004c     nvocmp.obj (.text:NVOCMP_loadApiPtrsMin)
                  00013584    0000004c     nvocmp.obj (.text:NVOCMP_setItemInactive$10)
                  000135d0    0000004c     OneLib.a : ll_scheduler.o (.text)
                  0001361c    0000004c     rf_multiMode_cc26x2.aem4f : RFCC26X2_multiMode.c.cc26x2.ccs.o (.text:RF_wakeupNotification)
                  00013668    0000004c     drivers_cc26x2.a : StructRingBuf.oem4f (.text:StructRingBuf_get)
                  000136b4    0000004c                      : UARTCC26XX.oem4f (.text:UARTCC26XX_readCancel)
                  00013700    0000004c     util.obj (.text:Util_constructClock)
                  0001374c    0000004c     rtsv7M4_T_le_v4SPD16_eabi.lib : cpy_tbl.c.obj (.text:copy_in)
                  00013798    00000048     ti_drivers_config.obj (.text:Board_wakeUpExtFlash)
                  000137e0    00000048     rf_multiMode_cc26x2.aem4f : rfc.c.cc26x2.ccs.o (.text:NOROM_RFCSynthPowerDown)
                  00013828    00000048     nvocmp.obj (.text:NVOCMP_write$10)
                  00013870    00000048     drivers_cc26x2.a : NVS.oem4f (.text:NVS_open)
                  000138b8    00000048     OneLib.a : gattservapp.o (.text)
                  00013900    00000048              : ll.o (.text)
                  00013948    00000048              : ll.o (.text)
                  00013990    00000048     drivers_cc26x2.a : PINCC26XX.oem4f (.text:PIN_setOutputEnable)
                  000139d8    00000048                      : PowerCC26X2_calibrateRCOSC.oem4f (.text:PowerCC26X2_RCOSC_clockFunc)
                  00013a20    00000048                      : PowerCC26X2.oem4f (.text:PowerCC26XX_switchXOSC_HF)
                  00013a68    00000048                      : NVSCC26XX.oem4f (.text:disableFlashCache)
                  00013ab0    00000048                      : PowerCC26X2.oem4f (.text:switchXOSCHF)
                  00013af8    00000048                      : UARTCC26XX.oem4f (.text:writeFinishedDoCallback)
                  00013b40    00000046                      : RingBuf.oem4f (.text:RingBuf_put)
                  00013b86    00000002     rom_sysbios.aem4f : rom_sysbios.obj (.text:ti_sysbios_heaps_HeapCallback_defaultDelete)
                  00013b88    00000044     drivers_cc26x2.a : ECDHCC26X2.oem4f (.text:ECDHCC26X2_waitForResult)
                  00013bcc    00000044     driverlib.lib : chipinfo.obj (.text:NOROM_ChipInfo_GetHwRevision)
                  00013c10    00000044     nvocmp.obj (.text:NVOCMP_getFreeNvApi$10)
                  00013c54    00000044     drivers_cc26x2.a : NVSCC26XX.oem4f (.text:NVSCC26XX_read)
                  00013c98    00000044     OneLib.a : ll.o (.text)
                  00013cdc    00000044              : ll.o (.text)
                  00013d20    00000044              : ll_ae.o (.text)
                  00013d64    00000044              : ll_common.o (.text)
                  00013da8    00000044              : ll_isr.o (.text)
                  00013dec    00000044     drivers_cc26x2.a : PINCC26XX.oem4f (.text:PIN_swi)
                  00013e30    00000044     simple_peripheral_oad_onchip.obj (.text:SimplePeripheral_doSelectConn)
                  00013e74    00000044     simple_gatt_profile.obj (.text:SimpleProfile_GetParameter)
                  00013eb8    00000044     StackWrapper.a : osal.o (.text)
                  00013efc    00000044                    : osal_timers.o (.text)
                  00013f40    00000044     drivers_cc26x2.a : UART.oem4f (.text:UART_init)
                  00013f84    00000042     OneLib.a : ll.o (.text)
                  00013fc6    00000040     dpl_cc26x2.a : ClockP_tirtos.oem4f (.text:ClockP_construct)
                  00014006    00000002     rom_sysbios.aem4f : rom_sysbios.obj (.text:xdc_runtime_SysCallback_defaultAbort)
                  00014008    00000040     drivers_cc26x2.a : ECDHCC26X2.oem4f (.text:ECDHCC26X2_getPublicKeyResult)
                  00014048    00000040     driverlib.lib : osc.obj (.text:NOROM_OSC_HPOSCRelativeFrequencyOffsetGet)
                  00014088    00000040     OneLib.a : gap_configmgr.o (.text)
                  000140c8    00000040              : gattservapp.o (.text)
                  00014108    00000040              : linkdb.o (.text)
                  00014148    00000040              : ll_scheduler.o (.text)
                  00014188    00000040     drivers_cc26x2.a : PowerCC26X2.oem4f (.text:PowerCC26XX_isStableXOSC_HF)
                  000141c8    00000040                      : Random.oem4f (.text:Random_getNumber)
                  00014208    00000040     oad_reset_service.obj (.text:ResetWriteAttrCB$20)
                  00014248    00000040     drivers_cc26x2.a : RingBuf.oem4f (.text:RingBuf_get)
                  00014288    00000040     StackWrapper.a : osal.o (.text)
                  000142c8    00000040                    : osal_bufmgr.o (.text)
                  00014308    00000040                    : osal_bufmgr.o (.text)
                  00014348    00000040                    : osal_timers.o (.text)
                  00014388    00000040     drivers_cc26x2.a : TRNGCC26XX.oem4f (.text:TRNGCC26XX_copyToClient)
                  000143c8    00000040                      : UART.oem4f (.text:UART_open)
                  00014408    00000040     rtsv7M4_T_le_v4SPD16_eabi.lib : u_divt2.asm.obj (.text)
                  00014448    00000040     rom_sysbios.aem4f : rom_sysbios.obj (.text:ti_sysbios_family_arm_cc26xx_Timer_setThreshold__I)
                  00014488    00000040                       : rom_sysbios.obj (.text:ti_sysbios_heaps_HeapCallback_Module_startup__E)
                  000144c8    0000003e     dpl_cc26x2.a : HwiP_tirtos.oem4f (.text:HwiP_construct)
                  00014506    0000003e     simple_peripheral_oad_onchip.obj (.text:SimplePeripheral_passcodeCb$4)
                  00014544    0000003c     nvocmp.obj (.text:NVOCMP_disableCache$10)
                  00014580    0000003c     OneLib.a : gap_linkmgr.o (.text)
                  000145bc    0000003c              : gattservapp.o (.text)
                  000145f8    0000003c              : gattservapp.o (.text)
                  00014634    0000003c              : gattservapp.o (.text)
                  00014670    0000003c              : ll_ae.o (.text)
                  000146ac    0000003c     drivers_cc26x2.a : PINCC26XX.oem4f (.text:PIN_setOutputValue)
                  000146e8    0000003c     rf_multiMode_cc26x2.aem4f : RFCC26X2_multiMode.c.cc26x2.ccs.o (.text:RF_cmdGet)
                  00014724    0000003c                               : RFCC26X2_multiMode.c.cc26x2.ccs.o (.text:RF_cmdStoreEvents)
                  00014760    0000003c     simple_peripheral_oad_onchip.obj (.text:SimplePeripheral_createTask)
                  0001479c    0000003c     simple_peripheral_oad_onchip.obj (.text:SimplePeripheral_setPhy$4)
                  000147d8    0000003c     simple_peripheral_oad_onchip.obj (.text:SimplePeripheral_stopAutoPhyChange$4)
                  00014814    0000003c     StackWrapper.a : osal.o (.text)
                  00014850    0000003c                    : osal.o (.text)
                  0001488c    0000003c                    : osal.o (.text)
                  000148c8    0000003c                    : osal_timers.o (.text)
                  00014904    0000003c                    : sm_ecc.o (.text)
                  00014940    0000003c     drivers_cc26x2.a : NVSCC26XX.oem4f (.text:checkEraseRange)
                  0001497c    0000003c     oad.obj (.text:oadValidateCandidateHdr$18)
                  000149b8    0000003c     rom_sysbios.aem4f : rom_sysbios.obj (.text:ti_sysbios_family_arm_m3_Hwi_construct2__E)
                  000149f4    0000003a     StackWrapper.a : osal.o (.text)
                  00014a2e    0000003a     oad.obj (.text:oadEraseExtFlashPages$18)
                  00014a68    00000038     board_key.obj (.text:Board_keyCallback$2)
                  00014aa0    00000038     ti_drivers_config.obj (.text:Board_shutDownExtFlash)
                  00014ad8    00000038     oad.obj (.text:OAD_getSWVersion)
                  00014b10    00000038     OneLib.a : hci.o (.text)
                  00014b48    00000038              : ll_enc.o (.text)
                  00014b80    00000038              : ll_scheduler.o (.text)
                  00014bb8    00000038     drivers_cc26x2.a : PINCC26XX.oem4f (.text:PIN_setConfig)
                  00014bf0    00000038     rf_multiMode_cc26x2.aem4f : RFCC26X2_multiMode.c.cc26x2.ccs.o (.text:RF_checkCmdFsError)
                  00014c28    00000038                               : RFCC26X2_multiMode.c.cc26x2.ccs.o (.text:RF_powerConstraintRelease)
                  00014c60    00000038     StackWrapper.a : osal_timers.o (.text)
                  00014c98    00000038     drivers_cc26x2.a : PowerCC26X2.oem4f (.text:notify)
                  00014cd0    00000038                      : UARTCC26XX.oem4f (.text:readData)
                  00014d08    00000038     two_btn_menu.obj (.text:tbm_goTo)
                  00014d40    00000038     rom_sysbios.aem4f : rom_sysbios.obj (.text:ti_sysbios_family_arm_cc26xx_Timer_getCurrentTick__E)
                  00014d78    00000038     drivers_cc26x2.a : UARTCC26XX.oem4f (.text:writeData)
                  00014db0    00000036                      : ECDHCC26X2.oem4f (.text:ECDHCC26X2_convertReturnValue)
                  00014de6    00000036     StackWrapper.a : ble_dispatch_lite.o (.text)
                  00014e1c    00000036     rom_sysbios.aem4f : rom_sysbios.obj (.text:ti_sysbios_family_arm_cc26xx_Timer_setNextTick__E)
                  00014e52    00000002                       : rom_sysbios.obj (.text:xdc_runtime_SysCallback_defaultExit)
                  00014e54    00000034     gattservapp_util.obj (.text:GATTServApp_InitCharCfg)
                  00014e88    00000034     icall.obj (.text:ICall_dispatch$11)
                  00014ebc    00000034     icall.obj (.text:ICall_heapFree)
                  00014ef0    00000034     icall.obj (.text:ICall_searchServiceEntity)
                  00014f24    00000034     driverlib.lib : sys_ctrl.obj (.text:NOROM_SysCtrlIdle)
                  00014f58    00000034     nvocmp.obj (.text:NVOCMP_verifyCRC$10)
                  00014f8c    00000034     OneLib.a : ble.o (.text)
                  00014fc0    00000034              : hci.o (.text)
                  00014ff4    00000034              : hci_tl.o (.text)
                  00015028    00000034              : ll_scheduler.o (.text)
                  0001505c    00000034              : ll_scheduler.o (.text)
                  00015090    00000034     rf_multiMode_cc26x2.aem4f : RFCC26X2_multiMode.c.cc26x2.ccs.o (.text:RF_runDirectImmediateCmd)
                  000150c4    00000034     simple_peripheral_oad_onchip.obj (.text:SimplePeripheral_clockHandler$4)
                  000150f8    00000034     StackWrapper.a : gapbondmgr.o (.text)
                  0001512c    00000034                    : icall_startup.o (.text)
                  00015160    00000034     drivers_cc26x2.a : UARTCC26XX.oem4f (.text:readData2RingBuf)
                  00015194    00000034     two_btn_menu.obj (.text:tbm_findActiveItem)
                  000151c8    00000034     rom_sysbios.aem4f : rom_sysbios.obj (.text:ti_sysbios_knl_Swi_setPri__E)
                  000151fc    00000032                       : rom_sysbios.obj (.text:ti_sysbios_gates_GateMutexPri_insertPri__I)
                  0001522e    00000002                       : rom_sysbios.obj (.text:xdc_runtime_SysCallback_defaultFlush)
                  00015230    00000030     drivers_cc26x2.a : AESECBCC26XX.oem4f (.text:AESECB_cleanup)
                  00015260    00000030     icall.obj (.text:ICall_msecs2Ticks$11)
                  00015290    00000030     icall.obj (.text:ICall_primEntityId2ServiceId$11)
                  000152c0    00000030     icall.obj (.text:ICall_searchTask$11)
                  000152f0    00000030     nvocmp.obj (.text:NVOCMP_changePageState$10)
                  00015320    00000030     drivers_cc26x2.a : NVSCC26XX.oem4f (.text:NVSCC26XX_erase)
                  00015350    00000030     OneLib.a : gattservapp.o (.text)
                  00015380    00000030              : ll_ae.o (.text)
                  000153b0    00000030              : ll_scheduler.o (.text)
                  000153e0    00000030     drivers_cc26x2.a : PINCC26XX.oem4f (.text:PINCC26XX_setMux)
                  00015410    00000030                      : PowerCC26X2.oem4f (.text:Power_releaseConstraint)
                  00015440    00000030                      : PowerCC26X2.oem4f (.text:Power_setConstraint)
                  00015470    00000030     StackWrapper.a : osal_timers.o (.text)
                  000154a0    00000030     drivers_cc26x2.a : TRNGCC26XX.oem4f (.text:TRNGCC26XX_fillEntropyPool)
                  000154d0    00000030     rf_multiMode_cc26x2.aem4f : rf_patch_cpe_bt5.c.cc26x2.ccs.o (.text:applyBt5Patch)
                  00015500    00000030     simple_peripheral_oad_onchip_app_pem4f.oem4f (.text:ti_sysbios_BIOS_atExitFunc__I)
                  00015530    00000030     simple_peripheral_oad_onchip_app_pem4f.oem4f (.text:ti_sysbios_BIOS_startFunc__I)
                  00015560    00000030     rom_sysbios.aem4f : rom_sysbios.obj (.text:ti_sysbios_family_arm_cc26xx_Timer_initDevice__I)
                  00015590    00000030     simple_peripheral_oad_onchip_app_pem4f.oem4f (.text:ti_sysbios_gates_GateMutexPri_Object__create__S)
                  000155c0    00000030     simple_peripheral_oad_onchip_app_pem4f.oem4f (.text:ti_sysbios_gates_GateMutexPri_create)
                  000155f0    00000030     simple_peripheral_oad_onchip_app_pem4f.oem4f (.text:ti_sysbios_heaps_HeapCallback_Object__create__S)
                  00015620    00000030     rom_sysbios.aem4f : rom_sysbios.obj (.text:ti_sysbios_knl_Clock_getTimeout__E)
                  00015650    0000002e     icall_cc2650.obj (.text:ICallPlatform_pwrDispenseImpl$12)
                  0001567e    0000002e     icall_cc2650.obj (.text:ICallPlatform_pwrRequireImpl$12)
                  000156ac    0000002e     OneLib.a : gattservapp.o (.text)
                  000156da    0000002e     drivers_cc26x2.a : TRNGCC26XX.oem4f (.text:TRNGCC26XX_serviceJob)
                  00015708    0000002c     icall.obj (.text:ICall_getLocalMsgEntityId)
                  00015734    0000002c     icall.obj (.text:ICall_msgEnqueue$11)
                  00015760    0000002c     drivers_cc26x2.a : NVS.oem4f (.text:NVS_init)
                  0001578c    0000002c     OneLib.a : gatt_task.o (.text)
                  000157b8    0000002c              : gattservapp.o (.text)
                  000157e4    0000002c              : sm_rsppairing.o (.text)
                  00015810    0000002c     rf_multiMode_cc26x2.aem4f : RFCC26X2_multiMode.c.cc26x2.ccs.o (.text:RF_executeDirectImmediateCmd)
                  0001583c    0000002c     rom_init.obj (.text:ROM_Init)
                  00015868    0000002c     dpl_cc26x2.a : SemaphoreP_tirtos.oem4f (.text:SemaphoreP_constructBinary)
                  00015894    0000002c                  : SemaphoreP_tirtos.oem4f (.text:SemaphoreP_createBinary)
                  000158c0    0000002c     StackWrapper.a : hal_assert.o (.text)
                  000158ec    0000002c                    : osal_bufmgr.o (.text)
                  00015918    0000002c     drivers_cc26x2.a : TRNGCC26XX.oem4f (.text:TRNGCC26XX_stopTrng)
                  00015944    0000002c     flash_interface_int_rtos_NVS.obj (.text:flash_open)
                  00015970    0000002c     oad.obj (.text:oadGetNextBlockReq$18)
                  0001599c    0000002c     simple_peripheral_oad_onchip_app_pem4f.oem4f (.text:ti_sysbios_gates_GateMutexPri_Handle__label__S)
                  000159c8    0000002c     simple_peripheral_oad_onchip_app_pem4f.oem4f (.text:ti_sysbios_heaps_HeapCallback_Handle__label__S)
                  000159f4    0000002c     rom_sysbios.aem4f : rom_sysbios.obj (.text:ti_sysbios_knl_Clock_getTicksUntilInterrupt__E)
                  00015a20    0000002a     display.a : DisplayUart.oem4f (.text:DisplayUartAnsi_clear)
                  00015a4a    0000002a               : Display.oem4f (.text:Display_doPrintf)
                  00015a74    0000002a     drivers_cc26x2.a : List.oem4f (.text:List_insert)
                  00015a9e    0000002a     rf_multiMode_cc26x2.aem4f : RFCC26X2_multiMode.c.cc26x2.ccs.o (.text:RF_searchAndReplacePAOverride)
                  00015ac8    0000002a     simple_peripheral_oad_onchip.obj (.text:SimplePeripheral_pairStateCb$4)
                  00015af2    00000002     rom_sysbios.aem4f : rom_sysbios.obj (.text:xdc_runtime_SysCallback_defaultPutch)
                  00015af4    00000028     drivers_cc26x2.a : AESCTRCC26XX.oem4f (.text:AESCTR_cleanup)
                  00015b1c    00000028     rf_multiMode_cc26x2.aem4f : rfc.c.cc26x2.ccs.o (.text:NOROM_RFCOverrideSearch)
                  00015b44    00000028     nvocmp.obj (.text:NVOCMP_setCompactHdr$10)
                  00015b6c    00000028     OneLib.a : gattservapp.o (.text)
                  00015b94    00000028     drivers_cc26x2.a : PowerCC26X2.oem4f (.text:Power_registerNotify)
                  00015bbc    00000028     rf_multiMode_cc26x2.aem4f : RFCC26X2_multiMode.c.cc26x2.ccs.o (.text:RF_calculateDeltaTimeUs)
                  00015be4    00000028                               : RFCC26X2_multiMode.c.cc26x2.ccs.o (.text:RF_runScheduleCmd)
                  00015c0c    00000028     StackWrapper.a : osal.o (.text)
                  00015c34    00000028                    : osal_snv_wrapper.o (.text)
                  00015c5c    00000028                    : osal_snv_wrapper.o (.text)
                  00015c84    00000028                    : osal_snv_wrapper.o (.text)
                  00015cac    00000028     drivers_cc26x2.a : PowerCC26X2.oem4f (.text:oscillatorISR)
                  00015cd4    00000028                      : NVSCC26XX.oem4f (.text:restoreFlashCache)
                  00015cfc    00000028     two_btn_menu.obj (.text:tbm_setItemStatus)
                  00015d24    00000028     flash_interface_int_rtos_NVS.obj (.text:writeFlash)
                  00015d4c    00000028     flash_interface_int_rtos_NVS.obj (.text:writeFlashPg)
                  00015d74    00000026     drivers_cc26x2.a : List.oem4f (.text:List_put)
                  00015d9a    00000026                      : List.oem4f (.text:List_putHead)
                  00015dc0    00000026                      : List.oem4f (.text:List_remove)
                  00015de6    00000026     simple_peripheral_oad_onchip.obj (.text:SimplePeripheral_advCallback$4)
                  00015e0c    00000024     driverlib.lib : osc.obj (.text:NOROM_OSCHF_TurnOnXosc)
                  00015e30    00000024     rf_multiMode_cc26x2.aem4f : rfc.c.cc26x2.ccs.o (.text:NOROM_RFCDoorbellSendTo)
                  00015e54    00000024     OneLib.a : gapgattserver.o (.text)
                  00015e78    00000024              : gatt_server.o (.text)
                  00015e9c    00000024     rf_multiMode_cc26x2.aem4f : RFCC26X2_multiMode.c.cc26x2.ccs.o (.text:RF_cmdAlloc)
                  00015ec0    00000024                               : RFCC26X2_multiMode.c.cc26x2.ccs.o (.text:RF_invokeGlobalCallback)
                  00015ee4    00000024     StackWrapper.a : ble_dispatch_lite.o (.text)
                  00015f08    00000024                    : gapbondmgr.o (.text)
                  00015f2c    00000024                    : osal.o (.text)
                  00015f50    00000024                    : osal.o (.text)
                  00015f74    00000024                    : osal_timers.o (.text)
                  00015f98    00000024                    : osal_timers.o (.text)
                  00015fbc    00000024     flash_interface_int_rtos_NVS.obj (.text:eraseFlashPg)
                  00015fe0    00000024     drivers_cc26x2.a : PowerCC26X2_calibrateRCOSC.oem4f (.text:getTdcSemaphore)
                  00016004    00000024     rtsv7M4_T_le_v4SPD16_eabi.lib : memcmp.c.obj (.text:memcmp)
                  00016028    00000024     flash_interface_int_rtos_NVS.obj (.text:readFlash)
                  0001604c    00000024     simple_peripheral_oad_onchip_app_pem4f.oem4f (.text:ti_sysbios_BIOS_registerRTSLock__I)
                  00016070    00000024     simple_peripheral_oad_onchip_app_pem4f.oem4f (.text:ti_sysbios_BIOS_removeRTSLock__I)
                  00016094    00000024     rom_sysbios.aem4f : rom_sysbios.obj (.text:ti_sysbios_family_arm_cc26xx_Timer_getMaxTicks__E)
                  000160b8    00000024                       : rom_sysbios.obj (.text:ti_sysbios_family_arm_m3_Hwi_romInitNVIC__I)
                  000160dc    00000024     simple_peripheral_oad_onchip_app_pem4f.oem4f (.text:ti_sysbios_gates_GateMutexPri_Object__delete__S)
                  00016100    00000024     simple_peripheral_oad_onchip_app_pem4f.oem4f (.text:ti_sysbios_heaps_HeapCallback_Object__delete__S)
                  00016124    00000022     drivers_cc26x2.a : CryptoUtils.oem4f (.text:CryptoUtils_buffersMatch)
                  00016146    00000022     icall.obj (.text:ICall_setTimerMSecs)
                  00016168    00000022     drivers_cc26x2.a : List.oem4f (.text:List_get)
                  0001618a    00000022     OneLib.a : gatt_server.o (.text)
                  000161ac    00000022     simple_peripheral_oad_onchip.obj (.text:SimplePeripheral_charValueChangeCB$4)
                  000161ce    00000022     simple_peripheral_oad_onchip.obj (.text:SimplePeripheral_keyChangeHandler$4)
                  000161f0    00000020     ti_drivers_config.obj (.text:Board_init)
                  00016210    00000020     drivers_cc26x2.a : ECDHCC26X2.oem4f (.text:ECDHCC26X2_internalCallbackFxn)
                  00016230    00000020     dpl_cc26x2.a : HwiP_tirtos.oem4f (.text:HwiP_setFunc)
                  00016250    00000020     driverlib.lib : pka.obj (.text:NOROM_PKAClearPkaRam)
                  00016270    00000020     nvocmp.obj (.text:NVOCMP_readByte$10)
                  00016290    00000020     OneLib.a : gattservapp.o (.text)
                  000162b0    00000020              : ll_isr.o (.text)
                  000162d0    00000020              : ll_isr.o (.text)
                  000162f0    00000020              : ll_isr.o (.text)
                  00016310    00000020              : ll_rat.o (.text)
                  00016330    00000020              : sm_intpairing.o (.text)
                  00016350    00000020              : sm_rsppairing.o (.text)
                  00016370    00000020     drivers_cc26x2.a : PINCC26XX.oem4f (.text:PINCC26XX_setIoCfgMux)
                  00016390    00000020                      : PowerCC26X2.oem4f (.text:Power_unregisterNotify)
                  000163b0    00000020     rf_multiMode_cc26x2.aem4f : RFCC26X2_multiMode.c.cc26x2.ccs.o (.text:RF_clkPowerUp)
                  000163d0    00000020                               : RFCC26X2_multiMode.c.cc26x2.ccs.o (.text:RF_hwiCpe0ChangePhy)
                  000163f0    00000020                               : RFCC26X2_multiMode.c.cc26x2.ccs.o (.text:RF_isStateTransitionAllowed)
                  00016410    00000020                               : RFCC26X2_multiMode.c.cc26x2.ccs.o (.text:RF_ratIsRunning)
                  00016430    00000020                               : RFCC26X2_multiMode.c.cc26x2.ccs.o (.text:RF_setTxPower)
                  00016450    00000020     StackWrapper.a : osal_cbtimer.o (.text)
                  00016470    00000020                    : osal_snv_wrapper.o (.text)
                  00016490    00000020     crc.obj (.text:crc_update)
                  000164b0    00000020     gattservapp_util.obj (.text:gattServApp_FindCharCfgItem$23)
                  000164d0    00000020     drivers_cc26x2.a : UARTCC26XX.oem4f (.text:threadSafeStdbyDisRelease)
                  000164f0    00000020                      : UARTCC26XX.oem4f (.text:threadSafeStdbyDisSet)
                  00016510    00000020     simple_peripheral_oad_onchip_app_pem4f.oem4f (.text:ti_sysbios_BIOS_rtsLock__I)
                  00016530    00000020     rom_sysbios.aem4f : rom_sysbios.obj (.text:ti_sysbios_family_arm_cc26xx_Timer_dynamicStub__E)
                  00016550    0000001e     OneLib.a : hci_data.o (.text)
                  0001656e    0000001e     drivers_cc26x2.a : PINCC26XX.oem4f (.text:PIN_close)
                  0001658c    0000001e                      : PowerCC26X2.oem4f (.text:Power_getTransitionLatency)
                  000165aa    0000001e     StackWrapper.a : osal.o (.text)
                  000165c8    0000001e                    : osal.o (.text)
                  000165e6    00000002     --HOLE-- [fill = 0]
                  000165e8    0000001c     crc32.obj (.text:CRC32_memCpy)
                  00016604    0000001c     icall.obj (.text:ICall_mallocLimited)
                  00016620    0000001c     icall.obj (.text:ICall_primRepostSync$11)
                  0001663c    0000001c     driverlib.lib : chipinfo.obj (.text:NOROM_ChipInfo_GetChipFamily)
                  00016658    0000001c                   : flash.obj (.text:NOROM_FlashProgram)
                  00016674    0000001c                   : flash.obj (.text:NOROM_FlashSectorErase)
                  00016690    0000001c     nvocmp.obj (.text:NVOCMP_writeByte$10)
                  000166ac    0000001c     drivers_cc26x2.a : NVSCC26XX.oem4f (.text:NVSCC26XX_getAttrs)
                  000166c8    0000001c                      : NVSCC26XX.oem4f (.text:NVSCC26XX_lock)
                  000166e4    0000001c     OneLib.a : sm_pairing.o (.text)
                  00016700    0000001c     drivers_cc26x2.a : PINCC26XX.oem4f (.text:PIN_hwi)
                  0001671c    0000001c     dpl_cc26x2.a : PowerCC26X2_tirtos.oem4f (.text:PowerCC26XX_schedulerDisable)
                  00016738    0000001c                  : PowerCC26X2_tirtos.oem4f (.text:PowerCC26XX_schedulerRestore)
                  00016754    0000001c     rf_multiMode_cc26x2.aem4f : RFCC26X2_multiMode.c.cc26x2.ccs.o (.text:RF_clkInactivityCallback)
                  00016770    0000001c                               : RFCC26X2_multiMode.c.cc26x2.ccs.o (.text:RF_getPAOverrideOffsetAndValue)
                  0001678c    0000001c                               : RFCC26X2_multiMode.c.cc26x2.ccs.o (.text:RF_getRssi)
                  000167a8    0000001c                               : RFCC26X2_multiMode.c.cc26x2.ccs.o (.text:RF_powerConstraintSet)
                  000167c4    0000001c     simple_peripheral_oad_onchip.obj (.text:SimplePeripheral_getConnIndex$4)
                  000167e0    0000001c     StackWrapper.a : hal_assert.o (.text)
                  000167fc    0000001c                    : osal.o (.text)
                  00016818    0000001c                    : osal.o (.text)
                  00016834    0000001c                    : osal_timers.o (.text)
                  00016850    0000001c     flash_interface_int_rtos_NVS.obj (.text:readFlashPg)
                  0001686c    0000001c     rom_sysbios.aem4f : rom_sysbios.obj (.text:ti_sysbios_knl_Swi_construct2__E)
                  00016888    0000001a     icall.obj (.text:ICall_enterCSImpl)
                  000168a2    0000001a     OneLib.a : hci.o (.text)
                  000168bc    0000001a     drivers_cc26x2.a : PowerCC26X2.oem4f (.text:PowerCC26XX_calibrate)
                  000168d6    0000001a     simple_peripheral_oad_onchip.obj (.text:SimplePeripheral_processOadResetWriteCB)
                  000168f0    0000001a     StackWrapper.a : osal_list.o (.text)
                  0001690a    0000001a     dpl_cc26x2.a : SystemP_tirtos.oem4f (.text:SystemP_snprintf)
                  00016924    00000018     drivers_cc26x2.a : CryptoResourceCC26XX.oem4f (.text:CryptoResourceCC26XX_acquireLock)
                  0001693c    00000018                      : CryptoUtils.oem4f (.text:CryptoUtils_reverseBufferBytewise)
                  00016954    00000018                      : ECDHCC26X2.oem4f (.text:ECDHCC26X2_getPublicKeyResultMontgomery)
                  0001696c    00000018                      : ECDHCC26X2.oem4f (.text:ECDHCC26X2_waitForAccess)
                  00016984    00000018     driverlib.lib : chipinfo.obj (.text:NOROM_ChipInfo_GetPackageType)
                  0001699c    00000018     nvocmp.obj (.text:NVOCMP_expectCompApi$10)
                  000169b4    00000018     nvocmp.obj (.text:NVOCMP_restoreCache$10)
                  000169cc    00000018     OneLib.a : ll.o (.text)
                  000169e4    00000018              : ll_common.o (.text)
                  000169fc    00000018     drivers_cc26x2.a : PowerCC26X2.oem4f (.text:Power_idleFunc)
                  00016a14    00000018     rf_multiMode_cc26x2.aem4f : RFCC26X2_multiMode.c.cc26x2.ccs.o (.text:RF_cancelCmd)
                  00016a2c    00000018                               : RFCC26X2_multiMode.c.cc26x2.ccs.o (.text:RF_swiFsm)
                  00016a44    00000018     simple_peripheral_oad_onchip.obj (.text:SimplePeripheral_updateRPA$4)
                  00016a5c    00000018     StackWrapper.a : ble_dispatch_lite.o (.text)
                  00016a74    00000018                    : osal.o (.text)
                  00016a8c    00000018                    : osal.o (.text)
                  00016aa4    00000018                    : osal.o (.text)
                  00016abc    00000018                    : osal_pwrmgr.o (.text)
                  00016ad4    00000018     dpl_cc26x2.a : SwiP_tirtos.oem4f (.text:SwiP_setPriority)
                  00016aec    00000018     drivers_cc26x2.a : TRNGCC26XX.oem4f (.text:TRNGCC26XX_startJob)
                  00016b04    00000018                      : UART.oem4f (.text:UART_Params_init)
                  00016b1c    00000018     rtsv7M4_T_le_v4SPD16_eabi.lib : args_main.c.obj (.text:_args_main)
                  00016b34    00000018     flash_interface_int_rtos_NVS.obj (.text:flash_close)
                  00016b4c    00000018     rtsv7M4_T_le_v4SPD16_eabi.lib : ll_mul_t2.asm.obj (.text)
                  00016b64    00000018     drivers_cc26x2.a : PowerCC26X2.oem4f (.text:switchToTCXO)
                  00016b7c    00000018     simple_peripheral_oad_onchip_app_pem4f.oem4f (.text:ti_sysbios_BIOS_rtsUnlock__I)
                  00016b94    00000018     rom_sysbios.aem4f : rom_sysbios.obj (.text:ti_sysbios_gates_GateMutexPri_Instance_init__E)
                  00016bac    00000018                       : rom_sysbios.obj (.text:ti_sysbios_heaps_HeapCallback_Instance_init__E)
                  00016bc4    00000018                       : rom_sysbios.obj (.text:ti_sysbios_knl_Swi_or__E)
                  00016bdc    00000018                       : rom_sysbios.obj (.text:xdc_runtime_Error_init__E)
                  00016bf4    00000018     simple_peripheral_oad_onchip_app_pem4f.oem4f (.text:xdc_runtime_Startup_exec__I)
                  00016c0c    00000016     display.a : DisplayUart.oem4f (.text:DisplayUartAnsi_close)
                  00016c22    00000016     icall.obj (.text:ICall_abort)
                  00016c38    00000016     icall.obj (.text:ICall_leaveCSImpl)
                  00016c4e    00000016     icall.obj (.text:ICall_pwrDispense)
                  00016c64    00000016     icall.obj (.text:ICall_pwrRequire)
                  00016c7a    00000016     OneLib.a : ll_isr.o (.text)
                  00016c90    00000016     rf_multiMode_cc26x2.aem4f : RFCC26X2_multiMode.c.cc26x2.ccs.o (.text:RF_restartClockTimeout)
                  00016ca6    00000016     rom_init.obj (.text:ROM_Spinlock)
                  00016cbc    00000016     simple_peripheral_oad_onchip.obj (.text:SimplePeripheral_connEvtCB$4)
                  00016cd2    00000016     StackWrapper.a : osal_list.o (.text)
                  00016ce8    00000016     ble_user_config.obj (.text:driverTable_fnSpinlock)
                  00016cfe    00000016     oad.obj (.text:oadReadAttrCB$18)
                  00016d14    00000016     simple_peripheral_oad_onchip.obj (.text:simple_peripheral_spin$4)
                  00016d2a    00000016     simple_peripheral_oad_onchip_app_pem4f.oem4f (.text:ti_sysbios_BIOS_exitFunc__I)
                  00016d40    00000016     rom_sysbios.aem4f : rom_sysbios.obj (.text:ti_sysbios_knl_Task_block__E)
                  00016d56    00000002     --HOLE-- [fill = 0]
                  00016d58    00000014     drivers_cc26x2.a : AESCCMCC26XX.oem4f (.text:AESCCM_init)
                  00016d6c    00000014                      : AESCTRDRBG.oem4f (.text:AESCTRDRBG_Params_init)
                  00016d80    00000014                      : AESCTRDRBGXX.oem4f (.text:AESCTRDRBG_init)
                  00016d94    00000014                      : AESCTRCC26XX.oem4f (.text:AESCTR_init)
                  00016da8    00000014                      : AESECBCC26XX.oem4f (.text:AESECB_init)
                  00016dbc    00000014     board_key.obj (.text:Board_keyChangeHandler$2)
                  00016dd0    00000014     drivers_cc26x2.a : ECDHCC26X2.oem4f (.text:ECDH_init)
                  00016de4    00000014                      : List.oem4f (.text:List_clearList)
                  00016df8    00000014     rf_multiMode_cc26x2.aem4f : rfc.c.cc26x2.ccs.o (.text:NOROM_RFCCpeIntGetAndClear)
                  00016e0c    00000014     OneLib.a : ll_data.o (.text)
                  00016e20    00000014     drivers_cc26x2.a : PINCC26XX.oem4f (.text:PINCC26XX_getInputValue)
                  00016e34    00000014                      : PINCC26XX.oem4f (.text:PINCC26XX_getOutputValue)
                  00016e48    00000014                      : PowerCC26X2_calibrateRCOSC.oem4f (.text:PowerCC26X2_calibrate)
                  00016e5c    00000014     rf_multiMode_cc26x2.aem4f : RFCC26X2_multiMode.c.cc26x2.ccs.o (.text:RF_Params_init)
                  00016e70    00000014                               : RFCC26X2_multiMode.c.cc26x2.ccs.o (.text:RF_dbellSyncOnAck)
                  00016e84    00000014                               : RFCC26X2_multiMode.c.cc26x2.ccs.o (.text:RF_flushCmd)
                  00016e98    00000014                               : RFCC26X2_multiMode.c.cc26x2.ccs.o (.text:RF_ratCompare)
                  00016eac    00000014                               : RFCC26X2_multiMode.c.cc26x2.ccs.o (.text:RF_ratGetChannel)
                  00016ec0    00000014     StackWrapper.a : osal.o (.text)
                  00016ed4    00000014                    : osal.o (.text)
                  00016ee8    00000014                    : osal.o (.text)
                  00016efc    00000014     drivers_cc26x2.a : StructRingBuf.oem4f (.text:StructRingBuf_construct)
                  00016f10    00000014                      : TRNGCC26XX.oem4f (.text:TRNG_close)
                  00016f24    00000014                      : TemperatureCC26X2.oem4f (.text:Temperature_getTemperature)
                  00016f38    00000014     rf_multiMode_cc26x2.aem4f : rf_patch_cpe_bt5.c.cc26x2.ccs.o (.text:enterBt5CpeHdPatch)
                  00016f4c    00000014     rom_sysbios.aem4f : rom_sysbios.obj (.text:ti_sysbios_family_arm_cc26xx_Timer_getCount64__E)
                  00016f60    00000014     simple_peripheral_oad_onchip_app_pem4f.oem4f (.text:ti_sysbios_heaps_HeapCallback_Object__get__S)
                  00016f74    00000014     simple_peripheral_oad_onchip_app_pem4f.oem4f (.text:ti_sysbios_knl_Clock_doTick__I)
                  00016f88    00000012     gattservapp_util.obj (.text:GATTServApp_FindAttr)
                  00016f9a    00000012     rf_multiMode_cc26x2.aem4f : RFCC26X2_multiMode.c.cc26x2.ccs.o (.text:RF_getCmdOp)
                  00016fac    00000012     drivers_cc26x2.a : RingBuf.oem4f (.text:RingBuf_construct)
                  00016fbe    00000012     dpl_cc26x2.a : SemaphoreP_tirtos.oem4f (.text:SemaphoreP_pend)
                  00016fd0    00000012     StackWrapper.a : ble_dispatch_lite.o (.text)
                  00016fe2    00000012                    : osal.o (.text)
                  00016ff4    00000012     dpl_cc26x2.a : SwiP_tirtos.oem4f (.text:SwiP_inISR)
                  00017006    00000002     --HOLE-- [fill = 0]
                  00017008    00000010     drivers_cc26x2.a : AESCCM.oem4f (.text:AESCCM_Params_init)
                  00017018    00000010                      : AESCCM.oem4f (.text:AESCCM_open)
                  00017028    00000010                      : AESCTRDRBG.oem4f (.text:AESCTRDRBG_open)
                  00017038    00000010                      : AESCTR.oem4f (.text:AESCTR_Params_init)
                  00017048    00000010                      : AESCTR.oem4f (.text:AESCTR_open)
                  00017058    00000010                      : AESECB.oem4f (.text:AESECB_Params_init)
                  00017068    00000010                      : AESECB.oem4f (.text:AESECB_open)
                  00017078    00000010     dpl_cc26x2.a : ClockP_tirtos.oem4f (.text:ClockP_isActive)
                  00017088    00000010     drivers_cc26x2.a : ECDH.oem4f (.text:ECDH_OperationComputeSharedSecret_init)
                  00017098    00000010                      : ECDHCC26X2.oem4f (.text:ECDH_Params_init)
                  000170a8    00000010                      : ECDH.oem4f (.text:ECDH_open)
                  000170b8    00000010     gattservapp_util.obj (.text:GATTServApp_ReadCharCfg)
                  000170c8    00000010     dpl_cc26x2.a : HwiP_tirtos.oem4f (.text:HwiP_Params_init)
                  000170d8    00000010                  : HwiP_tirtos.oem4f (.text:HwiP_inISR)
                  000170e8    00000010     icall.obj (.text:ICall_taskEntry$11)
                  000170f8    00000010     rf_multiMode_cc26x2.aem4f : rfc.c.cc26x2.ccs.o (.text:NOROM_RFCHwIntGetAndClear)
                  00017108    00000010     OneLib.a : gap_perilinkmgr.o (.text)
                  00017118    00000010              : ll_common.o (.text)
                  00017128    00000010              : ll_data.o (.text)
                  00017138    00000010              : ll_isr.o (.text)
                  00017148    00000010              : ll_isr.o (.text)
                  00017158    00000010              : ll_isr.o (.text)
                  00017168    00000010              : ll_isr.o (.text)
                  00017178    00000010              : ll_scheduler.o (.text)
                  00017188    00000010     drivers_cc26x2.a : PINCC26XX.oem4f (.text:PINCC26XX_getPinCount)
                  00017198    00000010     rf_multiMode_cc26x2.aem4f : RFCC26X2_multiMode.c.cc26x2.ccs.o (.text:RF_dbellSubmitCmdAsync)
                  000171a8    00000010                               : RFCC26X2_multiMode.c.cc26x2.ccs.o (.text:RF_isClientOwner)
                  000171b8    00000010     StackWrapper.a : onboard.o (.text)
                  000171c8    00000010                    : osal_memory_icall.o (.text)
                  000171d8    00000010                    : osal_memory_icall.o (.text)
                  000171e8    00000010                    : osal_memory_icall.o (.text)
                  000171f8    00000010     dpl_cc26x2.a : SwiP_tirtos.oem4f (.text:SwiP_Params_init)
                  00017208    00000010     drivers_cc26x2.a : TRNG.oem4f (.text:TRNG_Params_init)
                  00017218    00000010                      : TRNG.oem4f (.text:TRNG_open)
                  00017228    00000010     util.obj (.text:Util_isActive)
                  00017238    00000010     rom_sysbios.aem4f : rom_sysbios.obj (.text:ti_sysbios_family_arm_m3_Hwi_post__E)
                  00017248    00000010                       : rom_sysbios.obj (.text:ti_sysbios_gates_GateMutexPri_Instance_finalize__E)
                  00017258    00000010                       : rom_sysbios.obj (.text:ti_sysbios_heaps_HeapCallback_Instance_finalize__E)
                  00017268    00000010                       : rom_sysbios.obj (.text:ti_sysbios_heaps_HeapCallback_alloc__E)
                  00017278    00000010                       : rom_sysbios.obj (.text:ti_sysbios_heaps_HeapCallback_free__E)
                  00017288    00000010                       : rom_sysbios.obj (.text:ti_sysbios_heaps_HeapCallback_getStats__E)
                  00017298    00000010                       : rom_sysbios.obj (.text:ti_sysbios_heaps_HeapCallback_isBlocking__E)
                  000172a8    00000010     drivers_cc26x2.a : UARTCC26XX.oem4f (.text:uartPostNotify)
                  000172b8    0000000e                      : CryptoKeyPlaintextCC26XX.oem4f (.text:CryptoKeyPlaintext_initBlankKey)
                  000172c6    0000000e                      : CryptoKeyPlaintextCC26XX.oem4f (.text:CryptoKeyPlaintext_initKey)
                  000172d4    0000000e     icall.obj (.text:ICall_signal)
                  000172e2    0000000e     drivers_cc26x2.a : NVS.oem4f (.text:NVS_write)
                  000172f0    0000000e     rf_multiMode_cc26x2.aem4f : RFCC26X2_multiMode.c.cc26x2.ccs.o (.text:RF_getSwitchingTimeInUs)
                  000172fe    0000000e     drivers_cc26x2.a : StructRingBuf.oem4f (.text:StructRingBuf_isFull)
                  0001730c    0000000e     rtsv7M4_T_le_v4SPD16_eabi.lib : copy_decompress_none.c.obj (.text:decompress:none:__TI_decompress_none)
                  0001731a    0000000e     rom_sysbios.aem4f : rom_sysbios.obj (.text:ti_sysbios_family_arm_cc26xx_TimestampProvider_get32__E)
                  00017328    0000000c     drivers_cc26x2.a : AESCCMCC26XX.oem4f (.text:AESCCM_close)
                  00017334    0000000c                      : AESCTRCC26XX.oem4f (.text:AESCTR_close)
                  00017340    0000000c                      : AESECBCC26XX.oem4f (.text:AESECB_close)
                  0001734c    0000000c     dpl_cc26x2.a : ClockP_tirtos.oem4f (.text:ClockP_getSystemTickPeriod)
                  00017358    0000000c     drivers_cc26x2.a : CryptoResourceCC26XX.oem4f (.text:CryptoResourceCC26XX_releaseLock)
                  00017364    0000000c     display.a : Display.oem4f (.text:Display_doClearLines)
                  00017370    0000000c     drivers_cc26x2.a : ECDH.oem4f (.text:ECDH_OperationGeneratePublicKey_init)
                  0001737c    0000000c                      : ECDHCC26X2.oem4f (.text:ECDH_close)
                  00017388    0000000c     icall.obj (.text:ICall_clockFunc$11)
                  00017394    0000000c     driverlib.lib : cpu.obj (.text:NOROM_CPUcpsid)
                  000173a0    0000000c                   : cpu.obj (.text:NOROM_CPUcpsie)
                  000173ac    0000000c     nvocmp.obj (.text:NVOCMP_doRAMCRC$10)
                  000173b8    0000000c     drivers_cc26x2.a : NVSCC26XX.oem4f (.text:NVSCC26XX_unlock)
                  000173c4    0000000c     OneLib.a : gattservapp.o (.text)
                  000173d0    0000000c              : hci_tl.o (.text)
                  000173dc    0000000c              : hci_tl.o (.text)
                  000173e8    0000000c              : hci_tl.o (.text)
                  000173f4    0000000c              : ll_scheduler.o (.text)
                  00017400    0000000c              : ll_scheduler.o (.text)
                  0001740c    0000000c     drivers_cc26x2.a : PINCC26XX.oem4f (.text:PIN_registerIntCb)
                  00017418    0000000c                      : PowerCC26X2.oem4f (.text:Power_getConstraintMask)
                  00017424    0000000c                      : PowerCC26X2.oem4f (.text:Power_getDependencyCount)
[...]
20000fb9  l2capTaskID                                                     
20000fba  l2capNumChannels                                                
20000fbb  l2capNumDataPkts                                                
20000fbc  l2capNumPSM                                                     
20000fbd  l2capNumCoChannels                                              
20000fbe  l2cap_gattServAppTaskID                                         
20000fbf  l2capId                                                         
20000fc1  linkDBNumConns                                                  
20000fc2  linkDB_secureConnectionOnlyMode                                 
20000fc3  maxPduSize                                                      
20000fc4  rfFeModeBias                                                    
20000fc5  defaultPhy                                                      
20000fc6  maxNumTxDataBufs                                                
20000fc7  LL_TaskID                                                       
20000fc8  llState                                                         
20000fc9  rssiCorrection                                                  
20000fca  curTxPowerVal                                                   
20000fcb  maxTxPwrForDTM                                                  
20000fcc  onePktPerEvt                                                    
20000fcd  numComplPkts                                                    
20000fce  numComplPktsLimit                                               
20000fcf  numComplPktsFlush                                               
20000fd0  fastTxRespTime                                                  
20000fd1  slOverride                                                      
20000fd2  rxFifoFlowCtrl                                                  
20000fd3  numTxDataBufs                                                   
20000fd4  maxNumConns                                                     
20000fd5  aeCurHandle                                                     
20000fd6  aeCurAdvEnableHandle                                            
20000fd7  aeCurConnHandle                                                 
20000fd8  extScanIndex                                                    
20000fd9  extInitIndex                                                    
20000fda  scanState                                                       
20000fdb  lastPrimPhy                                                     
20000fdc  lastScanRsp                                                     
20000fdd  smTaskID                                                        
20000fde  SM_appExpectingKey                                              
20000fe0  ramStartHere                                                    
20000fe8  resetConnHandle                                                 
20000fec  dispHandle                                                      
2000108c  spTask                                                          
20001180  spTaskStack                                                     
20001992  metaPage                                                        
20001d28  PowerCC26X2_module                                              
20001fbc  ROM_stateStruct                                                 
20001fbc  ti_sysbios_knl_Clock_Module__state__V                           
20001fe8  ti_sysbios_family_arm_cc26xx_TimestampProvider_Module__state__V 
20001fec  xdc_runtime_Startup_Module__state__V                            
20001ff4  xdc_runtime_Registry_Module__state__V                           
20001ffc  ti_sysbios_BIOS_Module__state__V                                
20002020  ti_sysbios_knl_Swi_Module__state__V                             
2000203c  ti_sysbios_knl_Task_Module__state__V                            
20002080  xdc_runtime_Memory_Module__state__V                             
20002084  xdc_runtime_System_Module__state__V                             
2000208c  ti_sysbios_family_arm_m3_Hwi_Module__state__V                   
200020c0  ti_sysbios_family_arm_cc26xx_Timer_Module__state__V             
200021bc  gapAttrTbl                                                      
20002274  ICall_enterCriticalSection                                      
20002278  ICall_leaveCriticalSection                                      
20002288  heapmgrMemFreeTotal                                             
20002294  HEAPMGR_SIZE                                                    
20002298  ICall_dispatcher                                                
20002308  pairMode                                                        
20002309  mitm                                                            
2000230a  ioCap                                                           
2000230b  bonding                                                         
2000230c  secureConnection                                                
2000230d  autoSyncWL                                                      
2000230e  eccReGenPolicy                                                  
2000230f  KeySize                                                         
20002310  removeLRUBond                                                   
20002311  KeyDistList                                                     
20002312  eccDebugKeys                                                    
20002313  eraseBondWhileInConn                                            
20002314  pRandomAddress                                                  
20002318  advData1                                                        
20002321  advData2                                                        
2000232a  attDeviceName                                                   
2000233f  scanResData1                                                    
20002358  advParams1                                                      
20002374  advParams2                                                      
20002392  gAction                                                         
20002393  NVOCMP_size                                                     
200023c0  NVOCMP_nvHandle                                                 
200023f0  llUserConfig                                                    
20002450  pOverrides_bleCommon                                            
200024a4  txPowerTable_2400_pa5                                           
200024f4  ti_sysbios_knl_Task_Object__table__V                            
20002544  appKeyChangeHandler                                             
20002548  hKeyPins                                                        
2000254c  keyPinsCfg                                                      
20002558  keyPins                                                         
20002588  ti_sysbios_family_arm_cc26xx_Timer_Object__table__V             
20002614  gattAttrTbl                                                     
20002654  eccParams_NISTP256                                              
20002694  nvintfFncStruct                                                 
200026d0  ti_sysbios_gates_GateMutex_Object__table__V                     
20002708  ti_sysbios_knl_Swi_Module_State_0_readyQ__A                     
20002738  ti_sysbios_knl_Swi_Object__table__V                             
20002768  ti_sysbios_knl_Task_Module_State_0_readyQ__A                    
20002798  _hposcCoeffs                                                    
200027bc  patchedSlaveCtrlPktList                                         
200027e0  ti_sysbios_knl_Clock_Object__table__V                           
20002800  xdc_runtime_Error_IgnoreBlock                                   
20002838  ti_sysbios_family_arm_m3_Hwi_Object__table__V                   
20002850  tbmRowItemLast                                                  
200028b9  deviceNameCharProps                                             
200028ba  llUserConfig_maxPduSize                                         
200028bc  gattAttrTbl_gatt_no_service_changed                             
200028cc  rfMode                                                          
200028dc  sizeInfo                                                        
200028fc  bleAppServiceInfoTable                                          
2000290c  pfnBMAlloc                                                      
20002910  pfnBMFree                                                       
20002914  pRfErrCb                                                        
20002918  lastAppOpcodeIdxSent                                            
2000291c  pOverrides_ble2Mbps                                             
2000292c  pOverrides_bleCoded                                             
2000294c  user0Cfg                                                        
2000295c  pOverrides_ble1Mbps                                             
20002968  ti_sysbios_heaps_HeapCallback_Object__table__V                  
2000297d  appearanceCharProps                                             
2000297e  baseTaskID                                                      
20002988  bleUserCfg_maxPduSize                                           
2000298c  appAssertCback                                                  
20002990  _lock                                                           
20002994  _unlock                                                         
20002998  periConnParameters                                              
200029a0  pinUpperBound                                                   
200029a4  pinLowerBound                                                   
200029b0  ti_sysbios_family_arm_m3_Hwi_Module__root__V                    
200029b8  ti_sysbios_gates_GateHwi_Module__root__V                        
200029c0  ti_sysbios_gates_GateMutexPri_Module__root__V                   
200029c8  ti_sysbios_gates_GateMutex_Module__root__V                      
200029d0  ti_sysbios_hal_Hwi_Module__root__V                              
200029d8  ti_sysbios_heaps_HeapCallback_Module__root__V                   
200029e0  ti_sysbios_heaps_HeapMem_Module__root__V                        
200029e8  ti_sysbios_knl_Clock_Module__root__V                            
200029f0  ti_sysbios_knl_Event_Module__root__V                            
200029f8  ti_sysbios_knl_Mailbox_Module__root__V                          
20002a00  ti_sysbios_knl_Queue_Module__root__V                            
20002a08  ti_sysbios_knl_Semaphore_Module__root__V                        
20002a10  ti_sysbios_knl_Swi_Module__root__V                              
20002a18  ti_sysbios_knl_Task_Module__root__V                             
20002a25  CryptoResourceCC26XX_pollingFlag                                
20002a27  periConnParamCharProps                                          
20002a28  halAssertCback                                                  
20002a2c  icallServiceTblPtr                                              
20002a30  main_func_sp                                                    
20002a34  ti_sysbios_family_arm_m3_Hwi_Module_State_0_excContext__A       
20002a38  ti_sysbios_family_arm_m3_Hwi_Module_State_0_excStack__A         
20002a3c  ti_sysbios_knl_Task_Module_State_0_idleTask__A                  
20002a40  PKAResourceCC26XX_pollingFlag                                   
20002a48  ti_sysbios_family_arm_m3_Hwi_Module_State_0_excActive__A        
20002a4a  centAddrResCharProps                                            
20002a4b  centAddrRes                                                     
20002a4c  resolvablePrivateAddressOnlyCharProps                           
20002a4d  GATTServApp_gatt_no_service_changed                             
20002a4f  extScanChanMap                                                  
20002a50  sizeOfAllExtConnParam                                           
20002a51  rfRatHandle                                                     
20002a52  gapEndAppTaskID                                                 
20002a53  gapAppTaskID                                                    
20002a54  legacyMode                                                      
20002a55  argPeriodic                                                     
20002a56  argRpaRead                                                      
20002f50  ti_sysbios_knl_Task_Instance_State_0_stack__A                   
20003250  uartCC26XXObjects                                               
20003404  crcBuf                                                          
20003504  ti_sysbios_family_arm_m3_Hwi_dispatchTable                      
2000365c  trngCC26XXObjects                                               
200036dc  pinHandleTable                                                  
20003758  cbTimers                                                        
200037d0  aesctrdrbgXXObjects                                             
20003828  spMenuMain                                                      
2000383c  spMenuSelectConn                                                
20003850  spMenuPerConn                                                   
20003864  spMenuConnPhy                                                   
200038c8  CryptoResourceCC26XX_accessSemaphore                            
20003918  CryptoResourceCC26XX_operationSemaphore                         
20003968  PKAResourceCC26XX_accessSemaphore                               
200039b8  PKAResourceCC26XX_operationSemaphore                            
20003a08  nvFptrs                                                         
20003a78  req                                                             
20003a98  llCteSamples                                                    
20003ab8  gapBond_remoteOobData                                           
20003ad8  gapBond_localOobData                                            
20003b38  ecdhCC26X2Objects                                               
20003bac  CryptoResourceCC26XX_hwi                                        
20003bc8  PKAResourceCC26XX_hwi                                           
20003be4  deviceName                                                      
20003bfc  llCoex                                                          
20003c14  aesccmCC26XXObjects                                             
20003c2c  aesctrCC26XXObjects                                             
20003c44  aesecbCC26XXObjects                                             
20003c94  llCteTest                                                       
20003ca0  cteAntennaProp                                                  
20003cac  llTaskList                                                      
20003cc4  displayUartObject                                               
20003cd0  secondaryAdvChannelMap                                          
20003cd8  ggs_AppCBs                                                      
20003ce0  LSTORecoveryArr                                                 
20003ce4  llCte                                                           
20003ce8  llConnExtParam                                                  
20003cec  extStackSettings                                                
20003cf0  trngHandle                                                      
20003cf4  pNextAdvSet                                                     
20003cf8  llCurrentMappedChan                                             
20003cfc  drbgHandle                                                      
20003d00  pRpaCfg                                                         
20003d04  gapBond_lruBondList                                             
20003d08  gapBondStateNodeHead                                            
20003d0c  osal_syncHandle                                                 
20003d10  osal_tickperiod                                                 
20003d14  osal_max_msecs                                                  
20003d18  osal_icallMsg_hook                                              
20003d1c  osal_qHead                                                      
20003d20  osal_eventloop_hook                                             
20003d2c  OSAL_timeSeconds                                                
20003d30  timerHead                                                       
20003d38  osal_last_timestamp                                             
20003d44  PowerCC26XX_swiKey                                              
20003d48  PowerCC26XX_taskKey                                             
20003d4c  nvsCC26XXObjects                                                
20003d50  tasksEvents                                                     
20003d54  appearance                                                      
20003d56  maximumPduSize                                                  
20003d5a  pwrmgr_attribute                                                
20003d5c  resolvablePrivateAddressOnly                                    
20003d5d  GATTServApp_att_delayed_req                                     
20003d5e  hciTaskID                                                       
20003d5f  hciL2capTaskID                                                  
20003d60  hciGapTaskID                                                    
20003d61  hciSmpTaskID                                                    
20003d62  hciTestTaskID                                                   
20003d63  hciVsEvtMask                                                    
20003d64  scanReqRpt                                                      
20003d65  secondaryAdvChannelMapPopCount                                  
20003d66  numActiveAdvSets                                                
20003d67  wlSize                                                          
20003d68  rlSize                                                          
20003d69  decryptResult                                                   
20003d6a  icall_liteTaskId                                                
20003d6b  gapBond_removeLRUBond                                           
20003d6c  gapBond_syncRL                                                  
20003d6d  assertSubcause                                                  
20003d6e  osal_entity                                                     
20003d6f  pwrmgr_initialized                                              
20003d71  driverlib_release_0_58048                                       
20003d72  heapStart                                                       
20013c00  __stack                                                         
20013c00  heapEnd                                                         
20014000  __STACK_END                                                     
20014000  __STACK_TOP                                                     
20014000  __UNUSED_SRAM_end__                                             
e000e000  ti_sysbios_family_arm_m3_Hwi_nvic                               
ffffffff  __TI_pprof_out_hndl                                             
ffffffff  __TI_prof_data_size                                             
ffffffff  __TI_prof_data_start                                            
ffffffff  __binit__                                                       
ffffffff  __c_args__                                                      
ffffffff  binit                                                           
UNDEFED   ITM_flush                                                       
UNDEFED   ITM_restore                                                     
UNDEFED   SHT$$INIT_ARRAY$$Base                                           
UNDEFED   SHT$$INIT_ARRAY$$Limit                                          

[2955 symbols]
