<?xml version="1.0" encoding="ISO-8859-1" ?>
<link_info>
   <banner>TI ARM Linker PC v20.2.1.LTS</banner>
   <copyright>Copyright (c) 1996-2018 Texas Instruments Incorporated</copyright>
   <link_time>0x6045eac0</link_time>
   <link_errors>0x0</link_errors>
   <output_file>clock_CC26X2R1_LAUNCHXL_tirtos_ccs.out</output_file>
   <entry_point>
      <name>ResetISR</name>
      <address>0x1d99</address>
   </entry_point>
   <input_file_list>
      <input_file id="fl-2">
         <path>.\</path>
         <kind>object</kind>
         <file>clock.obj</file>
         <name>clock.obj</name>
      </input_file>
      <input_file id="fl-3">
         <path>.\syscfg\</path>
         <kind>object</kind>
         <file>ti_devices_config.obj</file>
         <name>ti_devices_config.obj</name>
      </input_file>
      <input_file id="fl-4">
         <path>.\syscfg\</path>
         <kind>object</kind>
         <file>ti_drivers_config.obj</file>
         <name>ti_drivers_config.obj</name>
      </input_file>
      <input_file id="fl-7">
         <path>C:\tibackup\examples\clock_CC26X2R1_LAUNCHXL_tirtos_ccs\Debug\configPkg\package\cfg\</path>
         <kind>object</kind>
         <file>clock_pem4f.oem4f</file>
         <name>clock_pem4f.oem4f</name>
      </input_file>
      <input_file id="fl-13">
         <kind>object</kind>
         <file>&lt;internal&gt;</file>
         <name>&lt;internal&gt;</name>
      </input_file>
      <input_file id="fl-14">
         <path>C:\tibackup\examples\clock_CC26X2R1_LAUNCHXL_tirtos_ccs\src\sysbios\</path>
         <kind>archive</kind>
         <file>rom_sysbios.aem4f</file>
         <name>rom_sysbios.obj</name>
      </input_file>
      <input_file id="fl-15">
         <path>C:\tibackup\examples\clock_CC26X2R1_LAUNCHXL_tirtos_ccs\src\sysbios\</path>
         <kind>archive</kind>
         <file>rom_sysbios.aem4f</file>
         <name>m3_IntrinsicsSupport_asm.obj</name>
      </input_file>
      <input_file id="fl-16">
         <path>C:\tibackup\examples\clock_CC26X2R1_LAUNCHXL_tirtos_ccs\src\sysbios\</path>
         <kind>archive</kind>
         <file>rom_sysbios.aem4f</file>
         <name>rom_sysbios_config.obj</name>
      </input_file>
      <input_file id="fl-17">
         <path>C:\tibackup\examples\clock_CC26X2R1_LAUNCHXL_tirtos_ccs\src\sysbios\</path>
         <kind>archive</kind>
         <file>rom_sysbios.aem4f</file>
         <name>m3_Hwi_asm_switch.obj</name>
      </input_file>
      <input_file id="fl-18">
         <path>C:\ti\simplelink_cc13x2_26x2_sdk_4_30_00_54\kernel\tirtos\packages\ti\targets\arm\rtsarm\lib\</path>
         <kind>archive</kind>
         <file>boot.aem4f</file>
         <name>boot.oem4f</name>
      </input_file>
      <input_file id="fl-19">
         <path>C:\ti\simplelink_cc13x2_26x2_sdk_4_30_00_54\kernel\tirtos\packages\ti\targets\arm\rtsarm\lib\</path>
         <kind>archive</kind>
         <file>auto_init.aem4f</file>
         <name>auto_init.oem4f</name>
      </input_file>
      <input_file id="fl-1a">
         <path>C:\ti\simplelink_cc13x2_26x2_sdk_4_30_00_54\source\ti\drivers\lib\ccs\m4f\</path>
         <kind>archive</kind>
         <file>drivers_cc26x2.a</file>
         <name>PINCC26XX.oem4f</name>
      </input_file>
      <input_file id="fl-1b">
         <path>C:\ti\simplelink_cc13x2_26x2_sdk_4_30_00_54\source\ti\drivers\lib\ccs\m4f\</path>
         <kind>archive</kind>
         <file>drivers_cc26x2.a</file>
         <name>PowerCC26X2.oem4f</name>
      </input_file>
      <input_file id="fl-1c">
         <path>C:\ti\simplelink_cc13x2_26x2_sdk_4_30_00_54\source\ti\drivers\lib\ccs\m4f\</path>
         <kind>archive</kind>
         <file>drivers_cc26x2.a</file>
         <name>PowerCC26X2_calibrateRCOSC.oem4f</name>
      </input_file>
      <input_file id="fl-1d">
         <path>C:\ti\simplelink_cc13x2_26x2_sdk_4_30_00_54\source\ti\drivers\lib\ccs\m4f\</path>
         <kind>archive</kind>
         <file>drivers_cc26x2.a</file>
         <name>TemperatureCC26X2.oem4f</name>
      </input_file>
      <input_file id="fl-1e">
         <path>C:\ti\simplelink_cc13x2_26x2_sdk_4_30_00_54\source\ti\drivers\lib\ccs\m4f\</path>
         <kind>archive</kind>
         <file>drivers_cc26x2.a</file>
         <name>List.oem4f</name>
      </input_file>
      <input_file id="fl-1f">
         <path>C:\ti\simplelink_cc13x2_26x2_sdk_4_30_00_54\kernel\tirtos\packages\ti\dpl\lib\ccs\m4f\</path>
         <kind>archive</kind>
         <file>dpl_cc26x2.a</file>
         <name>ClockP_tirtos.oem4f</name>
      </input_file>
      <input_file id="fl-20">
         <path>C:\ti\simplelink_cc13x2_26x2_sdk_4_30_00_54\kernel\tirtos\packages\ti\dpl\lib\ccs\m4f\</path>
         <kind>archive</kind>
         <file>dpl_cc26x2.a</file>
         <name>HwiP_tirtos.oem4f</name>
      </input_file>
      <input_file id="fl-21">
         <path>C:\ti\simplelink_cc13x2_26x2_sdk_4_30_00_54\kernel\tirtos\packages\ti\dpl\lib\ccs\m4f\</path>
         <kind>archive</kind>
         <file>dpl_cc26x2.a</file>
         <name>SemaphoreP_tirtos.oem4f</name>
      </input_file>
      <input_file id="fl-22">
         <path>C:\ti\simplelink_cc13x2_26x2_sdk_4_30_00_54\kernel\tirtos\packages\ti\dpl\lib\ccs\m4f\</path>
         <kind>archive</kind>
         <file>dpl_cc26x2.a</file>
         <name>SwiP_tirtos.oem4f</name>
      </input_file>
      <input_file id="fl-23">
         <path>C:\ti\simplelink_cc13x2_26x2_sdk_4_30_00_54\kernel\tirtos\packages\ti\dpl\lib\ccs\m4f\</path>
         <kind>archive</kind>
         <file>dpl_cc26x2.a</file>
         <name>PowerCC26X2_tirtos.oem4f</name>
      </input_file>
      <input_file id="fl-24">
         <path>C:\ti\simplelink_cc13x2_26x2_sdk_4_30_00_54\source\ti\devices\cc13x2_cc26x2\driverlib\bin\ccs\</path>
         <kind>archive</kind>
         <file>driverlib.lib</file>
         <name>chipinfo.obj</name>
      </input_file>
      <input_file id="fl-25">
         <path>C:\ti\simplelink_cc13x2_26x2_sdk_4_30_00_54\source\ti\devices\cc13x2_cc26x2\driverlib\bin\ccs\</path>
         <kind>archive</kind>
         <file>driverlib.lib</file>
         <name>cpu.obj</name>
      </input_file>
      <input_file id="fl-26">
         <path>C:\ti\simplelink_cc13x2_26x2_sdk_4_30_00_54\source\ti\devices\cc13x2_cc26x2\driverlib\bin\ccs\</path>
         <kind>archive</kind>
         <file>driverlib.lib</file>
         <name>driverlib_release.obj</name>
      </input_file>
      <input_file id="fl-27">
         <path>C:\ti\simplelink_cc13x2_26x2_sdk_4_30_00_54\source\ti\devices\cc13x2_cc26x2\driverlib\bin\ccs\</path>
         <kind>archive</kind>
         <file>driverlib.lib</file>
         <name>osc.obj</name>
      </input_file>
      <input_file id="fl-28">
         <path>C:\ti\simplelink_cc13x2_26x2_sdk_4_30_00_54\source\ti\devices\cc13x2_cc26x2\driverlib\bin\ccs\</path>
         <kind>archive</kind>
         <file>driverlib.lib</file>
         <name>prcm.obj</name>
      </input_file>
      <input_file id="fl-29">
         <path>C:\ti\simplelink_cc13x2_26x2_sdk_4_30_00_54\source\ti\devices\cc13x2_cc26x2\driverlib\bin\ccs\</path>
         <kind>archive</kind>
         <file>driverlib.lib</file>
         <name>setup.obj</name>
      </input_file>
      <input_file id="fl-2a">
         <path>C:\ti\simplelink_cc13x2_26x2_sdk_4_30_00_54\source\ti\devices\cc13x2_cc26x2\driverlib\bin\ccs\</path>
         <kind>archive</kind>
         <file>driverlib.lib</file>
         <name>sys_ctrl.obj</name>
      </input_file>
      <input_file id="fl-2b">
         <path>C:\ti\simplelink_cc13x2_26x2_sdk_4_30_00_54\source\ti\devices\cc13x2_cc26x2\driverlib\bin\ccs\</path>
         <kind>archive</kind>
         <file>driverlib.lib</file>
         <name>aux_sysif.obj</name>
      </input_file>
      <input_file id="fl-e1">
         <path>C:\ti\ccs1011\ccs\tools\compiler\ti-cgt-arm_20.2.1.LTS\lib\</path>
         <kind>archive</kind>
         <file>rtsv7M4_T_le_v4SPD16_eabi.lib</file>
         <name>fflush.c.obj</name>
      </input_file>
      <input_file id="fl-e2">
         <path>C:\ti\ccs1011\ccs\tools\compiler\ti-cgt-arm_20.2.1.LTS\lib\</path>
         <kind>archive</kind>
         <file>rtsv7M4_T_le_v4SPD16_eabi.lib</file>
         <name>memset_t2.asm.obj</name>
      </input_file>
      <input_file id="fl-e3">
         <path>C:\ti\ccs1011\ccs\tools\compiler\ti-cgt-arm_20.2.1.LTS\lib\</path>
         <kind>archive</kind>
         <file>rtsv7M4_T_le_v4SPD16_eabi.lib</file>
         <name>ll_asr_t2.asm.obj</name>
      </input_file>
      <input_file id="fl-e4">
         <path>C:\ti\ccs1011\ccs\tools\compiler\ti-cgt-arm_20.2.1.LTS\lib\</path>
         <kind>archive</kind>
         <file>rtsv7M4_T_le_v4SPD16_eabi.lib</file>
         <name>ll_mul_t2.asm.obj</name>
      </input_file>
      <input_file id="fl-e5">
         <path>C:\ti\ccs1011\ccs\tools\compiler\ti-cgt-arm_20.2.1.LTS\lib\</path>
         <kind>archive</kind>
         <file>rtsv7M4_T_le_v4SPD16_eabi.lib</file>
         <name>memcpy_t2.asm.obj</name>
      </input_file>
      <input_file id="fl-e6">
         <path>C:\ti\ccs1011\ccs\tools\compiler\ti-cgt-arm_20.2.1.LTS\lib\</path>
         <kind>archive</kind>
         <file>rtsv7M4_T_le_v4SPD16_eabi.lib</file>
         <name>ll_div_t2.asm.obj</name>
      </input_file>
      <input_file id="fl-e7">
         <path>C:\ti\ccs1011\ccs\tools\compiler\ti-cgt-arm_20.2.1.LTS\lib\</path>
         <kind>archive</kind>
         <file>rtsv7M4_T_le_v4SPD16_eabi.lib</file>
         <name>ull_div_t2.asm.obj</name>
      </input_file>
      <input_file id="fl-e8">
         <path>C:\ti\ccs1011\ccs\tools\compiler\ti-cgt-arm_20.2.1.LTS\lib\</path>
         <kind>archive</kind>
         <file>rtsv7M4_T_le_v4SPD16_eabi.lib</file>
         <name>u_divt2.asm.obj</name>
      </input_file>
      <input_file id="fl-e9">
         <path>C:\ti\ccs1011\ccs\tools\compiler\ti-cgt-arm_20.2.1.LTS\lib\</path>
         <kind>archive</kind>
         <file>rtsv7M4_T_le_v4SPD16_eabi.lib</file>
         <name>stkdepth_vars.c.obj</name>
      </input_file>
      <input_file id="fl-ea">
         <path>C:\ti\ccs1011\ccs\tools\compiler\ti-cgt-arm_20.2.1.LTS\lib\</path>
         <kind>archive</kind>
         <file>rtsv7M4_T_le_v4SPD16_eabi.lib</file>
         <name>cpy_tbl.c.obj</name>
      </input_file>
      <input_file id="fl-eb">
         <path>C:\ti\ccs1011\ccs\tools\compiler\ti-cgt-arm_20.2.1.LTS\lib\</path>
         <kind>archive</kind>
         <file>rtsv7M4_T_le_v4SPD16_eabi.lib</file>
         <name>copy_zero_init.c.obj</name>
      </input_file>
      <input_file id="fl-ec">
         <path>C:\ti\ccs1011\ccs\tools\compiler\ti-cgt-arm_20.2.1.LTS\lib\</path>
         <kind>archive</kind>
         <file>rtsv7M4_T_le_v4SPD16_eabi.lib</file>
         <name>copy_decompress_none.c.obj</name>
      </input_file>
      <input_file id="fl-ed">
         <path>C:\ti\ccs1011\ccs\tools\compiler\ti-cgt-arm_20.2.1.LTS\lib\</path>
         <kind>archive</kind>
         <file>rtsv7M4_T_le_v4SPD16_eabi.lib</file>
         <name>copy_decompress_lzss.c.obj</name>
      </input_file>
      <input_file id="fl-ee">
         <path>C:\ti\ccs1011\ccs\tools\compiler\ti-cgt-arm_20.2.1.LTS\lib\</path>
         <kind>archive</kind>
         <file>rtsv7M4_T_le_v4SPD16_eabi.lib</file>
         <name>exit.c.obj</name>
      </input_file>
      <input_file id="fl-ef">
         <path>C:\ti\ccs1011\ccs\tools\compiler\ti-cgt-arm_20.2.1.LTS\lib\</path>
         <kind>archive</kind>
         <file>rtsv7M4_T_le_v4SPD16_eabi.lib</file>
         <name>_lock.c.obj</name>
      </input_file>
      <input_file id="fl-f0">
         <path>C:\ti\ccs1011\ccs\tools\compiler\ti-cgt-arm_20.2.1.LTS\lib\</path>
         <kind>archive</kind>
         <file>rtsv7M4_T_le_v4SPD16_eabi.lib</file>
         <name>args_main.c.obj</name>
      </input_file>
      <input_file id="fl-f1">
         <path>C:\ti\ccs1011\ccs\tools\compiler\ti-cgt-arm_20.2.1.LTS\lib\</path>
         <kind>archive</kind>
         <file>rtsv7M4_T_le_v4SPD16_eabi.lib</file>
         <name>defs.c.obj</name>
      </input_file>
      <input_file id="fl-f2">
         <path>C:\ti\ccs1011\ccs\tools\compiler\ti-cgt-arm_20.2.1.LTS\lib\</path>
         <kind>archive</kind>
         <file>rtsv7M4_T_le_v4SPD16_eabi.lib</file>
         <name>strcmp.c.obj</name>
      </input_file>
      <input_file id="fl-f3">
         <path>C:\ti\ccs1011\ccs\tools\compiler\ti-cgt-arm_20.2.1.LTS\lib\</path>
         <kind>archive</kind>
         <file>rtsv7M4_T_le_v4SPD16_eabi.lib</file>
         <name>strpbrk.c.obj</name>
      </input_file>
      <input_file id="fl-f4">
         <path>C:\ti\ccs1011\ccs\tools\compiler\ti-cgt-arm_20.2.1.LTS\lib\</path>
         <kind>archive</kind>
         <file>rtsv7M4_T_le_v4SPD16_eabi.lib</file>
         <name>write.c.obj</name>
      </input_file>
      <input_file id="fl-f5">
         <path>C:\ti\ccs1011\ccs\tools\compiler\ti-cgt-arm_20.2.1.LTS\lib\</path>
         <kind>archive</kind>
         <file>rtsv7M4_T_le_v4SPD16_eabi.lib</file>
         <name>hostwrite.c.obj</name>
      </input_file>
      <input_file id="fl-f6">
         <path>C:\ti\ccs1011\ccs\tools\compiler\ti-cgt-arm_20.2.1.LTS\lib\</path>
         <kind>archive</kind>
         <file>rtsv7M4_T_le_v4SPD16_eabi.lib</file>
         <name>host_device.c.obj</name>
      </input_file>
      <input_file id="fl-f7">
         <path>C:\ti\ccs1011\ccs\tools\compiler\ti-cgt-arm_20.2.1.LTS\lib\</path>
         <kind>archive</kind>
         <file>rtsv7M4_T_le_v4SPD16_eabi.lib</file>
         <name>trgmsg.c.obj</name>
      </input_file>
      <input_file id="fl-f8">
         <path>C:\ti\ccs1011\ccs\tools\compiler\ti-cgt-arm_20.2.1.LTS\lib\</path>
         <kind>archive</kind>
         <file>rtsv7M4_T_le_v4SPD16_eabi.lib</file>
         <name>div0.asm.obj</name>
      </input_file>
      <input_file id="fl-f9">
         <path>C:\ti\ccs1011\ccs\tools\compiler\ti-cgt-arm_20.2.1.LTS\lib\</path>
         <kind>archive</kind>
         <file>rtsv7M4_T_le_v4SPD16_eabi.lib</file>
         <name>hostclose.c.obj</name>
      </input_file>
      <input_file id="fl-fa">
         <path>C:\ti\ccs1011\ccs\tools\compiler\ti-cgt-arm_20.2.1.LTS\lib\</path>
         <kind>archive</kind>
         <file>rtsv7M4_T_le_v4SPD16_eabi.lib</file>
         <name>hostlseek.c.obj</name>
      </input_file>
      <input_file id="fl-fb">
         <path>C:\ti\ccs1011\ccs\tools\compiler\ti-cgt-arm_20.2.1.LTS\lib\</path>
         <kind>archive</kind>
         <file>rtsv7M4_T_le_v4SPD16_eabi.lib</file>
         <name>hostopen.c.obj</name>
      </input_file>
      <input_file id="fl-fc">
         <path>C:\ti\ccs1011\ccs\tools\compiler\ti-cgt-arm_20.2.1.LTS\lib\</path>
         <kind>archive</kind>
         <file>rtsv7M4_T_le_v4SPD16_eabi.lib</file>
         <name>hostread.c.obj</name>
      </input_file>
      <input_file id="fl-fd">
         <path>C:\ti\ccs1011\ccs\tools\compiler\ti-cgt-arm_20.2.1.LTS\lib\</path>
         <kind>archive</kind>
         <file>rtsv7M4_T_le_v4SPD16_eabi.lib</file>
         <name>hostrename.c.obj</name>
      </input_file>
      <input_file id="fl-fe">
         <path>C:\ti\ccs1011\ccs\tools\compiler\ti-cgt-arm_20.2.1.LTS\lib\</path>
         <kind>archive</kind>
         <file>rtsv7M4_T_le_v4SPD16_eabi.lib</file>
         <name>hostunlink.c.obj</name>
      </input_file>
      <input_file id="fl-ff">
         <path>C:\ti\ccs1011\ccs\tools\compiler\ti-cgt-arm_20.2.1.LTS\lib\</path>
         <kind>archive</kind>
         <file>rtsv7M4_T_le_v4SPD16_eabi.lib</file>
         <name>strcpy.c.obj</name>
      </input_file>
   </input_file_list>
   <object_component_list>
      <object_component id="oc-6da">
         <name>.text:PIN_init</name>
         <load_address>0x3c</load_address>
         <run_address>0x3c</run_address>
         <size>0x1cc</size>
         <input_file_ref idref="fl-1a"/>
      </object_component>
      <object_component id="oc-b03">
         <name>.text:Power_sleep</name>
         <load_address>0x208</load_address>
         <run_address>0x208</run_address>
         <size>0x198</size>
         <input_file_ref idref="fl-1b"/>
      </object_component>
      <object_component id="oc-9dc">
         <name>.text:calibrateRcoscHf1</name>
         <load_address>0x3a0</load_address>
         <run_address>0x3a0</run_address>
         <size>0x190</size>
         <input_file_ref idref="fl-1c"/>
      </object_component>
      <object_component id="oc-b39">
         <name>.text:runCalibrateFsm</name>
         <load_address>0x530</load_address>
         <run_address>0x530</run_address>
         <size>0x18c</size>
         <input_file_ref idref="fl-1c"/>
      </object_component>
      <object_component id="oc-6d4">
         <name>.text:Power_init</name>
         <load_address>0x6bc</load_address>
         <run_address>0x6bc</run_address>
         <size>0x174</size>
         <input_file_ref idref="fl-1b"/>
      </object_component>
      <object_component id="oc-963">
         <name>.text:configureXOSCHF</name>
         <load_address>0x830</load_address>
         <run_address>0x830</run_address>
         <size>0x120</size>
         <input_file_ref idref="fl-1b"/>
      </object_component>
      <object_component id="oc-334">
         <name>.text:xdc_runtime_System_printfExtend__I</name>
         <load_address>0x950</load_address>
         <run_address>0x950</run_address>
         <size>0x106</size>
         <input_file_ref idref="fl-7"/>
      </object_component>
      <object_component id="oc-6e6">
         <name>.text:Board_initHook</name>
         <load_address>0xa56</load_address>
         <run_address>0xa56</run_address>
         <size>0x2</size>
         <input_file_ref idref="fl-4"/>
      </object_component>
      <object_component id="oc-bb5">
         <name>.text:NOROM_SysCtrlStandby</name>
         <load_address>0xa58</load_address>
         <run_address>0xa58</run_address>
         <size>0xf8</size>
         <input_file_ref idref="fl-2a"/>
      </object_component>
      <object_component id="oc-8d4">
         <name>.text:PINCC26XX_setIoCfg</name>
         <load_address>0xb50</load_address>
         <run_address>0xb50</run_address>
         <size>0xf8</size>
         <input_file_ref idref="fl-1a"/>
      </object_component>
      <object_component id="oc-9b2">
         <name>.text:PowerCC26XX_standbyPolicy</name>
         <load_address>0xc48</load_address>
         <run_address>0xc48</run_address>
         <size>0xc8</size>
         <input_file_ref idref="fl-23"/>
      </object_component>
      <object_component id="oc-bd4">
         <name>.text:Power_releaseDependency</name>
         <load_address>0xd10</load_address>
         <run_address>0xd10</run_address>
         <size>0xc0</size>
         <input_file_ref idref="fl-1b"/>
      </object_component>
      <object_component id="oc-2aa">
         <name>.text:main</name>
         <load_address>0xdd0</load_address>
         <run_address>0xdd0</run_address>
         <size>0xbc</size>
         <input_file_ref idref="fl-2"/>
      </object_component>
      <object_component id="oc-8c8">
         <name>.text:Power_setDependency</name>
         <load_address>0xe8c</load_address>
         <run_address>0xe8c</run_address>
         <size>0xb8</size>
         <input_file_ref idref="fl-1b"/>
      </object_component>
      <object_component id="oc-92c">
         <name>.text:PIN_open</name>
         <load_address>0xf44</load_address>
         <run_address>0xf44</run_address>
         <size>0xac</size>
         <input_file_ref idref="fl-1a"/>
      </object_component>
      <object_component id="oc-5c8">
         <name>.text:TrimAfterColdResetWakeupFromShutDown</name>
         <load_address>0xff0</load_address>
         <run_address>0xff0</run_address>
         <size>0xac</size>
         <input_file_ref idref="fl-29"/>
      </object_component>
      <object_component id="oc-251">
         <name>.text</name>
         <load_address>0x109c</load_address>
         <run_address>0x109c</run_address>
         <size>0xa0</size>
         <input_file_ref idref="fl-19"/>
      </object_component>
      <object_component id="oc-271">
         <name>.text</name>
         <load_address>0x113c</load_address>
         <run_address>0x113c</run_address>
         <size>0x9c</size>
         <input_file_ref idref="fl-e5"/>
      </object_component>
      <object_component id="oc-2b4">
         <name>.text:NOROM_SetupTrimDevice</name>
         <load_address>0x11d8</load_address>
         <run_address>0x11d8</run_address>
         <size>0x98</size>
         <input_file_ref idref="fl-29"/>
      </object_component>
      <object_component id="oc-677">
         <name>.text</name>
         <load_address>0x1270</load_address>
         <run_address>0x1270</run_address>
         <size>0x96</size>
         <input_file_ref idref="fl-e7"/>
      </object_component>
      <object_component id="oc-847">
         <name>.text:_nop</name>
         <load_address>0x1306</load_address>
         <run_address>0x1306</run_address>
         <size>0x2</size>
         <input_file_ref idref="fl-ef"/>
      </object_component>
      <object_component id="oc-b21">
         <name>.text:NOROM_OSCHF_AttemptToSwitchToXosc</name>
         <load_address>0x1308</load_address>
         <run_address>0x1308</run_address>
         <size>0x88</size>
         <input_file_ref idref="fl-27"/>
      </object_component>
      <object_component id="oc-9d6">
         <name>.text:calibrateRcoscHf2</name>
         <load_address>0x1390</load_address>
         <run_address>0x1390</run_address>
         <size>0x88</size>
         <input_file_ref idref="fl-1c"/>
      </object_component>
      <object_component id="oc-9cf">
         <name>.text:disableLFClockQualifiers</name>
         <load_address>0x1418</load_address>
         <run_address>0x1418</run_address>
         <size>0x88</size>
         <input_file_ref idref="fl-1b"/>
      </object_component>
      <object_component id="oc-9e2">
         <name>.text:updateSubSecInc</name>
         <load_address>0x14a0</load_address>
         <run_address>0x14a0</run_address>
         <size>0x88</size>
         <input_file_ref idref="fl-1c"/>
      </object_component>
      <object_component id="oc-932">
         <name>.text:Board_sendExtFlashByte</name>
         <load_address>0x1528</load_address>
         <run_address>0x1528</run_address>
         <size>0x84</size>
         <input_file_ref idref="fl-4"/>
      </object_component>
      <object_component id="oc-c00">
         <name>.text:NOROM_SysCtrlSetRechargeBeforePowerDown</name>
         <load_address>0x15ac</load_address>
         <run_address>0x15ac</run_address>
         <size>0x80</size>
         <input_file_ref idref="fl-2a"/>
      </object_component>
      <object_component id="oc-512">
         <name>.text:ti_sysbios_family_arm_cc26xx_Timer_start__E</name>
         <load_address>0x162c</load_address>
         <run_address>0x162c</run_address>
         <size>0x80</size>
         <input_file_ref idref="fl-14"/>
      </object_component>
      <object_component id="oc-5ae">
         <name>.text:clk1Fxn</name>
         <load_address>0x16ac</load_address>
         <run_address>0x16ac</run_address>
         <size>0x7c</size>
         <input_file_ref idref="fl-2"/>
      </object_component>
      <object_component id="oc-586">
         <name>.text:fflush</name>
         <load_address>0x1728</load_address>
         <run_address>0x1728</run_address>
         <size>0x7c</size>
         <input_file_ref idref="fl-e1"/>
      </object_component>
      <object_component id="oc-2d0">
         <name>.text</name>
         <load_address>0x17a4</load_address>
         <run_address>0x17a4</run_address>
         <size>0x7a</size>
         <input_file_ref idref="fl-e2"/>
      </object_component>
      <object_component id="oc-895">
         <name>.text:emptyClockFunc</name>
         <load_address>0x181e</load_address>
         <run_address>0x181e</run_address>
         <size>0x2</size>
         <input_file_ref idref="fl-1b"/>
      </object_component>
      <object_component id="oc-8a7">
         <name>.text:PowerCC26X2_auxISR</name>
         <load_address>0x1820</load_address>
         <run_address>0x1820</run_address>
         <size>0x74</size>
         <input_file_ref idref="fl-1c"/>
      </object_component>
      <object_component id="oc-54e">
         <name>.text:xdc_runtime_System_formatNum__I</name>
         <load_address>0x1894</load_address>
         <run_address>0x1894</run_address>
         <size>0x6d</size>
         <input_file_ref idref="fl-14"/>
      </object_component>
      <object_component id="oc-824">
         <name>.text</name>
         <load_address>0x1902</load_address>
         <run_address>0x1902</run_address>
         <size>0x2</size>
         <input_file_ref idref="fl-f8"/>
      </object_component>
      <object_component id="oc-b97">
         <name>.text:HOSTrename</name>
         <load_address>0x1904</load_address>
         <run_address>0x1904</run_address>
         <size>0x6c</size>
         <input_file_ref idref="fl-fd"/>
      </object_component>
      <object_component id="oc-8b6">
         <name>.text:NOROM_ChipInfo_GetChipType</name>
         <load_address>0x1970</load_address>
         <run_address>0x1970</run_address>
         <size>0x6c</size>
         <input_file_ref idref="fl-24"/>
      </object_component>
      <object_component id="oc-b8b">
         <name>.text:HOSTlseek</name>
         <load_address>0x19dc</load_address>
         <run_address>0x19dc</run_address>
         <size>0x68</size>
         <input_file_ref idref="fl-fa"/>
      </object_component>
      <object_component id="oc-a95">
         <name>.text:NOROM_OSCHF_SwitchToRcOscTurnOffXosc</name>
         <load_address>0x1a44</load_address>
         <run_address>0x1a44</run_address>
         <size>0x68</size>
         <input_file_ref idref="fl-27"/>
      </object_component>
      <object_component id="oc-31">
         <name>.text:decompress:lzss:__TI_decompress_lzss</name>
         <load_address>0x1aac</load_address>
         <run_address>0x1aac</run_address>
         <size>0x68</size>
         <input_file_ref idref="fl-ed"/>
      </object_component>
      <object_component id="oc-5fa">
         <name>.text:ti_sysbios_heaps_HeapMem_initPrimary__I</name>
         <load_address>0x1b14</load_address>
         <run_address>0x1b14</run_address>
         <size>0x64</size>
         <input_file_ref idref="fl-14"/>
      </object_component>
      <object_component id="oc-b79">
         <name>.text:HOSTopen</name>
         <load_address>0x1b78</load_address>
         <run_address>0x1b78</run_address>
         <size>0x60</size>
         <input_file_ref idref="fl-fb"/>
      </object_component>
      <object_component id="oc-a62">
         <name>.text:PIN_remove</name>
         <load_address>0x1bd8</load_address>
         <run_address>0x1bd8</run_address>
         <size>0x5c</size>
         <input_file_ref idref="fl-1a"/>
      </object_component>
      <object_component id="oc-4e8">
         <name>.text:xdc_runtime_Startup_getState__I</name>
         <load_address>0x1c34</load_address>
         <run_address>0x1c34</run_address>
         <size>0x5c</size>
         <input_file_ref idref="fl-7"/>
      </object_component>
      <object_component id="oc-b85">
         <name>.text:HOSTread</name>
         <load_address>0x1c90</load_address>
         <run_address>0x1c90</run_address>
         <size>0x58</size>
         <input_file_ref idref="fl-fc"/>
      </object_component>
      <object_component id="oc-97a">
         <name>.text:HOSTwrite</name>
         <load_address>0x1ce8</load_address>
         <run_address>0x1ce8</run_address>
         <size>0x58</size>
         <input_file_ref idref="fl-f5"/>
      </object_component>
      <object_component id="oc-b16">
         <name>.text:PowerCC26X2_initiateCalibration</name>
         <load_address>0x1d40</load_address>
         <run_address>0x1d40</run_address>
         <size>0x58</size>
         <input_file_ref idref="fl-1c"/>
      </object_component>
      <object_component id="oc-2c">
         <name>.text</name>
         <load_address>0x1d98</load_address>
         <run_address>0x1d98</run_address>
         <size>0x58</size>
         <input_file_ref idref="fl-18"/>
      </object_component>
      <object_component id="oc-c06">
         <name>.text:NOROM_PRCMPowerDomainsAllOff</name>
         <load_address>0x1df0</load_address>
         <run_address>0x1df0</run_address>
         <size>0x54</size>
         <input_file_ref idref="fl-28"/>
      </object_component>
      <object_component id="oc-8ec">
         <name>.text:SwiP_construct</name>
         <load_address>0x1e44</load_address>
         <run_address>0x1e44</run_address>
         <size>0x54</size>
         <input_file_ref idref="fl-22"/>
      </object_component>
      <object_component id="oc-926">
         <name>.text:Board_wakeUpExtFlash</name>
         <load_address>0x1e98</load_address>
         <run_address>0x1e98</run_address>
         <size>0x4c</size>
         <input_file_ref idref="fl-4"/>
      </object_component>
      <object_component id="oc-9f4">
         <name>.text:NOROM_PRCMPowerDomainsAllOn</name>
         <load_address>0x1ee4</load_address>
         <run_address>0x1ee4</run_address>
         <size>0x4c</size>
         <input_file_ref idref="fl-28"/>
      </object_component>
      <object_component id="oc-6c6">
         <name>.text:__TI_doflush</name>
         <load_address>0x1f30</load_address>
         <run_address>0x1f30</run_address>
         <size>0x4c</size>
         <input_file_ref idref="fl-e1"/>
      </object_component>
      <object_component id="oc-2a3">
         <name>.text:copy_in</name>
         <load_address>0x1f7c</load_address>
         <run_address>0x1f7c</run_address>
         <size>0x4c</size>
         <input_file_ref idref="fl-ea"/>
      </object_component>
      <object_component id="oc-89b">
         <name>.text:PowerCC26X2_RCOSC_clockFunc</name>
         <load_address>0x1fc8</load_address>
         <run_address>0x1fc8</run_address>
         <size>0x48</size>
         <input_file_ref idref="fl-1c"/>
      </object_component>
      <object_component id="oc-5a7">
         <name>.text:clk0Fxn</name>
         <load_address>0x2010</load_address>
         <run_address>0x2010</run_address>
         <size>0x48</size>
         <input_file_ref idref="fl-2"/>
      </object_component>
      <object_component id="oc-9c6">
         <name>.text:switchXOSCHF</name>
         <load_address>0x2058</load_address>
         <run_address>0x2058</run_address>
         <size>0x48</size>
         <input_file_ref idref="fl-1b"/>
      </object_component>
      <object_component id="oc-b7f">
         <name>.text:HOSTclose</name>
         <load_address>0x20a0</load_address>
         <run_address>0x20a0</run_address>
         <size>0x44</size>
         <input_file_ref idref="fl-f9"/>
      </object_component>
      <object_component id="oc-b91">
         <name>.text:HOSTunlink</name>
         <load_address>0x20e4</load_address>
         <run_address>0x20e4</run_address>
         <size>0x44</size>
         <input_file_ref idref="fl-fe"/>
      </object_component>
      <object_component id="oc-730">
         <name>.text:NOROM_ChipInfo_GetHwRevision</name>
         <load_address>0x2128</load_address>
         <run_address>0x2128</run_address>
         <size>0x44</size>
         <input_file_ref idref="fl-24"/>
      </object_component>
      <object_component id="oc-90a">
         <name>.text:PIN_swi</name>
         <load_address>0x216c</load_address>
         <run_address>0x216c</run_address>
         <size>0x44</size>
         <input_file_ref idref="fl-1a"/>
      </object_component>
      <object_component id="oc-500">
         <name>.text:xdc_runtime_SysMin_flush__E</name>
         <load_address>0x21b0</load_address>
         <run_address>0x21b0</run_address>
         <size>0x44</size>
         <input_file_ref idref="fl-14"/>
      </object_component>
      <object_component id="oc-6e0">
         <name>.text:Board_shutDownExtFlash</name>
         <load_address>0x21f4</load_address>
         <run_address>0x21f4</run_address>
         <size>0x40</size>
         <input_file_ref idref="fl-4"/>
      </object_component>
      <object_component id="oc-874">
         <name>.text:ClockP_construct</name>
         <load_address>0x2234</load_address>
         <run_address>0x2234</run_address>
         <size>0x40</size>
         <input_file_ref idref="fl-1f"/>
      </object_component>
      <object_component id="oc-b32">
         <name>.text:NOROM_OSC_HPOSCRelativeFrequencyOffsetGet</name>
         <load_address>0x2274</load_address>
         <run_address>0x2274</run_address>
         <size>0x40</size>
         <input_file_ref idref="fl-27"/>
      </object_component>
      <object_component id="oc-685">
         <name>.text</name>
         <load_address>0x22b4</load_address>
         <run_address>0x22b4</run_address>
         <size>0x40</size>
         <input_file_ref idref="fl-e8"/>
      </object_component>
      <object_component id="oc-51e">
         <name>.text:ti_sysbios_family_arm_cc26xx_Timer_setThreshold__I</name>
         <load_address>0x22f4</load_address>
         <run_address>0x22f4</run_address>
         <size>0x40</size>
         <input_file_ref idref="fl-14"/>
      </object_component>
      <object_component id="oc-880">
         <name>.text:HwiP_construct</name>
         <load_address>0x2334</load_address>
         <run_address>0x2334</run_address>
         <size>0x3e</size>
         <input_file_ref idref="fl-20"/>
      </object_component>
      <object_component id="oc-84e">
         <name>.text:ti_sysbios_BIOS_nullFunc__I</name>
         <load_address>0x2372</load_address>
         <run_address>0x2372</run_address>
         <size>0x2</size>
         <input_file_ref idref="fl-7"/>
      </object_component>
      <object_component id="oc-a43">
         <name>.text:PIN_setOutputValue</name>
         <load_address>0x2374</load_address>
         <run_address>0x2374</run_address>
         <size>0x3c</size>
         <input_file_ref idref="fl-1a"/>
      </object_component>
      <object_component id="oc-99d">
         <name>.text:ti_sysbios_family_arm_m3_Hwi_construct2__E</name>
         <load_address>0x23b0</load_address>
         <run_address>0x23b0</run_address>
         <size>0x3c</size>
         <input_file_ref idref="fl-14"/>
      </object_component>
      <object_component id="oc-a54">
         <name>.text:PIN_setConfig</name>
         <load_address>0x23ec</load_address>
         <run_address>0x23ec</run_address>
         <size>0x38</size>
         <input_file_ref idref="fl-1a"/>
      </object_component>
      <object_component id="oc-aae">
         <name>.text:__TI_writemsg</name>
         <load_address>0x2424</load_address>
         <run_address>0x2424</run_address>
         <size>0x38</size>
         <input_file_ref idref="fl-f7"/>
      </object_component>
      <object_component id="oc-b27">
         <name>.text:notify</name>
         <load_address>0x245c</load_address>
         <run_address>0x245c</run_address>
         <size>0x38</size>
         <input_file_ref idref="fl-1b"/>
      </object_component>
      <object_component id="oc-53c">
         <name>.text:ti_sysbios_family_arm_cc26xx_Timer_getCurrentTick__E</name>
         <load_address>0x2494</load_address>
         <run_address>0x2494</run_address>
         <size>0x38</size>
         <input_file_ref idref="fl-14"/>
      </object_component>
      <object_component id="oc-524">
         <name>.text:ti_sysbios_family_arm_cc26xx_Timer_setNextTick__E</name>
         <load_address>0x24cc</load_address>
         <run_address>0x24cc</run_address>
         <size>0x36</size>
         <input_file_ref idref="fl-14"/>
      </object_component>
      <object_component id="oc-343">
         <name>.text:xdc_runtime_SysCallback_defaultAbort</name>
         <load_address>0x2502</load_address>
         <run_address>0x2502</run_address>
         <size>0x2</size>
         <input_file_ref idref="fl-14"/>
      </object_component>
      <object_component id="oc-737">
         <name>.text:NOROM_AUXSYSIFOpModeChange</name>
         <load_address>0x2504</load_address>
         <run_address>0x2504</run_address>
         <size>0x34</size>
         <input_file_ref idref="fl-2b"/>
      </object_component>
      <object_component id="oc-b09">
         <name>.text:NOROM_SysCtrlIdle</name>
         <load_address>0x2538</load_address>
         <run_address>0x2538</run_address>
         <size>0x34</size>
         <input_file_ref idref="fl-2a"/>
      </object_component>
      <object_component id="oc-ab4">
         <name>.text:__TI_readmsg</name>
         <load_address>0x256c</load_address>
         <run_address>0x256c</run_address>
         <size>0x34</size>
         <input_file_ref idref="fl-f7"/>
      </object_component>
      <object_component id="oc-4f4">
         <name>.text:xdc_runtime_SysMin_abort__E</name>
         <load_address>0x25a0</load_address>
         <run_address>0x25a0</run_address>
         <size>0x34</size>
         <input_file_ref idref="fl-14"/>
      </object_component>
      <object_component id="oc-506">
         <name>.text:xdc_runtime_SysMin_putch__E</name>
         <load_address>0x25d4</load_address>
         <run_address>0x25d4</run_address>
         <size>0x34</size>
         <input_file_ref idref="fl-14"/>
      </object_component>
      <object_component id="oc-aa1">
         <name>.text:Power_releaseConstraint</name>
         <load_address>0x2608</load_address>
         <run_address>0x2608</run_address>
         <size>0x30</size>
         <input_file_ref idref="fl-1b"/>
      </object_component>
      <object_component id="oc-886">
         <name>.text:Power_setConstraint</name>
         <load_address>0x2638</load_address>
         <run_address>0x2638</run_address>
         <size>0x30</size>
         <input_file_ref idref="fl-1b"/>
      </object_component>
      <object_component id="oc-69e">
         <name>.text:ti_sysbios_BIOS_atExitFunc__I</name>
         <load_address>0x2668</load_address>
         <run_address>0x2668</run_address>
         <size>0x30</size>
         <input_file_ref idref="fl-7"/>
      </object_component>
      <object_component id="oc-559">
         <name>.text:ti_sysbios_BIOS_startFunc__I</name>
         <load_address>0x2698</load_address>
         <run_address>0x2698</run_address>
         <size>0x30</size>
         <input_file_ref idref="fl-7"/>
      </object_component>
      <object_component id="oc-518">
         <name>.text:ti_sysbios_family_arm_cc26xx_Timer_initDevice__I</name>
         <load_address>0x26c8</load_address>
         <run_address>0x26c8</run_address>
         <size>0x30</size>
         <input_file_ref idref="fl-14"/>
      </object_component>
      <object_component id="oc-8ce">
         <name>.text:SemaphoreP_constructBinary</name>
         <load_address>0x26f8</load_address>
         <run_address>0x26f8</run_address>
         <size>0x2c</size>
         <input_file_ref idref="fl-21"/>
      </object_component>
      <object_component id="oc-af7">
         <name>.text:ti_sysbios_knl_Clock_getTicksUntilInterrupt__E</name>
         <load_address>0x2724</load_address>
         <run_address>0x2724</run_address>
         <size>0x2c</size>
         <input_file_ref idref="fl-14"/>
      </object_component>
      <object_component id="oc-8a1">
         <name>.text:oscillatorISR</name>
         <load_address>0x2750</load_address>
         <run_address>0x2750</run_address>
         <size>0x28</size>
         <input_file_ref idref="fl-1b"/>
      </object_component>
      <object_component id="oc-85a">
         <name>.text:write</name>
         <load_address>0x2778</load_address>
         <run_address>0x2778</run_address>
         <size>0x28</size>
         <input_file_ref idref="fl-f4"/>
      </object_component>
      <object_component id="oc-9c0">
         <name>.text:NOROM_OSCHF_TurnOnXosc</name>
         <load_address>0x27a0</load_address>
         <run_address>0x27a0</run_address>
         <size>0x24</size>
         <input_file_ref idref="fl-27"/>
      </object_component>
      <object_component id="oc-bbf">
         <name>.text:getTdcSemaphore</name>
         <load_address>0x27c4</load_address>
         <run_address>0x27c4</run_address>
         <size>0x24</size>
         <input_file_ref idref="fl-1c"/>
      </object_component>
      <object_component id="oc-698">
         <name>.text:ti_sysbios_BIOS_registerRTSLock__I</name>
         <load_address>0x27e8</load_address>
         <run_address>0x27e8</run_address>
         <size>0x24</size>
         <input_file_ref idref="fl-7"/>
      </object_component>
      <object_component id="oc-6a5">
         <name>.text:ti_sysbios_BIOS_removeRTSLock__I</name>
         <load_address>0x280c</load_address>
         <run_address>0x280c</run_address>
         <size>0x24</size>
         <input_file_ref idref="fl-7"/>
      </object_component>
      <object_component id="oc-52a">
         <name>.text:ti_sysbios_family_arm_cc26xx_Timer_getMaxTicks__E</name>
         <load_address>0x2830</load_address>
         <run_address>0x2830</run_address>
         <size>0x24</size>
         <input_file_ref idref="fl-14"/>
      </object_component>
      <object_component id="oc-760">
         <name>.text:xdc_runtime_SysMin_output__I</name>
         <load_address>0x2854</load_address>
         <run_address>0x2854</run_address>
         <size>0x22</size>
         <input_file_ref idref="fl-7"/>
      </object_component>
      <object_component id="oc-30f">
         <name>.text:xdc_runtime_SysCallback_defaultExit</name>
         <load_address>0x2876</load_address>
         <run_address>0x2876</run_address>
         <size>0x2</size>
         <input_file_ref idref="fl-14"/>
      </object_component>
      <object_component id="oc-58c">
         <name>.text:Board_init</name>
         <load_address>0x2878</load_address>
         <run_address>0x2878</run_address>
         <size>0x20</size>
         <input_file_ref idref="fl-4"/>
      </object_component>
      <object_component id="oc-8da">
         <name>.text:PINCC26XX_setIoCfgMux</name>
         <load_address>0x2898</load_address>
         <run_address>0x2898</run_address>
         <size>0x20</size>
         <input_file_ref idref="fl-1a"/>
      </object_component>
      <object_component id="oc-83a">
         <name>.text:ti_sysbios_BIOS_rtsLock__I</name>
         <load_address>0x28b8</load_address>
         <run_address>0x28b8</run_address>
         <size>0x20</size>
         <input_file_ref idref="fl-7"/>
      </object_component>
      <object_component id="oc-536">
         <name>.text:ti_sysbios_family_arm_cc26xx_Timer_dynamicStub__E</name>
         <load_address>0x28d8</load_address>
         <run_address>0x28d8</run_address>
         <size>0x20</size>
         <input_file_ref idref="fl-14"/>
      </object_component>
      <object_component id="oc-62d">
         <name>.text:xdc_runtime_SysMin_Module_startup__E</name>
         <load_address>0x28f8</load_address>
         <run_address>0x28f8</run_address>
         <size>0x20</size>
         <input_file_ref idref="fl-14"/>
      </object_component>
      <object_component id="oc-938">
         <name>.text:PIN_close</name>
         <load_address>0x2918</load_address>
         <run_address>0x2918</run_address>
         <size>0x1e</size>
         <input_file_ref idref="fl-1a"/>
      </object_component>
      <object_component id="oc-afd">
         <name>.text:Power_getTransitionLatency</name>
         <load_address>0x2936</load_address>
         <run_address>0x2936</run_address>
         <size>0x1e</size>
         <input_file_ref idref="fl-1b"/>
      </object_component>
      <object_component id="oc-72a">
         <name>.text:NOROM_ChipInfo_GetChipFamily</name>
         <load_address>0x2954</load_address>
         <run_address>0x2954</run_address>
         <size>0x1c</size>
         <input_file_ref idref="fl-24"/>
      </object_component>
      <object_component id="oc-901">
         <name>.text:PIN_hwi</name>
         <load_address>0x2970</load_address>
         <run_address>0x2970</run_address>
         <size>0x1c</size>
         <input_file_ref idref="fl-1a"/>
      </object_component>
      <object_component id="oc-ba3">
         <name>.text:PowerCC26XX_schedulerDisable</name>
         <load_address>0x298c</load_address>
         <run_address>0x298c</run_address>
         <size>0x1c</size>
         <input_file_ref idref="fl-23"/>
      </object_component>
      <object_component id="oc-ba9">
         <name>.text:PowerCC26XX_schedulerRestore</name>
         <load_address>0x29a8</load_address>
         <run_address>0x29a8</run_address>
         <size>0x1c</size>
         <input_file_ref idref="fl-23"/>
      </object_component>
      <object_component id="oc-a0f">
         <name>.text:ti_sysbios_knl_Swi_construct2__E</name>
         <load_address>0x29c4</load_address>
         <run_address>0x29c4</run_address>
         <size>0x1c</size>
         <input_file_ref idref="fl-14"/>
      </object_component>
      <object_component id="oc-2df">
         <name>.text:xdc_runtime_Startup_exec__I</name>
         <load_address>0x29e0</load_address>
         <run_address>0x29e0</run_address>
         <size>0x1c</size>
         <input_file_ref idref="fl-7"/>
      </object_component>
      <object_component id="oc-4fa">
         <name>.text:xdc_runtime_SysMin_exit__E</name>
         <load_address>0x29fc</load_address>
         <run_address>0x29fc</run_address>
         <size>0x1c</size>
         <input_file_ref idref="fl-14"/>
      </object_component>
      <object_component id="oc-9b8">
         <name>.text:PowerCC26XX_calibrate</name>
         <load_address>0x2a18</load_address>
         <run_address>0x2a18</run_address>
         <size>0x1a</size>
         <input_file_ref idref="fl-1b"/>
      </object_component>
      <object_component id="oc-300">
         <name>.text:xdc_runtime_SysCallback_defaultFlush</name>
         <load_address>0x2a32</load_address>
         <run_address>0x2a32</run_address>
         <size>0x2</size>
         <input_file_ref idref="fl-14"/>
      </object_component>
      <object_component id="oc-8bc">
         <name>.text:NOROM_ChipInfo_GetPackageType</name>
         <load_address>0x2a34</load_address>
         <run_address>0x2a34</run_address>
         <size>0x18</size>
         <input_file_ref idref="fl-24"/>
      </object_component>
      <object_component id="oc-5ea">
         <name>.text:Power_idleFunc</name>
         <load_address>0x2a4c</load_address>
         <run_address>0x2a4c</run_address>
         <size>0x18</size>
         <input_file_ref idref="fl-1b"/>
      </object_component>
      <object_component id="oc-256">
         <name>.text:_args_main</name>
         <load_address>0x2a64</load_address>
         <run_address>0x2a64</run_address>
         <size>0x18</size>
         <input_file_ref idref="fl-f0"/>
      </object_component>
      <object_component id="oc-671">
         <name>.text</name>
         <load_address>0x2a7c</load_address>
         <run_address>0x2a7c</run_address>
         <size>0x18</size>
         <input_file_ref idref="fl-e4"/>
      </object_component>
      <object_component id="oc-88f">
         <name>.text:switchToTCXO</name>
         <load_address>0x2a94</load_address>
         <run_address>0x2a94</run_address>
         <size>0x18</size>
         <input_file_ref idref="fl-1b"/>
      </object_component>
      <object_component id="oc-840">
         <name>.text:ti_sysbios_BIOS_rtsUnlock__I</name>
         <load_address>0x2aac</load_address>
         <run_address>0x2aac</run_address>
         <size>0x18</size>
         <input_file_ref idref="fl-7"/>
      </object_component>
      <object_component id="oc-b54">
         <name>.text:ti_sysbios_knl_Swi_or__E</name>
         <load_address>0x2ac4</load_address>
         <run_address>0x2ac4</run_address>
         <size>0x18</size>
         <input_file_ref idref="fl-14"/>
      </object_component>
      <object_component id="oc-548">
         <name>.text:xdc_runtime_Error_init__E</name>
         <load_address>0x2adc</load_address>
         <run_address>0x2adc</run_address>
         <size>0x18</size>
         <input_file_ref idref="fl-14"/>
      </object_component>
      <object_component id="oc-4ee">
         <name>.text:xdc_runtime_SysMin_Module__startupDone__F</name>
         <load_address>0x2af4</load_address>
         <run_address>0x2af4</run_address>
         <size>0x18</size>
         <input_file_ref idref="fl-7"/>
      </object_component>
      <object_component id="oc-5c2">
         <name>.text:NOROM_ThisLibraryIsFor_CC13x2_CC26x2_HwRev20AndLater_HaltIfViolated</name>
         <load_address>0x2b0c</load_address>
         <run_address>0x2b0c</run_address>
         <size>0x16</size>
         <input_file_ref idref="fl-24"/>
      </object_component>
      <object_component id="oc-55f">
         <name>.text:ti_sysbios_BIOS_exitFunc__I</name>
         <load_address>0x2b22</load_address>
         <run_address>0x2b22</run_address>
         <size>0x16</size>
         <input_file_ref idref="fl-7"/>
      </object_component>
      <object_component id="oc-592">
         <name>.text:ti_sysbios_knl_Clock_Params_init</name>
         <load_address>0x2b38</load_address>
         <run_address>0x2b38</run_address>
         <size>0x16</size>
         <input_file_ref idref="fl-2"/>
      </object_component>
      <object_component id="oc-9e8">
         <name>.text:PowerCC26X2_calibrate</name>
         <load_address>0x2b4e</load_address>
         <run_address>0x2b4e</run_address>
         <size>0x14</size>
         <input_file_ref idref="fl-1c"/>
      </object_component>
      <object_component id="oc-bf1">
         <name>.text:strcpy</name>
         <load_address>0x2b62</load_address>
         <run_address>0x2b62</run_address>
         <size>0x14</size>
         <input_file_ref idref="fl-ff"/>
      </object_component>
      <object_component id="oc-327">
         <name>.text:xdc_runtime_SysCallback_defaultPutch</name>
         <load_address>0x2b76</load_address>
         <run_address>0x2b76</run_address>
         <size>0x2</size>
         <input_file_ref idref="fl-14"/>
      </object_component>
      <object_component id="oc-530">
         <name>.text:ti_sysbios_family_arm_cc26xx_Timer_getCount64__E</name>
         <load_address>0x2b78</load_address>
         <run_address>0x2b78</run_address>
         <size>0x14</size>
         <input_file_ref idref="fl-14"/>
      </object_component>
      <object_component id="oc-690">
         <name>.text:ti_sysbios_knl_Clock_doTick__I</name>
         <load_address>0x2b8c</load_address>
         <run_address>0x2b8c</run_address>
         <size>0x14</size>
         <input_file_ref idref="fl-7"/>
      </object_component>
      <object_component id="oc-a4e">
         <name>.text:SemaphoreP_pend</name>
         <load_address>0x2ba0</load_address>
         <run_address>0x2ba0</run_address>
         <size>0x12</size>
         <input_file_ref idref="fl-21"/>
      </object_component>
      <object_component id="oc-8e0">
         <name>.text:HwiP_Params_init</name>
         <load_address>0x2bb2</load_address>
         <run_address>0x2bb2</run_address>
         <size>0x10</size>
         <input_file_ref idref="fl-20"/>
      </object_component>
      <object_component id="oc-8c2">
         <name>.text:PINCC26XX_getPinCount</name>
         <load_address>0x2bc4</load_address>
         <run_address>0x2bc4</run_address>
         <size>0x10</size>
         <input_file_ref idref="fl-1a"/>
      </object_component>
      <object_component id="oc-8e6">
         <name>.text:SwiP_Params_init</name>
         <load_address>0x2bd4</load_address>
         <run_address>0x2bd4</run_address>
         <size>0x10</size>
         <input_file_ref idref="fl-22"/>
      </object_component>
      <object_component id="oc-50c">
         <name>.text:xdc_runtime_SysMin_ready__E</name>
         <load_address>0x2be4</load_address>
         <run_address>0x2be4</run_address>
         <size>0x10</size>
         <input_file_ref idref="fl-14"/>
      </object_component>
      <object_component id="oc-37">
         <name>.text:decompress:none:__TI_decompress_none</name>
         <load_address>0x2bf4</load_address>
         <run_address>0x2bf4</run_address>
         <size>0xe</size>
         <input_file_ref idref="fl-ec"/>
      </object_component>
      <object_component id="oc-542">
         <name>.text:ti_sysbios_family_arm_cc26xx_TimestampProvider_get32__E</name>
         <load_address>0x2c02</load_address>
         <run_address>0x2c02</run_address>
         <size>0xe</size>
         <input_file_ref idref="fl-14"/>
      </object_component>
      <object_component id="oc-86e">
         <name>.text:ClockP_getSystemTickPeriod</name>
         <load_address>0x2c10</load_address>
         <run_address>0x2c10</run_address>
         <size>0xc</size>
         <input_file_ref idref="fl-1f"/>
      </object_component>
      <object_component id="oc-664">
         <name>.text:NOROM_CPUcpsid</name>
         <load_address>0x2c1c</load_address>
         <run_address>0x2c1c</run_address>
         <size>0xc</size>
         <input_file_ref idref="fl-25"/>
      </object_component>
      <object_component id="oc-66a">
         <name>.text:NOROM_CPUcpsie</name>
         <load_address>0x2c28</load_address>
         <run_address>0x2c28</run_address>
         <size>0xc</size>
         <input_file_ref idref="fl-25"/>
      </object_component>
      <object_component id="oc-a8f">
         <name>.text:Power_getConstraintMask</name>
         <load_address>0x2c34</load_address>
         <run_address>0x2c34</run_address>
         <size>0xc</size>
         <input_file_ref idref="fl-1b"/>
      </object_component>
      <object_component id="oc-baf">
         <name>.text:Power_getDependencyCount</name>
         <load_address>0x2c40</load_address>
         <run_address>0x2c40</run_address>
         <size>0xc</size>
         <input_file_ref idref="fl-1b"/>
      </object_component>
      <object_component id="oc-82e">
         <name>.text:_register_lock</name>
         <load_address>0x2c4c</load_address>
         <run_address>0x2c4c</run_address>
         <size>0xc</size>
         <input_file_ref idref="fl-ef"/>
      </object_component>
      <object_component id="oc-834">
         <name>.text:_register_unlock</name>
         <load_address>0x2c58</load_address>
         <run_address>0x2c58</run_address>
         <size>0xc</size>
         <input_file_ref idref="fl-ef"/>
      </object_component>
      <object_component id="oc-283">
         <name>.text:decompress:ZI:__TI_zero_init</name>
         <load_address>0x2c64</load_address>
         <run_address>0x2c64</run_address>
         <size>0xc</size>
         <input_file_ref idref="fl-eb"/>
      </object_component>
      <object_component id="oc-598">
         <name>.text:ti_sysbios_knl_Clock_handle</name>
         <load_address>0x2c70</load_address>
         <run_address>0x2c70</run_address>
         <size>0xc</size>
         <input_file_ref idref="fl-2"/>
      </object_component>
      <object_component id="oc-b5b">
         <name>.text:ti_sysbios_knl_Swi_getTrigger__E</name>
         <load_address>0x2c7c</load_address>
         <run_address>0x2c7c</run_address>
         <size>0xc</size>
         <input_file_ref idref="fl-14"/>
      </object_component>
      <object_component id="oc-87a">
         <name>.text:ClockP_Params_init</name>
         <load_address>0x2c88</load_address>
         <run_address>0x2c88</run_address>
         <size>0xa</size>
         <input_file_ref idref="fl-1f"/>
      </object_component>
      <object_component id="oc-33d">
         <name>.text:xdc_runtime_Text_visitRope__I</name>
         <load_address>0x2c92</load_address>
         <run_address>0x2c92</run_address>
         <size>0x8</size>
         <input_file_ref idref="fl-7"/>
      </object_component>
      <object_component id="oc-a49">
         <name>.text:NOROM_CPUdelay</name>
         <load_address>0x2c9a</load_address>
         <run_address>0x2c9a</run_address>
         <size>0x6</size>
         <input_file_ref idref="fl-25"/>
      </object_component>
      <object_component id="oc-a83">
         <name>.text:delayUs</name>
         <load_address>0x2ca0</load_address>
         <run_address>0x2ca0</run_address>
         <size>0x6</size>
         <input_file_ref idref="fl-1b"/>
      </object_component>
      <object_component id="oc-b0f">
         <name>.text:CPUwfi</name>
         <load_address>0x2ca6</load_address>
         <run_address>0x2ca6</run_address>
         <size>0x4</size>
         <input_file_ref idref="fl-23"/>
      </object_component>
      <object_component id="oc-a89">
         <name>.text:ClockP_start</name>
         <load_address>0x2caa</load_address>
         <run_address>0x2caa</run_address>
         <size>0x4</size>
         <input_file_ref idref="fl-1f"/>
      </object_component>
      <object_component id="oc-a9b">
         <name>.text:ClockP_stop</name>
         <load_address>0x2cae</load_address>
         <run_address>0x2cae</run_address>
         <size>0x4</size>
         <input_file_ref idref="fl-1f"/>
      </object_component>
      <object_component id="oc-9aa">
         <name>.text:HwiP_disable</name>
         <load_address>0x2cb2</load_address>
         <run_address>0x2cb2</run_address>
         <size>0x4</size>
         <input_file_ref idref="fl-20"/>
      </object_component>
      <object_component id="oc-a5a">
         <name>.text:SemaphoreP_post</name>
         <load_address>0x2cb6</load_address>
         <run_address>0x2cb6</run_address>
         <size>0x4</size>
         <input_file_ref idref="fl-21"/>
      </object_component>
      <object_component id="oc-a2e">
         <name>.text:SwiP_getTrigger</name>
         <load_address>0x2cba</load_address>
         <run_address>0x2cba</run_address>
         <size>0x4</size>
         <input_file_ref idref="fl-22"/>
      </object_component>
      <object_component id="oc-a25">
         <name>.text:SwiP_or</name>
         <load_address>0x2cbe</load_address>
         <run_address>0x2cbe</run_address>
         <size>0x4</size>
         <input_file_ref idref="fl-22"/>
      </object_component>
      <object_component id="oc-95d">
         <name>.text:configureRFCoreClocks</name>
         <load_address>0x2cc2</load_address>
         <run_address>0x2cc2</run_address>
         <size>0x4</size>
         <input_file_ref idref="fl-1b"/>
      </object_component>
      <object_component id="oc-969">
         <name>.text:nopResourceHandler</name>
         <load_address>0x2cc6</load_address>
         <run_address>0x2cc6</run_address>
         <size>0x4</size>
         <input_file_ref idref="fl-1b"/>
      </object_component>
      <object_component id="oc-25f">
         <name>.text:xdc_runtime_Startup_reset__I</name>
         <load_address>0x2cca</load_address>
         <run_address>0x2cca</run_address>
         <size>0x4</size>
         <input_file_ref idref="fl-7"/>
      </object_component>
      <object_component id="oc-32e">
         <name>.text:xdc_runtime_SysCallback_defaultReady</name>
         <load_address>0x2cce</load_address>
         <run_address>0x2cce</run_address>
         <size>0x4</size>
         <input_file_ref idref="fl-14"/>
      </object_component>
      <object_component id="oc-c9c">
         <name>.tramp.ti_sysbios_knl_Semaphore_post__E.1</name>
         <load_address>0x2cd4</load_address>
         <run_address>0x2cd4</run_address>
         <size>0x8</size>
      </object_component>
      <object_component id="oc-c9b">
         <name>.tramp.ti_sysbios_family_arm_m3_Hwi_disableFxn__E.1</name>
         <load_address>0x2cdc</load_address>
         <run_address>0x2cdc</run_address>
         <size>0x8</size>
      </object_component>
      <object_component id="oc-c9a">
         <name>.tramp.ti_sysbios_knl_Semaphore_pend__E.1</name>
         <load_address>0x2ce4</load_address>
         <run_address>0x2ce4</run_address>
         <size>0x8</size>
      </object_component>
      <object_component id="oc-c99">
         <name>.tramp.ti_sysbios_knl_Clock_logTick__E.1</name>
         <load_address>0x2cec</load_address>
         <run_address>0x2cec</run_address>
         <size>0x8</size>
      </object_component>
      <object_component id="oc-c98">
         <name>.tramp.ti_sysbios_knl_Swi_post__E.1</name>
         <load_address>0x2cf4</load_address>
         <run_address>0x2cf4</run_address>
         <size>0x8</size>
      </object_component>
      <object_component id="oc-c97">
         <name>.tramp.ti_sysbios_BIOS_RtsGateProxy_leave__E.1</name>
         <load_address>0x2cfc</load_address>
         <run_address>0x2cfc</run_address>
         <size>0x8</size>
      </object_component>
      <object_component id="oc-c96">
         <name>.tramp.ti_sysbios_knl_Swi_construct.1</name>
         <load_address>0x2d04</load_address>
         <run_address>0x2d04</run_address>
         <size>0x8</size>
      </object_component>
      <object_component id="oc-c95">
         <name>.tramp.ti_sysbios_knl_Task_restore__E.1</name>
         <load_address>0x2d0c</load_address>
         <run_address>0x2d0c</run_address>
         <size>0x8</size>
      </object_component>
      <object_component id="oc-c94">
         <name>.tramp.ti_sysbios_knl_Swi_restore__E.1</name>
         <load_address>0x2d14</load_address>
         <run_address>0x2d14</run_address>
         <size>0x8</size>
      </object_component>
      <object_component id="oc-c93">
         <name>.tramp.ti_sysbios_BIOS_RtsGateProxy_enter__E.1</name>
         <load_address>0x2d1c</load_address>
         <run_address>0x2d1c</run_address>
         <size>0x8</size>
      </object_component>
      <object_component id="oc-c92">
         <name>.tramp.ti_sysbios_knl_Clock_TimerProxy_getCurrentTick__E.1</name>
         <load_address>0x2d24</load_address>
         <run_address>0x2d24</run_address>
         <size>0x8</size>
      </object_component>
      <object_component id="oc-c91">
         <name>.tramp.ti_sysbios_knl_Semaphore_construct.1</name>
         <load_address>0x2d2c</load_address>
         <run_address>0x2d2c</run_address>
         <size>0x8</size>
      </object_component>
      <object_component id="oc-c90">
         <name>.tramp.ti_sysbios_knl_Semaphore_Params__init__S.1</name>
         <load_address>0x2d34</load_address>
         <run_address>0x2d34</run_address>
         <size>0x8</size>
      </object_component>
      <object_component id="oc-c8f">
         <name>.tramp.ti_sysbios_knl_Task_startup__E.1</name>
         <load_address>0x2d3c</load_address>
         <run_address>0x2d3c</run_address>
         <size>0x8</size>
      </object_component>
      <object_component id="oc-c8e">
         <name>.tramp.ti_sysbios_knl_Swi_startup__E.1</name>
         <load_address>0x2d44</load_address>
         <run_address>0x2d44</run_address>
         <size>0x8</size>
      </object_component>
      <object_component id="oc-c8d">
         <name>.tramp.ti_sysbios_hal_Hwi_startup__E.1</name>
         <load_address>0x2d4c</load_address>
         <run_address>0x2d4c</run_address>
         <size>0x8</size>
      </object_component>
      <object_component id="oc-c8c">
         <name>.tramp.ti_sysbios_family_arm_cc26xx_Timer_startup__E.1</name>
         <load_address>0x2d54</load_address>
         <run_address>0x2d54</run_address>
         <size>0x8</size>
      </object_component>
      <object_component id="oc-c8b">
         <name>.tramp.xdc_runtime_System_atexit__E.1</name>
         <load_address>0x2d5c</load_address>
         <run_address>0x2d5c</run_address>
         <size>0x8</size>
      </object_component>
      <object_component id="oc-c8a">
         <name>.tramp.ti_sysbios_BIOS_linkedWithIncorrectBootLibrary__E.1</name>
         <load_address>0x2d64</load_address>
         <run_address>0x2d64</run_address>
         <size>0x8</size>
      </object_component>
      <object_component id="oc-c89">
         <name>.tramp.xdc_runtime_Startup_rtsDone__E.1</name>
         <load_address>0x2d6c</load_address>
         <run_address>0x2d6c</run_address>
         <size>0x8</size>
      </object_component>
      <object_component id="oc-c88">
         <name>.tramp.ti_sysbios_BIOS_setThreadType__E.1</name>
         <load_address>0x2d74</load_address>
         <run_address>0x2d74</run_address>
         <size>0x8</size>
      </object_component>
      <object_component id="oc-c87">
         <name>.tramp.ti_sysbios_knl_Task_disable__E.1</name>
         <load_address>0x2d7c</load_address>
         <run_address>0x2d7c</run_address>
         <size>0x8</size>
      </object_component>
      <object_component id="oc-c86">
         <name>.tramp.ti_sysbios_knl_Swi_disable__E.1</name>
         <load_address>0x2d84</load_address>
         <run_address>0x2d84</run_address>
         <size>0x8</size>
      </object_component>
      <object_component id="oc-c85">
         <name>.tramp.ti_sysbios_family_arm_m3_Hwi_construct.1</name>
         <load_address>0x2d8c</load_address>
         <run_address>0x2d8c</run_address>
         <size>0x8</size>
      </object_component>
      <object_component id="oc-c84">
         <name>.tramp.ti_sysbios_family_arm_m3_Hwi_Params__init__S.1</name>
         <load_address>0x2d94</load_address>
         <run_address>0x2d94</run_address>
         <size>0x8</size>
      </object_component>
      <object_component id="oc-c83">
         <name>.tramp.ti_sysbios_knl_Clock_Params__init__S.1</name>
         <load_address>0x2d9c</load_address>
         <run_address>0x2d9c</run_address>
         <size>0x8</size>
      </object_component>
      <object_component id="oc-c82">
         <name>.tramp.xdc_runtime_Gate_leaveSystem__E.1</name>
         <load_address>0x2da4</load_address>
         <run_address>0x2da4</run_address>
         <size>0x8</size>
      </object_component>
      <object_component id="oc-c81">
         <name>.tramp.xdc_runtime_Gate_enterSystem__E.1</name>
         <load_address>0x2dac</load_address>
         <run_address>0x2dac</run_address>
         <size>0x8</size>
      </object_component>
      <object_component id="oc-c80">
         <name>.tramp.ti_sysbios_knl_Swi_Params__init__S.1</name>
         <load_address>0x2db4</load_address>
         <run_address>0x2db4</run_address>
         <size>0x8</size>
      </object_component>
      <object_component id="oc-c7f">
         <name>.tramp.xdc_runtime_System_exit__E.1</name>
         <load_address>0x2dbc</load_address>
         <run_address>0x2dbc</run_address>
         <size>0x8</size>
      </object_component>
      <object_component id="oc-c7e">
         <name>.tramp.ti_sysbios_heaps_HeapMem_restore__E.1</name>
         <load_address>0x2dc4</load_address>
         <run_address>0x2dc4</run_address>
         <size>0x8</size>
      </object_component>
      <object_component id="oc-c7d">
         <name>.tramp.ti_sysbios_heaps_HeapMem_Object__get__S.1</name>
         <load_address>0x2dcc</load_address>
         <run_address>0x2dcc</run_address>
         <size>0x8</size>
      </object_component>
      <object_component id="oc-c7c">
         <name>.tramp.strlen.1</name>
         <load_address>0x2dd4</load_address>
         <run_address>0x2dd4</run_address>
         <size>0x8</size>
      </object_component>
      <object_component id="oc-c7b">
         <name>.tramp.ti_sysbios_BIOS_exit__E.1</name>
         <load_address>0x2ddc</load_address>
         <run_address>0x2ddc</run_address>
         <size>0x8</size>
      </object_component>
      <object_component id="oc-c7a">
         <name>.tramp.ti_sysbios_knl_Clock_getTicks__E.1</name>
         <load_address>0x2de4</load_address>
         <run_address>0x2de4</run_address>
         <size>0x8</size>
      </object_component>
      <object_component id="oc-c79">
         <name>.tramp.ti_sysbios_BIOS_start__E.1</name>
         <load_address>0x2dec</load_address>
         <run_address>0x2dec</run_address>
         <size>0x8</size>
      </object_component>
      <object_component id="oc-c78">
         <name>.tramp.ti_sysbios_knl_Clock_construct.1</name>
         <load_address>0x2df4</load_address>
         <run_address>0x2df4</run_address>
         <size>0x8</size>
      </object_component>
      <object_component id="oc-c77">
         <name>.tramp.xdc_runtime_System_printf__E.1</name>
         <load_address>0x2dfc</load_address>
         <run_address>0x2dfc</run_address>
         <size>0x8</size>
      </object_component>
      <object_component id="oc-c76">
         <name>.tramp.ti_sysbios_knl_Clock_stop__E.1</name>
         <load_address>0x2e04</load_address>
         <run_address>0x2e04</run_address>
         <size>0x8</size>
      </object_component>
      <object_component id="oc-c75">
         <name>.tramp.ti_sysbios_knl_Clock_start__E.1</name>
         <load_address>0x2e0c</load_address>
         <run_address>0x2e0c</run_address>
         <size>0x8</size>
      </object_component>
      <object_component id="oc-c74">
         <name>.tramp.ti_sysbios_knl_Clock_setTimeout__E.1</name>
         <load_address>0x2e14</load_address>
         <run_address>0x2e14</run_address>
         <size>0x8</size>
      </object_component>
      <object_component id="oc-c73">
         <name>.tramp.ti_sysbios_family_arm_m3_Hwi_restoreFxn__E.1</name>
         <load_address>0x2e1c</load_address>
         <run_address>0x2e1c</run_address>
         <size>0x8</size>
      </object_component>
      <object_component id="oc-c72">
         <name>.tramp.xdc_runtime_System_doPrint__I.1</name>
         <load_address>0x2e24</load_address>
         <run_address>0x2e24</run_address>
         <size>0x8</size>
      </object_component>
      <object_component id="oc-c71">
         <name>.tramp.xdc_runtime_Text_putSite__E.1</name>
         <load_address>0x2e2c</load_address>
         <run_address>0x2e2c</run_address>
         <size>0x8</size>
      </object_component>
      <object_component id="oc-c70">
         <name>.tramp.xdc_runtime_Text_putLab__E.1</name>
         <load_address>0x2e34</load_address>
         <run_address>0x2e34</run_address>
         <size>0x8</size>
      </object_component>
      <object_component id="oc-289">
         <name>.const:ROM_constStruct</name>
         <load_address>0x2e3c</load_address>
         <run_address>0x2e3c</run_address>
         <size>0x3b8</size>
         <input_file_ref idref="fl-7"/>
      </object_component>
      <object_component id="oc-9fa">
         <name>.const:resourceDB</name>
         <load_address>0x31f4</load_address>
         <run_address>0x31f4</run_address>
         <size>0x54</size>
         <input_file_ref idref="fl-1b"/>
      </object_component>
      <object_component id="oc-32d">
         <name>.const:.string</name>
         <load_address>0x3248</load_address>
         <run_address>0x3248</run_address>
         <size>0x48</size>
         <input_file_ref idref="fl-7"/>
      </object_component>
      <object_component id="oc-290">
         <name>.const:ROM_externFuncPtrs</name>
         <load_address>0x3290</load_address>
         <run_address>0x3290</run_address>
         <size>0x48</size>
         <input_file_ref idref="fl-7"/>
      </object_component>
      <object_component id="oc-34c">
         <name>.const:xdc_runtime_Startup_sfxnTab__A</name>
         <load_address>0x32d8</load_address>
         <run_address>0x32d8</run_address>
         <size>0x28</size>
         <input_file_ref idref="fl-7"/>
      </object_component>
      <object_component id="oc-93e">
         <name>.const:$P$T1$2</name>
         <load_address>0x3300</load_address>
         <run_address>0x3300</run_address>
         <size>0x14</size>
         <input_file_ref idref="fl-4"/>
      </object_component>
      <object_component id="oc-88c">
         <name>.const:PowerCC26X2_config</name>
         <load_address>0x3314</load_address>
         <run_address>0x3314</run_address>
         <size>0x14</size>
         <input_file_ref idref="fl-4"/>
      </object_component>
      <object_component id="oc-31e">
         <name>.const:xdc_runtime_Startup_sfxnRts__A</name>
         <load_address>0x3328</load_address>
         <run_address>0x3328</run_address>
         <size>0x14</size>
         <input_file_ref idref="fl-7"/>
      </object_component>
      <object_component id="oc-2f4">
         <name>.const:xdc_runtime_Startup_firstFxns__A</name>
         <load_address>0x333c</load_address>
         <run_address>0x333c</run_address>
         <size>0xc</size>
         <input_file_ref idref="fl-7"/>
      </object_component>
      <object_component id="oc-94f">
         <name>.const:$O1$$</name>
         <load_address>0x3348</load_address>
         <run_address>0x3348</run_address>
         <size>0x8</size>
         <input_file_ref idref="fl-2b"/>
      </object_component>
      <object_component id="oc-a4a">
         <name>.const:$P$T0$1</name>
         <load_address>0x3350</load_address>
         <run_address>0x3350</run_address>
         <size>0x8</size>
         <input_file_ref idref="fl-4"/>
      </object_component>
      <object_component id="oc-6ec">
         <name>.const:BoardGpioInitTable</name>
         <load_address>0x3358</load_address>
         <run_address>0x3358</run_address>
         <size>0x8</size>
         <input_file_ref idref="fl-4"/>
      </object_component>
      <object_component id="oc-8fb">
         <name>.const:PINCC26XX_hwAttrs</name>
         <load_address>0x3360</load_address>
         <run_address>0x3360</run_address>
         <size>0x8</size>
         <input_file_ref idref="fl-4"/>
      </object_component>
      <object_component id="oc-2d9">
         <name>.const:ti_sysbios_family_arm_m3_Hwi_excHookFuncs__A</name>
         <load_address>0x3368</load_address>
         <run_address>0x3368</run_address>
         <size>0x8</size>
         <input_file_ref idref="fl-7"/>
      </object_component>
      <object_component id="oc-748">
         <name>.const:ti_sysbios_heaps_HeapMem_primaryHeapBaseAddr__C</name>
         <load_address>0x3370</load_address>
         <run_address>0x3370</run_address>
         <size>0x4</size>
         <input_file_ref idref="fl-7"/>
      </object_component>
      <object_component id="oc-74b">
         <name>.const:ti_sysbios_heaps_HeapMem_primaryHeapEndAddr__C</name>
         <load_address>0x3374</load_address>
         <run_address>0x3374</run_address>
         <size>0x4</size>
         <input_file_ref idref="fl-7"/>
      </object_component>
      <object_component id="oc-5a1">
         <name>.const:ti_sysbios_knl_Clock_tickPeriod__C</name>
         <load_address>0x3378</load_address>
         <run_address>0x3378</run_address>
         <size>0x4</size>
         <input_file_ref idref="fl-7"/>
      </object_component>
      <object_component id="oc-2e5">
         <name>.const:ti_sysbios_knl_Idle_funcList__A</name>
         <load_address>0x337c</load_address>
         <run_address>0x337c</run_address>
         <size>0x4</size>
         <input_file_ref idref="fl-7"/>
      </object_component>
      <object_component id="oc-650">
         <name>.const:xdc_runtime_SysMin_bufSize__C</name>
         <load_address>0x3380</load_address>
         <run_address>0x3380</run_address>
         <size>0x4</size>
         <input_file_ref idref="fl-7"/>
      </object_component>
      <object_component id="oc-658">
         <name>.const:xdc_runtime_SysMin_outputFunc__C</name>
         <load_address>0x3384</load_address>
         <run_address>0x3384</run_address>
         <size>0x4</size>
         <input_file_ref idref="fl-7"/>
      </object_component>
      <object_component id="oc-653">
         <name>.const:xdc_runtime_SysMin_flushAtExit__C</name>
         <load_address>0x3388</load_address>
         <run_address>0x3388</run_address>
         <size>0x2</size>
         <input_file_ref idref="fl-7"/>
      </object_component>
      <object_component id="oc-2f7">
         <name>.const:xdc_runtime_Text_charTab__A</name>
         <load_address>0x338a</load_address>
         <run_address>0x338a</run_address>
         <size>0x1</size>
         <input_file_ref idref="fl-7"/>
      </object_component>
      <object_component id="oc-c32">
         <name>.binit</name>
         <load_address>0x0</load_address>
         <run_address>0x0</run_address>
         <size>0x0</size>
      </object_component>
      <object_component id="oc-c69">
         <name>.cinit..data.load</name>
         <load_address>0x3390</load_address>
         <run_address>0x3390</run_address>
         <size>0x1b8</size>
      </object_component>
      <object_component id="oc-c67">
         <name>__TI_handler_table</name>
         <load_address>0x3548</load_address>
         <run_address>0x3548</run_address>
         <size>0xc</size>
      </object_component>
      <object_component id="oc-c6a">
         <name>.cinit..bss.load</name>
         <load_address>0x3558</load_address>
         <run_address>0x3558</run_address>
         <size>0x8</size>
      </object_component>
      <object_component id="oc-c6d">
         <name>.cinit..data:xdcRomConstPtr.load</name>
         <load_address>0x3560</load_address>
         <run_address>0x3560</run_address>
         <size>0x8</size>
      </object_component>
      <object_component id="oc-c6b">
         <name>.cinit..data:xdcRomExternFuncPtr.load</name>
         <load_address>0x3568</load_address>
         <run_address>0x3568</run_address>
         <size>0x8</size>
      </object_component>
      <object_component id="oc-c6c">
         <name>.cinit..data:xdcRomStatePtr.load</name>
         <load_address>0x3570</load_address>
         <run_address>0x3570</run_address>
         <size>0x8</size>
      </object_component>
      <object_component id="oc-c68">
         <name>__TI_cinit_table</name>
         <load_address>0x3578</load_address>
         <run_address>0x3578</run_address>
         <size>0x28</size>
      </object_component>
      <object_component id="oc-243">
         <name>.ccfg:retain</name>
         <load_address>0x57fa8</load_address>
         <run_address>0x57fa8</run_address>
         <size>0x58</size>
         <input_file_ref idref="fl-3"/>
      </object_component>
      <object_component id="oc-681">
         <name>.data:xdc_runtime_Error_IgnoreBlock</name>
         <load_address>0x20004e74</load_address>
         <run_address>0x20004e74</run_address>
         <size>0x20</size>
         <input_file_ref idref="fl-7"/>
      </object_component>
      <object_component id="oc-556">
         <name>.data:ti_sysbios_family_arm_cc26xx_Timer_Object__table__V</name>
         <load_address>0x20004d30</load_address>
         <run_address>0x20004d30</run_address>
         <size>0x48</size>
         <input_file_ref idref="fl-7"/>
      </object_component>
      <object_component id="oc-33a">
         <name>.data:ti_sysbios_family_arm_m3_Hwi_Module__root__V</name>
         <load_address>0x20004ef0</load_address>
         <run_address>0x20004ef0</run_address>
         <size>0x8</size>
         <input_file_ref idref="fl-7"/>
      </object_component>
      <object_component id="oc-2eb">
         <name>.data:ti_sysbios_family_arm_m3_Hwi_Object__table__V</name>
         <load_address>0x20004e94</load_address>
         <run_address>0x20004e94</run_address>
         <size>0x18</size>
         <input_file_ref idref="fl-7"/>
      </object_component>
      <object_component id="oc-571">
         <name>.data:ti_sysbios_family_arm_m3_Hwi_Module_State_0_excActive__A</name>
         <load_address>0x20004f68</load_address>
         <run_address>0x20004f68</run_address>
         <size>0x2</size>
         <input_file_ref idref="fl-7"/>
      </object_component>
      <object_component id="oc-574">
         <name>.data:ti_sysbios_family_arm_m3_Hwi_Module_State_0_excContext__A</name>
[...]
         <value>0x2c89</value>
         <object_component_ref idref="oc-87a"/>
      </symbol>
      <symbol id="sm-d66">
         <name>ClockP_start</name>
         <value>0x2cab</value>
         <object_component_ref idref="oc-a89"/>
      </symbol>
      <symbol id="sm-d67">
         <name>ClockP_getSystemTickPeriod</name>
         <value>0x2c11</value>
         <object_component_ref idref="oc-86e"/>
      </symbol>
      <symbol id="sm-d94">
         <name>HwiP_construct</name>
         <value>0x2335</value>
         <object_component_ref idref="oc-880"/>
      </symbol>
      <symbol id="sm-d95">
         <name>HwiP_Params_init</name>
         <value>0x2bb3</value>
         <object_component_ref idref="oc-8e0"/>
      </symbol>
      <symbol id="sm-d96">
         <name>HwiP_disable</name>
         <value>0x2cb3</value>
         <object_component_ref idref="oc-9aa"/>
      </symbol>
      <symbol id="sm-dc2">
         <name>SemaphoreP_post</name>
         <value>0x2cb7</value>
         <object_component_ref idref="oc-a5a"/>
      </symbol>
      <symbol id="sm-dc3">
         <name>SemaphoreP_pend</name>
         <value>0x2ba1</value>
         <object_component_ref idref="oc-a4e"/>
      </symbol>
      <symbol id="sm-dc4">
         <name>SemaphoreP_constructBinary</name>
         <value>0x26f9</value>
         <object_component_ref idref="oc-8ce"/>
      </symbol>
      <symbol id="sm-df4">
         <name>SwiP_or</name>
         <value>0x2cbf</value>
         <object_component_ref idref="oc-a25"/>
      </symbol>
      <symbol id="sm-df5">
         <name>SwiP_getTrigger</name>
         <value>0x2cbb</value>
         <object_component_ref idref="oc-a2e"/>
      </symbol>
      <symbol id="sm-df6">
         <name>SwiP_construct</name>
         <value>0x1e45</value>
         <object_component_ref idref="oc-8ec"/>
      </symbol>
      <symbol id="sm-df7">
         <name>SwiP_Params_init</name>
         <value>0x2bd5</value>
         <object_component_ref idref="oc-8e6"/>
      </symbol>
      <symbol id="sm-e36">
         <name>PowerCC26XX_taskKey</name>
         <value>0x200048a4</value>
      </symbol>
      <symbol id="sm-e37">
         <name>PowerCC26XX_swiKey</name>
         <value>0x200048a0</value>
      </symbol>
      <symbol id="sm-e38">
         <name>PowerCC26XX_schedulerDisable</name>
         <value>0x298d</value>
         <object_component_ref idref="oc-ba3"/>
      </symbol>
      <symbol id="sm-e39">
         <name>PowerCC26XX_schedulerRestore</name>
         <value>0x29a9</value>
         <object_component_ref idref="oc-ba9"/>
      </symbol>
      <symbol id="sm-e3a">
         <name>PowerCC26XX_standbyPolicy</name>
         <value>0xc49</value>
         <object_component_ref idref="oc-9b2"/>
      </symbol>
      <symbol id="sm-e8a">
         <name>NOROM_ChipInfo_GetChipType</name>
         <value>0x1971</value>
         <object_component_ref idref="oc-8b6"/>
      </symbol>
      <symbol id="sm-e8b">
         <name>NOROM_ChipInfo_GetHwRevision</name>
         <value>0x2129</value>
         <object_component_ref idref="oc-730"/>
      </symbol>
      <symbol id="sm-e8c">
         <name>NOROM_ChipInfo_GetChipFamily</name>
         <value>0x2955</value>
         <object_component_ref idref="oc-72a"/>
      </symbol>
      <symbol id="sm-e8d">
         <name>NOROM_ChipInfo_GetPackageType</name>
         <value>0x2a35</value>
         <object_component_ref idref="oc-8bc"/>
      </symbol>
      <symbol id="sm-e8e">
         <name>NOROM_ThisLibraryIsFor_CC13x2_CC26x2_HwRev20AndLater_HaltIfViolated</name>
         <value>0x2b0d</value>
         <object_component_ref idref="oc-5c2"/>
      </symbol>
      <symbol id="sm-ea2">
         <name>NOROM_CPUdelay</name>
         <value>0x2c9b</value>
         <object_component_ref idref="oc-a49"/>
      </symbol>
      <symbol id="sm-ea3">
         <name>NOROM_CPUcpsie</name>
         <value>0x2c29</value>
         <object_component_ref idref="oc-66a"/>
      </symbol>
      <symbol id="sm-ea4">
         <name>NOROM_CPUcpsid</name>
         <value>0x2c1d</value>
         <object_component_ref idref="oc-664"/>
      </symbol>
      <symbol id="sm-eaa">
         <name>driverlib_release_0_58048</name>
         <value>0x200048ac</value>
      </symbol>
      <symbol id="sm-ef8">
         <name>NOROM_OSCHF_TurnOnXosc</name>
         <value>0x27a1</value>
         <object_component_ref idref="oc-9c0"/>
      </symbol>
      <symbol id="sm-ef9">
         <name>NOROM_OSCHF_AttemptToSwitchToXosc</name>
         <value>0x1309</value>
         <object_component_ref idref="oc-b21"/>
      </symbol>
      <symbol id="sm-efa">
         <name>_hposcCoeffs</name>
         <value>0x20004e10</value>
         <object_component_ref idref="oc-b1d"/>
      </symbol>
      <symbol id="sm-efb">
         <name>NOROM_OSCHF_SwitchToRcOscTurnOffXosc</name>
         <value>0x1a45</value>
         <object_component_ref idref="oc-a95"/>
      </symbol>
      <symbol id="sm-efc">
         <name>NOROM_OSC_HPOSCRelativeFrequencyOffsetGet</name>
         <value>0x2275</value>
         <object_component_ref idref="oc-b32"/>
      </symbol>
      <symbol id="sm-f1e">
         <name>NOROM_PRCMPowerDomainsAllOn</name>
         <value>0x1ee5</value>
         <object_component_ref idref="oc-9f4"/>
      </symbol>
      <symbol id="sm-f1f">
         <name>NOROM_PRCMPowerDomainsAllOff</name>
         <value>0x1df1</value>
         <object_component_ref idref="oc-c06"/>
      </symbol>
      <symbol id="sm-f4d">
         <name>NOROM_SetupTrimDevice</name>
         <value>0x11d9</value>
         <object_component_ref idref="oc-2b4"/>
      </symbol>
      <symbol id="sm-f88">
         <name>NOROM_SysCtrlSetRechargeBeforePowerDown</name>
         <value>0x15ad</value>
         <object_component_ref idref="oc-c00"/>
      </symbol>
      <symbol id="sm-f89">
         <name>NOROM_SysCtrlIdle</name>
         <value>0x2539</value>
         <object_component_ref idref="oc-b09"/>
      </symbol>
      <symbol id="sm-f8a">
         <name>NOROM_SysCtrlStandby</name>
         <value>0xa59</value>
         <object_component_ref idref="oc-bb5"/>
      </symbol>
      <symbol id="sm-fa7">
         <name>NOROM_AUXSYSIFOpModeChange</name>
         <value>0x2505</value>
         <object_component_ref idref="oc-737"/>
      </symbol>
      <symbol id="sm-fcd">
         <name>__TI_doflush</name>
         <value>0x1f31</value>
         <object_component_ref idref="oc-6c6"/>
      </symbol>
      <symbol id="sm-fce">
         <name>fflush</name>
         <value>0x1729</value>
         <object_component_ref idref="oc-586"/>
      </symbol>
      <symbol id="sm-fdd">
         <name>__aeabi_memset</name>
         <value>0x17a7</value>
         <object_component_ref idref="oc-2d0"/>
      </symbol>
      <symbol id="sm-fde">
         <name>memset</name>
         <value>0x17ad</value>
         <object_component_ref idref="oc-2d0"/>
      </symbol>
      <symbol id="sm-fdf">
         <name>__aeabi_memset8</name>
         <value>0x17a7</value>
         <object_component_ref idref="oc-2d0"/>
      </symbol>
      <symbol id="sm-fe0">
         <name>__aeabi_memset4</name>
         <value>0x17a7</value>
         <object_component_ref idref="oc-2d0"/>
      </symbol>
      <symbol id="sm-fe1">
         <name>__aeabi_memclr8</name>
         <value>0x17a5</value>
         <object_component_ref idref="oc-2d0"/>
      </symbol>
      <symbol id="sm-fe2">
         <name>__aeabi_memclr4</name>
         <value>0x17a5</value>
         <object_component_ref idref="oc-2d0"/>
      </symbol>
      <symbol id="sm-fe3">
         <name>__aeabi_memclr</name>
         <value>0x17a5</value>
         <object_component_ref idref="oc-2d0"/>
      </symbol>
      <symbol id="sm-fed">
         <name>__aeabi_lmul</name>
         <value>0x2a7d</value>
         <object_component_ref idref="oc-671"/>
      </symbol>
      <symbol id="sm-1008">
         <name>memcpy</name>
         <value>0x113d</value>
         <object_component_ref idref="oc-271"/>
      </symbol>
      <symbol id="sm-1009">
         <name>__aeabi_memcpy</name>
         <value>0x113d</value>
         <object_component_ref idref="oc-271"/>
      </symbol>
      <symbol id="sm-100a">
         <name>__aeabi_memcpy8</name>
         <value>0x113d</value>
         <object_component_ref idref="oc-271"/>
      </symbol>
      <symbol id="sm-100b">
         <name>__aeabi_memcpy4</name>
         <value>0x113d</value>
         <object_component_ref idref="oc-271"/>
      </symbol>
      <symbol id="sm-1019">
         <name>__aeabi_uldivmod</name>
         <value>0x1271</value>
         <object_component_ref idref="oc-677"/>
      </symbol>
      <symbol id="sm-1028">
         <name>__aeabi_uidivmod</name>
         <value>0x22b5</value>
         <object_component_ref idref="oc-685"/>
      </symbol>
      <symbol id="sm-1029">
         <name>__aeabi_uidiv</name>
         <value>0x22b5</value>
         <object_component_ref idref="oc-685"/>
      </symbol>
      <symbol id="sm-1031">
         <name>main_func_sp</name>
         <value>0x20004f58</value>
         <object_component_ref idref="oc-25c"/>
      </symbol>
      <symbol id="sm-105a">
         <name>copy_in</name>
         <value>0x1f7d</value>
         <object_component_ref idref="oc-2a3"/>
      </symbol>
      <symbol id="sm-106c">
         <name>__TI_zero_init</name>
         <value>0x2c65</value>
         <object_component_ref idref="oc-283"/>
      </symbol>
      <symbol id="sm-1083">
         <name>__TI_decompress_none</name>
         <value>0x2bf5</value>
         <object_component_ref idref="oc-37"/>
      </symbol>
      <symbol id="sm-10a6">
         <name>__TI_decompress_lzss</name>
         <value>0x1aad</value>
         <object_component_ref idref="oc-31"/>
      </symbol>
      <symbol id="sm-10d0">
         <name>_nop</name>
         <value>0x1307</value>
         <object_component_ref idref="oc-847"/>
      </symbol>
      <symbol id="sm-10d1">
         <name>_lock</name>
         <value>0x20004ee0</value>
         <object_component_ref idref="oc-6cc"/>
      </symbol>
      <symbol id="sm-10d2">
         <name>_unlock</name>
         <value>0x20004ee4</value>
         <object_component_ref idref="oc-6cc"/>
      </symbol>
      <symbol id="sm-10d3">
         <name>_register_lock</name>
         <value>0x2c4d</value>
         <object_component_ref idref="oc-82e"/>
      </symbol>
      <symbol id="sm-10d4">
         <name>_register_unlock</name>
         <value>0x2c59</value>
         <object_component_ref idref="oc-834"/>
      </symbol>
      <symbol id="sm-10e8">
         <name>_args_main</name>
         <value>0x2a65</value>
         <object_component_ref idref="oc-256"/>
      </symbol>
      <symbol id="sm-10fd">
         <name>__aeabi_stdout</name>
         <value>0x20004ecc</value>
         <object_component_ref idref="oc-6cf"/>
      </symbol>
      <symbol id="sm-10fe">
         <name>__aeabi_stderr</name>
         <value>0x20004ed0</value>
         <object_component_ref idref="oc-6cf"/>
      </symbol>
      <symbol id="sm-10ff">
         <name>__aeabi_stdin</name>
         <value>0x20004ec8</value>
         <object_component_ref idref="oc-6cf"/>
      </symbol>
      <symbol id="sm-1100">
         <name>_ftable</name>
         <value>0x20004b2c</value>
         <object_component_ref idref="oc-59e"/>
      </symbol>
      <symbol id="sm-1101">
         <name>__TI_ft_end</name>
         <value>0x20004ec4</value>
         <object_component_ref idref="oc-6cf"/>
      </symbol>
      <symbol id="sm-111d">
         <name>write</name>
         <value>0x2779</value>
         <object_component_ref idref="oc-85a"/>
      </symbol>
      <symbol id="sm-112e">
         <name>HOSTwrite</name>
         <value>0x1ce9</value>
         <object_component_ref idref="oc-97a"/>
      </symbol>
      <symbol id="sm-113f">
         <name>_stream</name>
         <value>0x20004c94</value>
         <object_component_ref idref="oc-98d"/>
      </symbol>
      <symbol id="sm-1140">
         <name>_device</name>
         <value>0x20004c1c</value>
         <object_component_ref idref="oc-abf"/>
      </symbol>
      <symbol id="sm-1164">
         <name>__TI_readmsg</name>
         <value>0x256d</value>
         <object_component_ref idref="oc-ab4"/>
      </symbol>
      <symbol id="sm-1165">
         <name>C$$IO$$</name>
         <value>0x2453</value>
         <object_component_ref idref="oc-aae"/>
      </symbol>
      <symbol id="sm-1166">
         <name>__CIOBUF_</name>
         <value>0x20004510</value>
         <object_component_ref idref="oc-b6f"/>
      </symbol>
      <symbol id="sm-1167">
         <name>__TI_writemsg</name>
         <value>0x2425</value>
         <object_component_ref idref="oc-aae"/>
      </symbol>
      <symbol id="sm-1171">
         <name>__aeabi_idiv0</name>
         <value>0x1903</value>
         <object_component_ref idref="oc-824"/>
      </symbol>
      <symbol id="sm-1172">
         <name>__aeabi_ldiv0</name>
         <value>0x1903</value>
         <object_component_ref idref="oc-824"/>
      </symbol>
      <symbol id="sm-1183">
         <name>HOSTclose</name>
         <value>0x20a1</value>
         <object_component_ref idref="oc-b7f"/>
      </symbol>
      <symbol id="sm-1194">
         <name>HOSTlseek</name>
         <value>0x19dd</value>
         <object_component_ref idref="oc-b8b"/>
      </symbol>
      <symbol id="sm-11a6">
         <name>parmbuf</name>
         <value>0x20004894</value>
      </symbol>
      <symbol id="sm-11a7">
         <name>HOSTopen</name>
         <value>0x1b79</value>
         <object_component_ref idref="oc-b79"/>
      </symbol>
      <symbol id="sm-11b8">
         <name>HOSTread</name>
         <value>0x1c91</value>
         <object_component_ref idref="oc-b85"/>
      </symbol>
      <symbol id="sm-11c9">
         <name>HOSTrename</name>
         <value>0x1905</value>
         <object_component_ref idref="oc-b97"/>
      </symbol>
      <symbol id="sm-11da">
         <name>HOSTunlink</name>
         <value>0x20e5</value>
         <object_component_ref idref="oc-b91"/>
      </symbol>
      <symbol id="sm-11e8">
         <name>strcpy</name>
         <value>0x2b63</value>
         <object_component_ref idref="oc-bf1"/>
      </symbol>
      <symbol id="sm-11e9">
         <name>__TI_static_base__</name>
         <value>0x0</value>
      </symbol>
      <symbol id="sm-11f1">
         <name>SHT$$INIT_ARRAY$$Base</name>
         <value>0x0</value>
      </symbol>
      <symbol id="sm-11f2">
         <name>SHT$$INIT_ARRAY$$Limit</name>
         <value>0x0</value>
      </symbol>
      <symbol id="sm-11f3">
         <name>ITM_flush</name>
         <value>0x0</value>
      </symbol>
      <symbol id="sm-11f4">
         <name>ITM_restore</name>
         <value>0x0</value>
      </symbol>
      <symbol id="sm-11f5">
         <name>ResetISR</name>
         <value>0x1d99</value>
      </symbol>
      <symbol id="sm-11f6">
         <name>xdc_runtime_Main_Module_GateProxy_Handle__label__S</name>
         <value>0x1002e499</value>
      </symbol>
      <symbol id="sm-11f7">
         <name>xdc_runtime_Main_Module_GateProxy_query__E</name>
         <value>0x1002ec93</value>
      </symbol>
      <symbol id="sm-11f8">
         <name>xdc_runtime_System_SupportProxy_abort__E</name>
         <value>0x25a1</value>
      </symbol>
      <symbol id="sm-11f9">
         <name>xdc_runtime_System_SupportProxy_exit__E</name>
         <value>0x29fd</value>
      </symbol>
      <symbol id="sm-11fa">
         <name>xdc_runtime_System_SupportProxy_flush__E</name>
         <value>0x21b1</value>
      </symbol>
      <symbol id="sm-11fb">
         <name>xdc_runtime_System_SupportProxy_putch__E</name>
         <value>0x25d5</value>
      </symbol>
      <symbol id="sm-11fc">
         <name>xdc_runtime_System_SupportProxy_ready__E</name>
         <value>0x2be5</value>
      </symbol>
      <symbol id="sm-11fd">
         <name>ti_sysbios_hal_Hwi_switchFromBootStack__E</name>
         <value>0x1002e935</value>
      </symbol>
      <symbol id="sm-11fe">
         <name>ti_sysbios_family_arm_cc26xx_Boot_trimDevice</name>
         <value>0x11d9</value>
      </symbol>
      <symbol id="sm-11ff">
         <name>ti_sysbios_hal_Hwi_disableInterrupt__E</name>
         <value>0x1002d8d9</value>
      </symbol>
      <symbol id="sm-1200">
         <name>ti_sysbios_hal_Hwi_enableInterrupt__E</name>
         <value>0x1002d91d</value>
      </symbol>
      <symbol id="sm-1201">
         <name>ti_sysbios_hal_Hwi_getStackInfo__E</name>
         <value>0x1002d9e9</value>
      </symbol>
      <symbol id="sm-1202">
         <name>ti_sysbios_hal_Hwi_startup__E</name>
         <value>0x1002ec31</value>
      </symbol>
      <symbol id="sm-1203">
         <name>xdc_runtime_System_flush__E</name>
         <value>0x21b1</value>
      </symbol>
      <symbol id="sm-1204">
         <name>xdc_runtime_Timestamp_get32__E</name>
         <value>0x1002f8c9</value>
      </symbol>
      <symbol id="sm-1205">
         <name>xdc_runtime_Timestamp_get64__E</name>
         <value>0x1002dffd</value>
      </symbol>
      <symbol id="sm-1206">
         <name>xdc_runtime_Timestamp_getFreq__E</name>
         <value>0x1002eb3d</value>
      </symbol>
      <symbol id="sm-1207">
         <name>ti_sysbios_BIOS_RtsGateProxy_query__E</name>
         <value>0x1002ec9b</value>
      </symbol>
      <symbol id="sm-1208">
         <name>ti_sysbios_knl_Clock_TimerProxy_startup__E</name>
         <value>0x1002dcf1</value>
      </symbol>
      <symbol id="sm-1209">
         <name>ti_sysbios_knl_Task_SupportProxy_start__E</name>
         <value>0x1002dae9</value>
      </symbol>
      <symbol id="sm-120a">
         <name>ti_sysbios_knl_Task_SupportProxy_swap__E</name>
         <value>0x1002fb77</value>
      </symbol>
      <symbol id="sm-120b">
         <name>ti_sysbios_knl_Task_SupportProxy_getStackAlignment__E</name>
         <value>0x1002eab5</value>
      </symbol>
      <symbol id="sm-120c">
         <name>ti_sysbios_hal_Hwi_HwiProxy_getStackInfo__E</name>
         <value>0x1002d9e9</value>
      </symbol>
      <symbol id="sm-120d">
         <name>ti_sysbios_hal_Hwi_HwiProxy_startup__E</name>
         <value>0x1002ec31</value>
      </symbol>
      <symbol id="sm-120e">
         <name>ti_sysbios_hal_Hwi_HwiProxy_switchFromBootStack__E</name>
         <value>0x1002e935</value>
      </symbol>
      <symbol id="sm-120f">
         <name>ti_sysbios_hal_Hwi_HwiProxy_disableInterrupt__E</name>
         <value>0x1002d8d9</value>
      </symbol>
      <symbol id="sm-1210">
         <name>ti_sysbios_hal_Hwi_HwiProxy_enableInterrupt__E</name>
         <value>0x1002d91d</value>
      </symbol>
      <symbol id="sm-1211">
         <name>ti_sysbios_heaps_HeapMem_Module_GateProxy_query__E</name>
         <value>0x1002ec9b</value>
      </symbol>
      <symbol id="sm-1212">
         <name>xdc_runtime_System_Module_GateProxy_query__E</name>
         <value>0x1002ec93</value>
      </symbol>
      <symbol id="sm-1213">
         <name>xdc_runtime_Timestamp_SupportProxy_get32__E</name>
         <value>0x1002f8c9</value>
      </symbol>
      <symbol id="sm-1214">
         <name>xdc_runtime_Timestamp_SupportProxy_get64__E</name>
         <value>0x1002dffd</value>
      </symbol>
      <symbol id="sm-1215">
         <name>xdc_runtime_Timestamp_SupportProxy_getFreq__E</name>
         <value>0x1002eb3d</value>
      </symbol>
      <symbol id="sm-1216">
         <name>ClockP_getSystemTicks</name>
         <value>0x1002dc11</value>
      </symbol>
      <symbol id="sm-1217">
         <name>HwiP_restore</name>
         <value>0x1002ec47</value>
      </symbol>
      <symbol id="sm-1218">
         <name>SwiP_restore</name>
         <value>0x1002db61</value>
      </symbol>
   </symbol_table>
   <title>Link successful</title>
</link_info>
