******************************************************************************
                  TI ARM Linker PC v20.2.1                     
******************************************************************************
>> Linked Sat May 22 15:47:23 2021

OUTPUT FILE NAME:   <application.out>
ENTRY POINT SYMBOL: "ResetISR"  address: 00015651


MEMORY CONFIGURATION

         name            origin    length      used     unused   attr    fill
----------------------  --------  ---------  --------  --------  ----  --------
  FLASH_IMG_HDR         00000000   00000090  0000008d  00000003  R  X
  ENTRY                 00000090   00000040  0000003c  00000004  R  X
  FLASH                 000000d0   000560d0  00021797  00034939  R  X
  RTOS_SRAM             20000000   0000012c  000000e4  00000048  RW X
  SRAM                  20000fdf   00013021  0000412f  0000eef2  RW X


SEGMENT ALLOCATION MAP

run origin  load origin   length   init length attrs members
----------  ----------- ---------- ----------- ----- -------
00000000    00000000    0001d868   0001d868    r-x
  00000000    00000000    0000008d   0000008d    r-- .image_header
  00000090    00000090    0000003c   0000003c    r-- .resetVecs
  000000d0    000000d0    0001afa4   0001afa4    r-x .text
  0001b074    0001b074    00002053   00002053    r-- .const
  0001d0c8    0001d0c8    00000138   00000138    r-- .rodata
  0001d200    0001d200    00000668   00000668    r-- .cinit
00048000    00048000    00004000   00000000    rw-
  00048000    00048000    00004000   00000000    rw- .TI.bound:flashBuf0
20000100    20000100    0000000c   00000000    rw-
  20000100    20000100    00000004   00000000    rw- .data:xdcRomConstPtr
  20000104    20000104    00000004   00000000    rw- .data:xdcRomExternFuncPtr
  20000108    20000108    00000004   00000000    rw- .data:xdcRomStatePtr
20001830    20001830    00000010   00000000    rw-
  20001830    20001830    00000010   00000000    rw- .TI.bound:dmaSpi0RxControlTableEntry
20001840    20001840    00000010   00000000    rw-
  20001840    20001840    00000010   00000000    rw- .TI.bound:dmaSpi0TxControlTableEntry
20001900    20001900    00000010   00000000    rw-
  20001900    20001900    00000010   00000000    rw- .TI.bound:dmaSpi1RxControlTableEntry
20001910    20001910    00000010   00000000    rw-
  20001910    20001910    00000010   00000000    rw- .TI.bound:dmaSpi1TxControlTableEntry
20001a30    20001a30    00000010   00000000    rw-
  20001a30    20001a30    00000010   00000000    rw- .TI.bound:dmaSpi0RxAltControlTableEntry
20001a40    20001a40    00000010   00000000    rw-
  20001a40    20001a40    00000010   00000000    rw- .TI.bound:dmaSpi0TxAltControlTableEntry
20001b00    20001b00    00000010   00000000    rw-
  20001b00    20001b00    00000010   00000000    rw- .TI.bound:dmaSpi1RxAltControlTableEntry
20001b10    20001b10    00003cbf   00000000    rw-
  20001b10    20001b10    00000010   00000000    rw- .TI.bound:dmaSpi1TxAltControlTableEntry
  20001b20    20001b20    00000d17   00000000    rw- .data
  20002838    20002838    00002f97   00000000    rw- .bss
20013c00    20013c00    00000400   00000000    rw-
  20013c00    20013c00    00000400   00000000    rw- .stack


SECTION ALLOCATION MAP

 output                                  attributes/
section   page    origin      length       input sections
--------  ----  ----------  ----------   ----------------
.data:xdcRomConstPtr 
*          0    20000100    00000004     UNINITIALIZED
                  20000100    00000004     project_zero_app_pem4f.oem4f (.data:xdcRomConstPtr)

.data:xdcRomExternFuncPtr 
*          0    20000104    00000004     UNINITIALIZED
                  20000104    00000004     project_zero_app_pem4f.oem4f (.data:xdcRomExternFuncPtr)

.data:xdcRomStatePtr 
*          0    20000108    00000004     UNINITIALIZED
                  20000108    00000004     project_zero_app_pem4f.oem4f (.data:xdcRomStatePtr)

.bootVecs 
*          0    00000000    00000008     DSECT
                  00000000    00000008     boot.aem4f : boot.oem4f (.bootVecs)

.resetVecs 
*          0    00000090    0000003c     
                  00000090    0000003c     project_zero_app_pem4f.oem4f (.resetVecs)

.vecs      0    20000000    000000d8     NOLOAD SECTION
                  20000000    000000d8     project_zero_app_pem4f.oem4f (.vecs)

xdc.meta   0    00000000    00000107     COPY SECTION
                  00000000    00000107     project_zero_app_pem4f.oem4f (xdc.meta)

xdc.noload 
*          0    00000000    00000000     COPY SECTION

.image_header 
*          0    00000000    0000008d     
                  00000000    0000008d     oad_image_header_app.obj (.image_header:retain)

.resetVecs 
*          0    00000090    00000000     UNINITIALIZED

.intvecs   0    00000090    00000000     UNINITIALIZED

EntrySection 
*          0    00000090    00000000     UNINITIALIZED

.cinit     0    0001d200    00000668     
                  0001d200    00000594     (.cinit..data.load) [load image, compression = lzss]
                  0001d794    0000000c     (__TI_handler_table)
                  0001d7a0    00000008     (.cinit..TI.bound:dmaSpi0RxAltControlTableEntry.load) [load image, compression = zero_init]
                  0001d7a8    00000008     (.cinit..TI.bound:dmaSpi0RxControlTableEntry.load) [load image, compression = zero_init]
                  0001d7b0    00000008     (.cinit..TI.bound:dmaSpi0TxAltControlTableEntry.load) [load image, compression = zero_init]
                  0001d7b8    00000008     (.cinit..TI.bound:dmaSpi0TxControlTableEntry.load) [load image, compression = zero_init]
                  0001d7c0    00000008     (.cinit..TI.bound:dmaSpi1RxAltControlTableEntry.load) [load image, compression = zero_init]
                  0001d7c8    00000008     (.cinit..TI.bound:dmaSpi1RxControlTableEntry.load) [load image, compression = zero_init]
                  0001d7d0    00000008     (.cinit..TI.bound:dmaSpi1TxAltControlTableEntry.load) [load image, compression = zero_init]
                  0001d7d8    00000008     (.cinit..TI.bound:dmaSpi1TxControlTableEntry.load) [load image, compression = zero_init]
                  0001d7e0    00000008     (.cinit..bss.load) [load image, compression = zero_init]
                  0001d7e8    00000008     (.cinit..data:xdcRomConstPtr.load) [load image, compression = lzss]
                  0001d7f0    00000008     (.cinit..data:xdcRomExternFuncPtr.load) [load image, compression = lzss]
                  0001d7f8    00000008     (.cinit..data:xdcRomStatePtr.load) [load image, compression = lzss]
                  0001d800    00000068     (__TI_cinit_table)

.TI.bound:flashBuf0 
*          0    00048000    00004000     UNINITIALIZED
                  00048000    00004000     ti_drivers_config.obj (.TI.bound:flashBuf0)

.TI.bound:dmaSpi0RxControlTableEntry 
*          0    20001830    00000010     UNINITIALIZED
                  20001830    00000010     drivers_cc26x2.a : SPICC26X2DMA.oem4f (.TI.bound:dmaSpi0RxControlTableEntry)

.TI.bound:dmaSpi0TxControlTableEntry 
*          0    20001840    00000010     UNINITIALIZED
                  20001840    00000010     drivers_cc26x2.a : SPICC26X2DMA.oem4f (.TI.bound:dmaSpi0TxControlTableEntry)

.TI.bound:dmaSpi1RxControlTableEntry 
*          0    20001900    00000010     UNINITIALIZED
                  20001900    00000010     drivers_cc26x2.a : SPICC26X2DMA.oem4f (.TI.bound:dmaSpi1RxControlTableEntry)

.TI.bound:dmaSpi1TxControlTableEntry 
*          0    20001910    00000010     UNINITIALIZED
                  20001910    00000010     drivers_cc26x2.a : SPICC26X2DMA.oem4f (.TI.bound:dmaSpi1TxControlTableEntry)

.TI.bound:dmaSpi0RxAltControlTableEntry 
*          0    20001a30    00000010     UNINITIALIZED
                  20001a30    00000010     drivers_cc26x2.a : SPICC26X2DMA.oem4f (.TI.bound:dmaSpi0RxAltControlTableEntry)

.TI.bound:dmaSpi0TxAltControlTableEntry 
*          0    20001a40    00000010     UNINITIALIZED
                  20001a40    00000010     drivers_cc26x2.a : SPICC26X2DMA.oem4f (.TI.bound:dmaSpi0TxAltControlTableEntry)

.TI.bound:dmaSpi1RxAltControlTableEntry 
*          0    20001b00    00000010     UNINITIALIZED
                  20001b00    00000010     drivers_cc26x2.a : SPICC26X2DMA.oem4f (.TI.bound:dmaSpi1RxAltControlTableEntry)

.TI.bound:dmaSpi1TxAltControlTableEntry 
*          0    20001b10    00000010     UNINITIALIZED
                  20001b10    00000010     drivers_cc26x2.a : SPICC26X2DMA.oem4f (.TI.bound:dmaSpi1TxAltControlTableEntry)

.data      0    20001b20    00000d17     UNINITIALIZED
                  20001b20    00000170     drivers_cc26x2.a : PowerCC26X2.oem4f (.data:PowerCC26X2_module)
                  20001c90    00000130     devinfoservice.obj (.data:devInfoAttrTbl)
                  20001dc0    0000010c     project_zero_app_pem4f.oem4f (.data:ROM_stateStruct)
                  20001ecc    000000f4     StackWrapper.a : gapbondmgr.o (.data)
                  20001fc0    000000b0     OneLib.a : gapgattserver.o (.data)
                  20002070    00000060              : ll_config.o (.data)
                  200020d0    00000060     sydantek.obj (.data:attributes)
                  20002130    00000054     ti_radio_config.obj (.data:pOverrides_bleCommon)
                  20002184    00000050     ti_radio_config.obj (.data:txPowerTable_2400_pa5)
                  200021d4    0000004c     project_zero_app_pem4f.oem4f (.data:ti_sysbios_knl_Task_Object__table__V)
                  20002220    00000048     project_zero_app_pem4f.oem4f (.data:ti_sysbios_family_arm_cc26xx_Timer_Object__table__V)
                  20002268    00000044     sydantek.obj (.data)
                  200022ac    00000040     OneLib.a : gattservapp.o (.data)
                  200022ec    00000040     ble_user_config.obj (.data:eccParams_NISTP256)
                  2000232c    0000003c     icall_user_config.obj (.data:nvintfFncStruct)
                  20002368    00000038     project_zero_app_pem4f.oem4f (.data:ti_sysbios_gates_GateMutex_Object__table__V)
                  200023a0    00000035     oad.obj (.data)
                  200023d5    00000001     OneLib.a : gapgattserver.o (.data)
                  200023d6    00000002              : ll_config.o (.data)
                  200023d8    00000030     project_zero_app_pem4f.oem4f (.data:ti_sysbios_knl_Swi_Module_State_0_readyQ__A)
                  20002408    00000030     project_zero_app_pem4f.oem4f (.data:ti_sysbios_knl_Swi_Object__table__V)
                  20002438    00000030     project_zero_app_pem4f.oem4f (.data:ti_sysbios_knl_Task_Module_State_0_readyQ__A)
                  20002468    00000024     driverlib.lib : osc.obj (.data:$O1$$)
                  2000248c    00000004     icall.obj (.data:ICall_initParams)
                  20002490    00000020     drivers_cc26x2.a : TRNGCC26XX.oem4f (.data:entropyPoolBuffer)
                  200024b0    00000020     haldi.obj (.data:localNameStr$9)
                  200024d0    00000020     project_zero_app_pem4f.oem4f (.data:ti_sysbios_knl_Clock_Object__table__V)
                  200024f0    00000020     project_zero_app_pem4f.oem4f (.data:xdc_runtime_Error_IgnoreBlock)
                  20002510    0000001c     ti_ble_config.obj (.data:advParams1)
                  2000252c    0000001c     icall.obj (.data)
                  20002548    00000018     project_zero_app_pem4f.oem4f (.data:ti_sysbios_family_arm_m3_Hwi_Object__table__V)
                  20002560    00000015     haldi.obj (.data:attDeviceName_rename)
                  20002575    00000015     devinfoservice.obj (.data:devInfoFirmwareRev)
                  2000258a    00000015     devinfoservice.obj (.data:devInfoHardwareRev)
                  2000259f    00000015     devinfoservice.obj (.data:devInfoMfrName)
                  200025b4    00000015     devinfoservice.obj (.data:devInfoModelNumber)
                  200025c9    00000015     devinfoservice.obj (.data:devInfoSerialNumber)
                  200025de    00000015     devinfoservice.obj (.data:devInfoSoftwareRev)
                  200025f3    00000001     OneLib.a : gapgattserver.o (.data)
                  200025f4    00000014     sydantek.obj (.data:BoardGpioInitTable1)
                  20002608    00000014     ti_drivers_config.obj (.data:gpioCallbackFunctions)
                  2000261c    00000014     ti_drivers_config.obj (.data:gpioPinConfigs)
                  20002630    00000012     haldi.obj (.data:scanRspData_Restruct)
                  20002642    00000002     StackWrapper.a : osal_cbtimer.o (.data)
                  20002644    00000010     OneLib.a : gattservapp.o (.data)
                  20002654    00000010              : ll.o (.data)
                  20002664    00000010              : ll_data.o (.data)
                  20002674    00000010     StackWrapper.a : osal.o (.data)
                  20002684    00000010     icall_user_config.obj (.data:bleAppServiceInfoTable)
                  20002694    00000010     icall_api_lite.obj (.data)
                  200026a4    00000010     ti_radio_config.obj (.data:pOverrides_ble2Mbps)
                  200026b4    00000010     ti_radio_config.obj (.data:pOverrides_bleCoded)
                  200026c4    00000010     main.obj (.data:user0Cfg)
                  200026d4    0000000e     haldi.obj (.data:advData1_ReStruct)
                  200026e2    0000000e     devinfoservice.obj (.data:defaultDevInfo11073Cert)
                  200026f0    0000000e     devinfoservice.obj (.data)
                  200026fe    00000002     drivers_cc26x2.a : CryptoResourceCC26XX.oem4f (.data)
                  20002700    0000000c     ti_radio_config.obj (.data:pOverrides_ble1Mbps)
                  2000270c    0000000c     project_zero_app_pem4f.oem4f (.data:ti_sysbios_heaps_HeapCallback_Object__table__V)
                  20002718    0000000a     UartLog.obj (.data)
                  20002722    00000002     drivers_cc26x2.a : PKAResourceCC26XX.oem4f (.data)
                  20002724    00000009     haldi.obj (.data)
                  2000272d    00000002     drivers_cc26x2.a : TRNGCC26XX.oem4f (.data)
                  2000272f    00000001     OneLib.a : gapgattserver.o (.data)
                  20002730    00000008     rtsv7M4_T_le_v4SPD16_eabi.lib : _lock.c.obj (.data:$O1$$)
                  20002738    00000008     sydantek.obj (.data:$P$T0)
                  20002740    00000008     OneLib.a : gapgattserver.o (.data)
                  20002748    00000008     ble_user_config.obj (.data)
                  20002750    00000008     devinfoservice.obj (.data:devInfoSystemId)
                  20002758    00000008     drivers_cc26x2.a : PINCC26XX.oem4f (.data)
                  20002760    00000008     haldi.obj (.data:haldi_BondMgrCBs)
                  20002768    00000008     icall_cc2650.obj (.data)
                  20002770    00000008     drivers_cc26x2.a : TRNGCC26XX.oem4f (.data:jobList)
                  20002778    00000008     sydantek.obj (.data:params)
                  20002780    00000008     project_zero_app_pem4f.oem4f (.data:ti_sysbios_family_arm_m3_Hwi_Module__root__V)
                  20002788    00000008     project_zero_app_pem4f.oem4f (.data:ti_sysbios_gates_GateHwi_Module__root__V)
                  20002790    00000008     project_zero_app_pem4f.oem4f (.data:ti_sysbios_gates_GateMutexPri_Module__root__V)
                  20002798    00000008     project_zero_app_pem4f.oem4f (.data:ti_sysbios_gates_GateMutex_Module__root__V)
                  200027a0    00000008     project_zero_app_pem4f.oem4f (.data:ti_sysbios_hal_Hwi_Module__root__V)
                  200027a8    00000008     project_zero_app_pem4f.oem4f (.data:ti_sysbios_heaps_HeapCallback_Module__root__V)
                  200027b0    00000008     project_zero_app_pem4f.oem4f (.data:ti_sysbios_heaps_HeapMem_Module__root__V)
                  200027b8    00000008     project_zero_app_pem4f.oem4f (.data:ti_sysbios_knl_Clock_Module__root__V)
                  200027c0    00000008     project_zero_app_pem4f.oem4f (.data:ti_sysbios_knl_Event_Module__root__V)
                  200027c8    00000008     project_zero_app_pem4f.oem4f (.data:ti_sysbios_knl_Mailbox_Module__root__V)
                  200027d0    00000008     project_zero_app_pem4f.oem4f (.data:ti_sysbios_knl_Queue_Module__root__V)
                  200027d8    00000008     project_zero_app_pem4f.oem4f (.data:ti_sysbios_knl_Semaphore_Module__root__V)
                  200027e0    00000008     project_zero_app_pem4f.oem4f (.data:ti_sysbios_knl_Swi_Module__root__V)
                  200027e8    00000008     project_zero_app_pem4f.oem4f (.data:ti_sysbios_knl_Task_Module__root__V)
                  200027f0    00000007     devinfoservice.obj (.data:devInfoPnpId)
                  200027f7    00000001     OneLib.a : gapgattserver.o (.data)
                  200027f8    00000006     nvocmp.obj (.data)
                  200027fe    00000002     project_zero_app_pem4f.oem4f (.data:ti_sysbios_family_arm_m3_Hwi_Module_State_0_excActive__A)
                  20002800    00000005     drivers_cc26x2.a : GPIOCC26XX.oem4f (.data)
                  20002805    00000001     OneLib.a : gapgattserver.o (.data)
                  20002806    00000001              : gapgattserver.o (.data)
                  20002807    00000001              : gattservapp.o (.data)
                  20002808    00000004              : ll_slave_end_causes.o (.data)
                  2000280c    00000004     StackWrapper.a : hal_assert.o (.data)
                  20002810    00000004     ble_user_config_stack.obj (.data)
                  20002814    00000004     drivers_cc26x2.a : GPIOCC26XX.oem4f (.data:gpioPinTable)
                  20002818    00000004     rtsv7M4_T_le_v4SPD16_eabi.lib : stkdepth_vars.c.obj (.data)
                  2000281c    00000004     project_zero_app_pem4f.oem4f (.data:ti_sysbios_family_arm_m3_Hwi_Module_State_0_excContext__A)
                  20002820    00000004     project_zero_app_pem4f.oem4f (.data:ti_sysbios_family_arm_m3_Hwi_Module_State_0_excStack__A)
                  20002824    00000004     project_zero_app_pem4f.oem4f (.data:ti_sysbios_knl_Task_Module_State_0_idleTask__A)
                  20002828    00000001     OneLib.a : gattservapp.o (.data)
                  20002829    00000001              : ll_ae.o (.data)
                  2000282a    00000001              : ll_data.o (.data)
                  2000282b    00000001              : ll_scheduler.o (.data)
                  2000282c    00000001     StackWrapper.a : gap.o (.data)
                  2000282d    00000001                    : gap.o (.data)
                  2000282e    00000001                    : hal_assert.o (.data)
                  2000282f    00000001     drivers_cc26x2.a : AESCCMCC26XX.oem4f (.data)
                  20002830    00000001                      : AESCTRCC26XX.oem4f (.data)
                  20002831    00000001                      : AESCTRDRBGXX.oem4f (.data)
                  20002832    00000001                      : AESECBCC26XX.oem4f (.data)
                  20002833    00000001                      : ECDHCC26X2.oem4f (.data)
                  20002834    00000001                      : NVS.oem4f (.data)
                  20002835    00000001                      : SPI.oem4f (.data)
                  20002836    00000001     rf_multiMode_cc26x2.aem4f : rf_patch_cpe_bt5.c.cc26x2.ccs.o (.data)

.bss       0    20002838    00002f97     UNINITIALIZED
                  20002838    00000c90     (.common:ScanBuffer)
                  200034c8    00000800     (.common:appTaskStack)
                  20003cc8    00000500     (.common:uartLog_evBuf)
                  200041c8    000004f0     rf_multiMode_cc26x2.aem4f : RFCC26X2_multiMode.c.cc26x2.ccs.o (.bss:$O1$$)
                  200046b8    00000300     project_zero_app_pem4f.oem4f (.bss:taskStackSection)
                  200049b8    00000108     (.common:spiCC26X2DMAObjects)
                  20004ac0    000000f0     (.common:cTempBfr)
                  20004bb0    000000d8     (.common:ti_sysbios_family_arm_m3_Hwi_dispatchTable)
                  20004c88    000000ac     (.common:uartLog_outBuf)
                  20004d34    00000080     (.common:trngCC26XXObjects)
                  20004db4    0000007c     (.common:pinHandleTable)
                  20004e30    00000078     StackWrapper.a : osal_cbtimer.o (.bss)
                  20004ea8    00000058     (.common:aesctrdrbgXXObjects)
                  20004f00    00000050     drivers_cc26x2.a : PINCC26XX.oem4f (.bss:pinSemaphore)
                  20004f50    00000050     (.common:CryptoResourceCC26XX_accessSemaphore)
                  20004fa0    00000050     (.common:CryptoResourceCC26XX_operationSemaphore)
                  20004ff0    00000050     (.common:PKAResourceCC26XX_accessSemaphore)
                  20005040    00000050     (.common:PKAResourceCC26XX_operationSemaphore)
                  20005090    00000050     (.common:pzTask)
                  200050e0    00000048     icall.obj (.bss:ICall_entities)
                  20005128    00000040     ti_drivers_config.obj (.bss:verifyBuf)
                  20005168    0000003c     StackWrapper.a : osal_snv_wrapper.o (.bss)
                  200051a4    00000034     drivers_cc26x2.a : PINCC26XX.oem4f (.bss:pinSwi)
                  200051d8    0000002e     (.common:NVOCMP_nvHandle)
                  20005206    00000002     OneLib.a : gapgattserver.o (.bss)
                  20005208    00000028     (.common:swiParams)
                  20005230    00000024     icall.obj (.bss:ICall_tasks)
                  20005254    00000024     haldi.obj (.bss:sydantek_timer)
                  20005278    00000024     (.common:clk0Struct)
                  2000529c    00000024     (.common:clk1Struct)
                  200052c0    00000020     OneLib.a : gattservapp.o (.bss)
                  200052e0    00000020              : ll.o (.bss)
                  20005300    00000020     StackWrapper.a : gapbondmgr.o (.bss)
                  20005320    00000020                    : gapbondmgr.o (.bss)
                  20005340    00000020     drivers_cc26x2.a : GPIOCC26XX.oem4f (.bss:gpioCallbackInfo)
                  20005360    00000020                      : PINCC26XX.oem4f (.bss:pinGpioConfigTable)
                  20005380    00000020     (.common:cSpiRxBuffer1)
                  200053a0    00000020     (.common:cSpiRxBuffer2)
                  200053c0    00000020     (.common:cSpiTxBuffer)
                  200053e0    00000020     (.common:eb)
                  20005400    00000020     (.common:ecdhCC26X2Objects)
                  20005420    00000020     (.common:params_spi)
                  20005440    00000020     (.common:udmaCC26XXObject)
                  20005460    0000001c                      : TRNGCC26XX.oem4f (.bss:TRNGCC26XX_hwi)
                  2000547c    0000001c                      : TRNGCC26XX.oem4f (.bss:entropyPool)
                  20005498    0000001c     haldi.obj (.bss)
                  200054b4    0000001c     drivers_cc26x2.a : PINCC26XX.oem4f (.bss:pinHwi)
                  200054d0    0000001c     (.common:CryptoResourceCC26XX_hwi)
                  200054ec    0000001c     (.common:PKAResourceCC26XX_hwi)
                  20005508    0000001c     (.common:cExternalbuffer)
                  20005524    00000018     OneLib.a : gapgattserver.o (.bss)
                  2000553c    00000018              : ll_common.o (.bss)
                  20005554    00000018     haldi.obj (.bss:connList)
                  2000556c    00000018     (.common:aesccmCC26XXObjects)
                  20005584    00000018     (.common:aesctrCC26XXObjects)
                  2000559c    00000018     (.common:aesecbCC26XXObjects)
                  200055b4    00000018     (.common:transaction)
                  200055cc    00000014     rf_multiMode_cc26x2.aem4f : RFCC26X2_multiMode.c.cc26x2.ccs.o (.bss:RF_ratSyncCmd)
                  200055e0    00000014     haldi.obj (.bss:addrStr$5)
                  200055f4    00000014     haldi.obj (.bss:addrStr$6)
                  20005608    00000014     haldi.obj (.bss:addrStr$7)
                  2000561c    00000014     drivers_cc26x2.a : Random.oem4f (.bss:state)
                  20005630    00000012     nvocmp.obj (.bss)
                  20005642    00000002     OneLib.a : ll.o (.bss)
                  20005644    00000010     drivers_cc26x2.a : NVSSPI25X.oem4f (.bss:spiHandles)
                  20005654    0000000c     nvocmp.obj (.bss:NVOCMP_itemBuffer)
                  20005660    0000000c     nvocmp.obj (.bss:NVOCMP_nvsAttrs)
                  2000566c    0000000c     OneLib.a : ll.o (.bss)
                  20005678    0000000c              : ll.o (.bss)
                  20005684    0000000c              : ll_scheduler.o (.bss)
                  20005690    0000000c     haldi.obj (.bss:appMsgQueue)
                  2000569c    0000000c     drivers_cc26x2.a : NVSCC26XX.oem4f (.bss)
                  200056a8    0000000c                      : NVSSPI25X.oem4f (.bss)
                  200056b4    0000000c                      : GPIOCC26XX.oem4f (.bss:gpioPinState)
                  200056c0    0000000c     icall.obj (.bss)
                  200056cc    0000000c     (.common:nvsSPI25XObjects)
                  200056d8    0000000c     (.common:pinState)
                  200056e4    00000008     OneLib.a : ll.o (.bss)
                  200056ec    00000008     drivers_cc26x2.a : GPIOCC26XX.oem4f (.bss)
                  200056f4    00000008     haldi.obj (.bss:paramUpdateList)
                  200056fc    00000008     haldi.obj (.bss:setPhyCommStatList)
                  20005704    00000006     sydantek.obj (.bss)
                  2000570a    00000002     OneLib.a : ll_slave_end_causes.o (.bss)
                  2000570c    00000004              : gapgattserver.o (.bss)
                  20005710    00000004              : gattservapp.o (.bss)
                  20005714    00000004              : ll.o (.bss)
                  20005718    00000004              : ll.o (.bss)
                  2000571c    00000004              : ll.o (.bss)
                  20005720    00000004              : ll.o (.bss)
                  20005724    00000004              : ll.o (.bss)
                  20005728    00000004              : ll_ae.o (.bss)
                  2000572c    00000004              : ll_common.o (.bss)
                  20005730    00000004              : ll_enc.o (.bss)
                  20005734    00000004              : ll_privacy.o (.bss)
                  20005738    00000004     StackWrapper.a : gapbondmgr.o (.bss)
                  2000573c    00000004                    : gapbondmgr.o (.bss)
                  20005740    00000004                    : osal.o (.bss)
                  20005744    00000004                    : osal.o (.bss)
                  20005748    00000004                    : osal.o (.bss)
                  2000574c    00000004                    : osal.o (.bss)
                  20005750    00000004                    : osal.o (.bss)
                  20005754    00000004                    : osal.o (.bss)
                  20005758    00000004                    : osal_bufmgr.o (.bss)
                  2000575c    00000004                    : osal_clock.o (.bss)
                  20005760    00000004                    : osal_clock.o (.bss)
                  20005764    00000004                    : osal_timers.o (.bss)
                  20005768    00000004                    : osal_timers.o (.bss)
                  2000576c    00000004                    : osal_timers.o (.bss)
                  20005770    00000004     drivers_cc26x2.a : ECDHCC26X2.oem4f (.bss)
                  20005774    00000004                      : PINCC26XX.oem4f (.bss)
                  20005778    00000004     sydantek.obj (.bss:notify)
                  2000577c    00000004     drivers_cc26x2.a : NVSSPI25X.oem4f (.bss:spiHandleUsers)
                  20005780    00000004     (.common:HEAPMGR_SIZE)
                  20005784    00000004     (.common:clk2Handle)
                  20005788    00000004     (.common:hCpuPins)
                  2000578c    00000004     (.common:handle_spi)
                  20005790    00000004     (.common:hswiDRDY)
                  20005794    00000004     (.common:iInNextScanBuffer)
                  20005798    00000004     (.common:iIntCount)
                  2000579c    00000004     (.common:iSpiCount)
                  200057a0    00000004     (.common:nvsCC26XXObjects)
                  200057a4    00000004     (.common:ptrbuf)
                  200057a8    00000004     (.common:spiHandle)
                  200057ac    00000004     (.common:tasksEvents)
                  200057b0    00000002     StackWrapper.a : osal_pwrmgr.o (.bss)
                  200057b2    00000001     OneLib.a : gapgattserver.o (.bss)
                  200057b3    00000001              : gattservapp.o (.bss)
                  200057b4    00000001              : hci_tl.o (.bss)
                  200057b5    00000001              : hci_tl.o (.bss)
                  200057b6    00000001              : hci_tl.o (.bss)
                  200057b7    00000001              : hci_tl.o (.bss)
                  200057b8    00000001              : hci_tl.o (.bss)
                  200057b9    00000001              : hci_tl.o (.bss)
                  200057ba    00000001              : ll.o (.bss)
                  200057bb    00000001              : ll.o (.bss)
                  200057bc    00000001              : ll_ae.o (.bss)
                  200057bd    00000001              : ll_config.o (.bss)
                  200057be    00000001              : ll_config.o (.bss)
                  200057bf    00000001              : ll_enc.o (.bss)
                  200057c0    00000001     StackWrapper.a : ble_dispatch_lite.o (.bss)
                  200057c1    00000001                    : gapbondmgr.o (.bss)
                  200057c2    00000001                    : gapbondmgr.o (.bss)
                  200057c3    00000001                    : hal_assert.o (.bss)
                  200057c4    00000001                    : osal.o (.bss)
                  200057c5    00000001                    : osal_pwrmgr.o (.bss)
                  200057c6    00000001     rf_multiMode_cc26x2.aem4f : RFCC26X2_multiMode.c.cc26x2.ccs.o (.bss)
                  200057c7    00000001     (.common:NVOCMP_size)
                  200057c8    00000001     (.common:bDataReadinProgress)
                  200057c9    00000001     (.common:cBleTxferCmplete)
                  200057ca    00000001     (.common:cSpiTxferCmplete)
                  200057cb    00000001     (.common:chr0x33)
                  200057cc    00000001     (.common:driverlib_release_0_58048)
                  200057cd    00000001     (.common:gAction)
                  200057ce    00000001     (.common:iSPIStatus)

.vtable    0    200057cf    00000000     UNINITIALIZED

.vtable_ram 
*          0    200057cf    00000000     UNINITIALIZED

vtable_ram 
*          0    200057cf    00000000     UNINITIALIZED

.sysmem    0    200057cf    00000000     UNINITIALIZED

.nonretenvar 
*          0    200057cf    00000000     UNINITIALIZED

.stack     0    20013c00    00000400     UNINITIALIZED
                  20013c00    00000400     --HOLE--

.text      0    000000d0    0001afa4     
                  000000d0    000009b8     StackWrapper.a : gapbondmgr.o (.text)
                  00000a88    000007f8     sydantek.obj (.text:AFEinit3)
                  00001280    00000758     StackWrapper.a : gapbondmgr.o (.text)
                  000019d8    000006bc     OneLib.a : ll_adv_end_causes.o (.text)
                  00002094    000005d8     sydantek.obj (.text:Sydantek_ProcessTimerEvent)
                  0000266c    000004e0     OneLib.a : ll_slave_end_causes.o (.text)
                  00002b4c    000004a4     rf_multiMode_cc26x2.aem4f : RFCC26X2_multiMode.c.cc26x2.ccs.o (.text:RF_fsmActiveState)
                  00002ff0    00000464     OneLib.a : ll.o (.text)
                  00003454    00000458              : ll_ae.o (.text)
                  000038ac    00000450              : ll_isr.o (.text)
                  00003cfc    000003e0     haldi.obj (.text:haldi_processGapMessage)
                  000040dc    000003c4     OneLib.a : ble.o (.text)
                  000044a0    00000388              : ll_slave_end_causes.o (.text)
                  00004828    00000380              : ll_isr.o (.text)
                  00004ba8    0000031a     main.obj (.text:AssertHandler)
                  00004ec2    00000002     ti_drivers_config.obj (.text:Board_initHook)
                  00004ec4    00000308     OneLib.a : ll.o (.text)
                  000051cc    000002f4              : ll_ae.o (.text)
                  000054c0    000002f4     drivers_cc26x2.a : SPICC26X2DMA.oem4f (.text:SPICC26X2DMA_transfer)
                  000057b4    000002e0     ble_user_config_stack.obj (.text:setBleUserConfig)
                  00005a94    00000290     OneLib.a : ll_scheduler.o (.text)
                  00005d24    0000025c     nvocmp.obj (.text:NVOCMP_writeItem)
                  00005f80    0000025c     StackWrapper.a : gapbondmgr.o (.text)
                  000061dc    00000254     nvocmp.obj (.text:NVOCMP_compact)
                  00006430    00000250     OneLib.a : ll_data.o (.text)
                  00006680    0000024c     StackWrapper.a : gapbondmgr.o (.text)
                  000068cc    00000248     OneLib.a : ll_ae.o (.text)
                  00006b14    0000023c              : ll_common.o (.text)
                  00006d50    00000234     nvocmp.obj (.text:NVOCMP_initNv)
                  00006f84    00000234     drivers_cc26x2.a : SPICC26X2DMA.oem4f (.text:SPICC26X2DMA_hwiFxn)
                  000071b8    00000220     OneLib.a : ll_ae.o (.text)
                  000073d8    00000218     drivers_cc26x2.a : ECDHCC26X2.oem4f (.text:ECDHCC26X2_runFSM)
                  000075f0    00000210     rf_multiMode_cc26x2.aem4f : RFCC26X2_multiMode.c.cc26x2.ccs.o (.text:RF_scheduleCmd)
                  00007800    00000204     OneLib.a : gattservapp.o (.text)
                  00007a04    00000204              : ll_isr.o (.text)
                  00007c08    00000200     rf_multiMode_cc26x2.aem4f : RFCC26X2_multiMode.c.cc26x2.ccs.o (.text:RF_open)
                  00007e08    000001fc     OneLib.a : ll_scheduler.o (.text)
                  00008004    000001f4     devinfoservice.obj (.text:DevInfo_SetParameter)
                  000081f8    000001ec     OneLib.a : ll_isr.o (.text)
                  000083e4    000001e8     UartLog.obj (.text:uartLog_doPrint)
                  000085cc    000001e6     nvocmp.obj (.text:NVOCMP_findItem)
                  000087b2    00000002     sydantek.obj (.text:KeepPinsReady)
                  000087b4    000001dd     haldi.obj (.text:haldi_processHCIMsg)
                  00008991    00000001     --HOLE-- [fill = 0]
                  00008992    00000002     rom_init.obj (.text:MAP_llDmmDynamicFree)
                  00008994    000001dd     haldi.obj (.text:haldi_processPairState)
                  00008b71    00000001     --HOLE-- [fill = 0]
                  00008b72    00000002     rom_init.obj (.text:MAP_rf_patch_rfe)
                  00008b74    000001dc     StackWrapper.a : osal.o (.text)
                  00008d50    000001d4     rf_multiMode_cc26x2.aem4f : RFCC26X2_multiMode.c.cc26x2.ccs.o (.text:RF_dispatchNextCmd)
                  00008f24    000001cc     drivers_cc26x2.a : PINCC26XX.oem4f (.text:PIN_init)
                  000090f0    000001c4     OneLib.a : ll.o (.text)
                  000092b4    000001b4     nvocmp.obj (.text:NVOCMP_compactPage)
                  00009468    000001a4     haldi.obj (.text:haldi_init)
                  0000960c    000001a0     devinfoservice.obj (.text:devInfo_ReadAttrCB)
                  000097ac    0000019c     nvocmp.obj (.text:NVOCMP_addItem)
                  00009948    00000190     drivers_cc26x2.a : PowerCC26X2_calibrateRCOSC.oem4f (.text:calibrateRcoscHf1)
                  00009ad8    0000018c                      : PowerCC26X2_calibrateRCOSC.oem4f (.text:runCalibrateFsm)
                  00009c64    00000178                      : SPICC26X2DMA.oem4f (.text:SPICC26X2DMA_transferCancel)
                  00009ddc    00000174     OneLib.a : gattservapp.o (.text)
                  00009f50    00000174              : ll_isr.o (.text)
                  0000a0c4    00000174     drivers_cc26x2.a : PowerCC26X2.oem4f (.text:Power_init)
                  0000a238    00000174                      : SPICC26X2DMA.oem4f (.text:configNextTransfer)
                  0000a3ac    00000168                      : NVSSPI25X.oem4f (.text:NVSSPI25X_write)
                  0000a514    00000164     UartLog.obj (.text:UartLog_log)
                  0000a678    00000162     StackWrapper.a : osal.o (.text)
                  0000a7da    00000002     rf_multiMode_cc26x2.aem4f : rfc.c.cc26x2.ccs.o (.text:NOROM_RFCCpePatchReset)
                  0000a7dc    00000154                               : RFCC26X2_multiMode.c.cc26x2.ccs.o (.text:RF_radioOpDoneCb)
                  0000a930    00000154     haldi.obj (.text:haldi_handleUpdateLinkEvent)
                  0000aa84    00000150     drivers_cc26x2.a : SPICC26X2DMA.oem4f (.text:SPICC26X2DMA_open)
                  0000abd4    0000014c     OneLib.a : ll_common.o (.text)
                  0000ad20    0000014c              : ll_isr.o (.text)
                  0000ae6c    00000148     rf_multiMode_cc26x2.aem4f : RFCC26X2_multiMode.c.cc26x2.ccs.o (.text:RF_fsmSetupState)
                  0000afb4    00000144     StackWrapper.a : gap.o (.text)
                  0000b0f8    00000140     drivers_cc26x2.a : AESCCMCC26XX.oem4f (.text:AESCCM_startOperation)
                  0000b238    00000140     icall.obj (.text:ICall_waitMatch)
                  0000b378    00000140     OneLib.a : gattservapp.o (.text)
                  0000b4b8    00000140              : ll_ae.o (.text)
                  0000b5f8    00000140     haldi.obj (.text:haldi_updatePHYStat)
                  0000b738    00000140     drivers_cc26x2.a : SPICC26X2DMA.oem4f (.text:initIO)
                  0000b878    0000013c     rf_multiMode_cc26x2.aem4f : RFCC26X2_multiMode.c.cc26x2.ccs.o (.text:RF_ratSetupChannel)
                  0000b9b4    00000138     drivers_cc26x2.a : ECDHCC26X2.oem4f (.text:ECDH_computeSharedSecret)
                  0000baec    00000138                      : NVSCC26XX.oem4f (.text:NVSCC26XX_write)
                  0000bc24    00000136     rtsv7M4_T_le_v4SPD16_eabi.lib : fd_div_t2.asm.obj (.text)
                  0000bd5a    00000002     drivers_cc26x2.a : NVSSPI25X.oem4f (.text:NVSSPI25X_deinitSpiCs)
                  0000bd5c    00000134     icall.obj (.text:ICall_heapMalloc)
                  0000be90    00000134     rf_multiMode_cc26x2.aem4f : RFCC26X2_multiMode.c.cc26x2.ccs.o (.text:RF_abortCmd)
                  0000bfc4    0000012c     OneLib.a : gap_advertiser.o (.text)
                  0000c0f0    00000124              : ll_scheduler.o (.text)
                  0000c214    00000124     osal_icall_ble.obj (.text:osalInitTasks)
                  0000c338    00000120     OneLib.a : ll_common.o (.text)
                  0000c458    00000120              : ll_data.o (.text)
                  0000c578    00000120     drivers_cc26x2.a : PowerCC26X2.oem4f (.text:configureXOSCHF)
                  0000c698    00000118     nvocmp.obj (.text:NVOCMP_readHeader)
                  0000c7b0    00000118     haldi.obj (.text:haldi_processAdvEvent)
                  0000c8c8    00000114     nvocmp.obj (.text:NVOCMP_initNvApi)
                  0000c9dc    00000112     rf_multiMode_cc26x2.aem4f : RFCC26X2_multiMode.c.cc26x2.ccs.o (.text:RF_decodeOverridePointers)
                  0000caee    00000002     OneLib.a : ll.o (.text)
                  0000caf0    00000110     drivers_cc26x2.a : GPIOCC26XX.oem4f (.text:GPIO_setConfig)
                  0000cc00    00000110     rf_multiMode_cc26x2.aem4f : RFCC26X2_multiMode.c.cc26x2.ccs.o (.text:RF_initRadioSetup)
                  0000cd10    00000110     sydantek.obj (.text:SendtoAFE2)
                  0000ce20    0000010c     OneLib.a : gatt_client.o (.text)
                  0000cf2c    0000010c              : ll_isr.o (.text)
                  0000d038    00000108              : gap_task.o (.text)
                  0000d140    00000106     project_zero_app_pem4f.oem4f (.text:xdc_runtime_System_printfExtend__I)
                  0000d246    00000002     OneLib.a : ll.o (.text)
                  0000d248    00000104     drivers_cc26x2.a : AESECBCC26XX.oem4f (.text:AESECB_startOperation)
                  0000d34c    00000104     nvocmp.obj (.text:NVOCMP_erase)
                  0000d450    00000104     rf_multiMode_cc26x2.aem4f : RFCC26X2_multiMode.c.cc26x2.ccs.o (.text:RF_hwiCpe0Active)
                  0000d554    000000fc     sydantek.obj (.text:SendtoAFE)
                  0000d650    000000fc     rtsv7M4_T_le_v4SPD16_eabi.lib : fd_mul_t2.asm.obj (.text)
                  0000d74c    000000f8     drivers_cc26x2.a : NVSSPI25X.oem4f (.text:NVSSPI25X_open)
                  0000d844    000000f8     OneLib.a : sm_rsppairing.o (.text)
                  0000d93c    000000f8     drivers_cc26x2.a : PINCC26XX.oem4f (.text:PINCC26XX_setIoCfg)
                  0000da34    000000f4                      : AESCTRCC26XX.oem4f (.text:AESCTR_startOperation)
                  0000db28    000000f4                      : SPICC26X2DMA.oem4f (.text:SPICC26X2DMA_control)
                  0000dc1c    000000f4     haldi.obj (.text:haldi_taskFxn)
                  0000dd10    000000f0     OneLib.a : ll_common.o (.text)
                  0000de00    000000f0              : ll_scheduler.o (.text)
                  0000def0    000000f0     rf_multiMode_cc26x2.aem4f : RFCC26X2_multiMode.c.cc26x2.ccs.o (.text:RF_fsmPowerUpState)
                  0000dfe0    000000ec     haldi.obj (.text:haldi_processConnEvt)
                  0000e0cc    000000ec     haldi.obj (.text:util_arrtohex)
                  0000e1b8    000000eb     haldi.obj (.text:haldi_processCmdCompleteEvt)
                  0000e2a3    00000001     --HOLE-- [fill = 0]
                  0000e2a4    000000e4     nvocmp.obj (.text:NVOCMP_eraseNvApi)
                  0000e388    000000e4     OneLib.a : gapgattserver.o (.text)
                  0000e46c    000000e4              : ll_ae.o (.text)
                  0000e550    000000e0     StackWrapper.a : osal_timers.o (.text)
                  0000e630    000000d8     icall.obj (.text:ICall_heapInit)
                  0000e708    000000d8     rf_multiMode_cc26x2.aem4f : RFCC26X2_multiMode.c.cc26x2.ccs.o (.text:RF_control)
                  0000e7e0    000000d8                               : RFCC26X2_multiMode.c.cc26x2.ccs.o (.text:RF_pendCmd)
                  0000e8b8    000000d8     haldi.obj (.text:haldi_processApplicationMessage)
                  0000e990    000000d4     drivers_cc26x2.a : ECDHCC26X2.oem4f (.text:ECDH_generatePublicKey)
                  0000ea64    000000d4     icall.obj (.text:ICall_enrollService)
                  0000eb38    000000d4     haldi.obj (.text:haldi_clearConnListEntry)
                  0000ec0c    000000d2     rf_multiMode_cc26x2.aem4f : RFCC26X2_multiMode.c.cc26x2.ccs.o (.text:RF_updatePaConfiguration)
                  0000ecde    00000002                               : RFCC26X2_multiMode.c.cc26x2.ccs.o (.text:RF_defaultCallback)
                  0000ece0    000000d0                               : RFCC26X2_multiMode.c.cc26x2.ccs.o (.text:RF_swiHw)
                  0000edb0    000000cc     OneLib.a : hci_event.o (.text)
                  0000ee7c    000000cc     StackWrapper.a : osal.o (.text)
                  0000ef48    000000cc     haldi.obj (.text:haldi_sendParamUpdate)
                  0000f014    000000c8     OneLib.a : gap_scanner.o (.text)
                  0000f0dc    000000c8              : gapgattserver.o (.text)
                  0000f1a4    000000c8              : ll_scheduler.o (.text)
                  0000f26c    000000c8     sydantek.obj (.text:Sydantek_AddService)
                  0000f334    000000c4     drivers_cc26x2.a : GPIOCC26XX.oem4f (.text:GPIO_init)
                  0000f3f8    000000c4     nvocmp.obj (.text:NVOCMP_writeItemApi)
                  0000f4bc    000000c4     haldi.obj (.text:haldi_addConn)
                  0000f580    000000c0     drivers_cc26x2.a : AESCTRDRBGXX.oem4f (.text:AESCTRDRBG_getBytes)
                  0000f640    000000c0     icall.obj (.text:ICall_setTimer)
                  0000f700    000000c0     OneLib.a : ll.o (.text)
                  0000f7c0    000000c0     drivers_cc26x2.a : PowerCC26X2.oem4f (.text:Power_releaseDependency)
                  0000f880    000000bc     nvocmp.obj (.text:NVOCMP_readItem)
                  0000f93c    000000bc     OneLib.a : ll_ecc.o (.text)
                  0000f9f8    000000b8     nvocmp.obj (.text:NVOCMP_findSignature)
                  0000fab0    000000b8     OneLib.a : ll.o (.text)
                  0000fb68    000000b8              : ll_isr.o (.text)
                  0000fc20    000000b8              : ll_scheduler.o (.text)
                  0000fcd8    000000b8              : ll_scheduler.o (.text)
                  0000fd90    000000b8              : ll_slave_end_causes.o (.text)
                  0000fe48    000000b8     drivers_cc26x2.a : PowerCC26X2.oem4f (.text:Power_setDependency)
                  0000ff00    000000b8     StackWrapper.a : gapbondmgr.o (.text)
                  0000ffb8    000000b8     drivers_cc26x2.a : NVSSPI25X.oem4f (.text:doErase)
                  00010070    000000b6     nvocmp.obj (.text:NVOCMP_doNVCRC)
                  00010126    00000002     StackWrapper.a : common_rom_init.o (.text)
                  00010128    000000b4     nvocmp.obj (.text:NVOCMP_checkItem)
                  000101dc    000000b4     OneLib.a : ll_ae.o (.text)
                  00010290    000000b4     drivers_cc26x2.a : TRNGCC26XX.oem4f (.text:TRNG_generateEntropy)
                  00010344    000000b2     nvocmp.obj (.text:NVOCMP_findOffset)
                  000103f6    00000002     StackWrapper.a : hal_assert.o (.text)
                  000103f8    000000b0     drivers_cc26x2.a : AESCTRDRBGXX.oem4f (.text:AESCTRDRBG_construct)
                  000104a8    000000b0     icall.obj (.text:ICall_registerApp)
                  00010558    000000ac     drivers_cc26x2.a : ECDHCC26X2.oem4f (.text:ECDHCC26X2_hwiFxn)
                  00010604    000000ac     nvocmp.obj (.text:NVOCMP_readItemApi)
                  000106b0    000000ac     sydantek.obj (.text:NextScanBuffer)
                  0001075c    000000ac     drivers_cc26x2.a : PINCC26XX.oem4f (.text:PIN_open)
                  00010808    000000ac     driverlib.lib : setup.obj (.text:TrimAfterColdResetWakeupFromShutDown)
                  000108b4    000000a8     icall.obj (.text:HEAPMGR_GETLARGESTFREEBUF)
                  0001095c    000000a8     icall.obj (.text:ICall_send)
                  00010a04    000000a8     icall.obj (.text:ICall_sendServiceComplete)
                  00010aac    000000a8     OneLib.a : hci_data.o (.text)
                  00010b54    000000a8     sydantek.obj (.text:ReadDataFromAFEasynchronous)
                  00010bfc    000000a8     StackWrapper.a : gapbondmgr.o (.text)
                  00010ca4    000000a8     icall.obj (.text:icall_directAPI)
                  00010d4c    000000a8     haldi.obj (.text:util_getLocalNameStr)
                  00010df4    000000a6     drivers_cc26x2.a : AESCTRDRBGXX.oem4f (.text:AESCTRDRBG_reseed)
                  00010e9a    00000002     StackWrapper.a : hal_assert.o (.text)
                  00010e9c    000000a4     sydantek.obj (.text:GetDataFromScanBuffer)
                  00010f40    000000a4     icall.obj (.text:ICall_newTask)
                  00010fe4    000000a4     nvocmp.obj (.text:NVOCMP_compactNvApi)
                  00011088    000000a4     rf_multiMode_cc26x2.aem4f : RFCC26X2_multiMode.c.cc26x2.ccs.o (.text:RF_ratRestartChannels)
                  0001112c    000000a4     StackWrapper.a : osal_cbtimer.o (.text)
                  000111d0    000000a4     haldi.obj (.text:haldi_processPasscode)
                  00011274    000000a2     nvocmp.obj (.text:NVOCMP_getDstPage)
                  00011316    00000002     StackWrapper.a : onboard.o (.text)
                  00011318    000000a0     icall.obj (.text:ICall_createRemoteTasksAtRuntime)
                  000113b8    000000a0     nvocmp.obj (.text:NVOCMP_setPageState)
                  00011458    000000a0     OneLib.a : gattservapp.o (.text)
                  000114f8    000000a0              : ll_ae.o (.text)
                  00011598    000000a0              : ll_common.o (.text)
                  00011638    000000a0     auto_init.aem4f : auto_init.oem4f (.text)
                  000116d8    000000a0     rom_sysbios.aem4f : rom_sysbios.obj (.text:ti_sysbios_knl_Task_setPri__E)
                  00011778    0000009c     OneLib.a : ll_common.o (.text)
                  00011814    0000009c              : ll_ecc.o (.text)
                  000118b0    0000009c     rtsv7M4_T_le_v4SPD16_eabi.lib : memcpy_t2.asm.obj (.text)
                  0001194c    00000099     haldi.obj (.text:haldi_processGATTMsg)
                  000119e5    00000001     --HOLE-- [fill = 0]
                  000119e6    00000002     rtsv7M4_T_le_v4SPD16_eabi.lib : _lock.c.obj (.text:_nop)
                  000119e8    00000098     icall_cc2650.obj (.text:ICallPlatform_pwrUpdActivityCounter)
                  00011a80    00000098     driverlib.lib : setup.obj (.text:NOROM_SetupTrimDevice)
                  00011b18    00000098     OneLib.a : gattservapp.o (.text)
                  00011bb0    00000098              : hci_event.o (.text)
                  00011c48    00000098              : ll_enc.o (.text)
                  00011ce0    00000098     rf_multiMode_cc26x2.aem4f : RFCC26X2_multiMode.c.cc26x2.ccs.o (.text:RF_calculateDispatchTime)
                  00011d78    00000096     gattservapp_util.obj (.text:GATTServApp_ProcessCCCWriteReq)
                  00011e0e    00000096     sydantek.obj (.text:WriteAttribute)
                  00011ea4    00000096     rtsv7M4_T_le_v4SPD16_eabi.lib : ull_div_t2.asm.obj (.text)
                  00011f3a    00000094     OneLib.a : gatt_server.o (.text)
                  00011fce    00000002     drivers_cc26x2.a : PowerCC26X2.oem4f (.text:emptyClockFunc)
                  00011fd0    00000094     OneLib.a : ll.o (.text)
                  00012064    00000094              : ll_scheduler.o (.text)
                  000120f8    00000094     rf_multiMode_cc26x2.aem4f : RFCC26X2_multiMode.c.cc26x2.ccs.o (.text:RF_getInfo)
                  0001218c    00000094     drivers_cc26x2.a : TRNGCC26XX.oem4f (.text:TRNGCC26XX_hwiFxn)
                  00012220    00000090     OneLib.a : ll.o (.text)
                  000122b0    00000090              : ll_ae.o (.text)
                  00012340    00000090     rf_multiMode_cc26x2.aem4f : RFCC26X2_multiMode.c.cc26x2.ccs.o (.text:RF_discardPendCmd)
                  000123d0    0000008e     drivers_cc26x2.a : CryptoUtils.oem4f (.text:CryptoUtils_reverseCopyPad)
                  0001245e    0000008e     nvocmp.obj (.text:NVOCMP_setItemInactive)
                  000124ec    0000008c     icall.obj (.text:ICall_getEntityId)
                  00012578    0000008c     OneLib.a : ll_common.o (.text)
                  00012604    0000008c     rom_sysbios.aem4f : rom_sysbios.obj (.text:ti_sysbios_gates_GateMutexPri_enter__E)
                  00012690    0000008a     drivers_cc26x2.a : AESCTRDRBGXX.oem4f (.text:AESCTRDRBGXX_updateState)
                  0001271a    00000002                      : CryptoResourceCC26XX.oem4f (.text:errorSpin)
                  0001271c    00000088     driverlib.lib : osc.obj (.text:NOROM_OSCHF_AttemptToSwitchToXosc)
                  000127a4    00000088     OneLib.a : hci_event.o (.text)
                  0001282c    00000088     rf_multiMode_cc26x2.aem4f : RFCC26X2_multiMode.c.cc26x2.ccs.o (.text:RF_cmdDispatchTime)
                  000128b4    00000088     StackWrapper.a : osal_cbtimer.o (.text)
                  0001293c    00000088     drivers_cc26x2.a : PowerCC26X2_calibrateRCOSC.oem4f (.text:calibrateRcoscHf2)
                  000129c4    00000088                      : PowerCC26X2.oem4f (.text:disableLFClockQualifiers)
                  00012a4c    00000088     UartLog.obj (.text:uartLog_flush)
                  00012ad4    00000088     drivers_cc26x2.a : PowerCC26X2_calibrateRCOSC.oem4f (.text:updateSubSecInc)
                  00012b5c    00000086     nvocmp.obj (.text:NVOCMP_scanPage)
                  00012be2    00000084     ti_drivers_config.obj (.text:Board_sendExtFlashByte)
                  00012c66    00000084     icall.obj (.text:ICall_wait)
                  00012cea    00000002     drivers_cc26x2.a : PKAResourceCC26XX.oem4f (.text:errorSpin)
                  00012cec    00000084                      : NVSSPI25X.oem4f (.text:NVSSPI25X_close)
                  00012d70    00000084     rf_multiMode_cc26x2.aem4f : RFCC26X2_multiMode.c.cc26x2.ccs.o (.text:RF_issueRadioFreeCb)
                  00012df4    00000084                               : RFCC26X2_multiMode.c.cc26x2.ccs.o (.text:RF_verifyGap)
                  00012e78    00000080     nvocmp.obj (.text:NVOCMP_loadApiPtrsMin)
                  00012ef8    00000080     drivers_cc26x2.a : NVSCC26XX.oem4f (.text:NVSCC26XX_open)
                  00012f78    00000080     OneLib.a : ll_enc.o (.text)
                  00012ff8    00000080     rom_sysbios.aem4f : rom_sysbios.obj (.text:ti_sysbios_family_arm_cc26xx_Timer_start__E)
                  00013078    0000007e     OneLib.a : gap_task.o (.text)
                  000130f6    00000002     rtsv7M4_T_le_v4SPD16_eabi.lib : div0.asm.obj (.text)
                  000130f8    0000007c     nvocmp.obj (.text:NVOCMP_write)
                  00013174    0000007c     OneLib.a : ll_enc.o (.text)
                  000131f0    0000007c     rf_multiMode_cc26x2.aem4f : RFCC26X2_multiMode.c.cc26x2.ccs.o (.text:RF_ratFreeChannel)
                  0001326c    0000007c     sydantek.obj (.text:SPICallbackFunction)
                  000132e8    0000007c     StackWrapper.a : gapbondmgr.o (.text)
                  00013364    0000007c     drivers_cc26x2.a : NVSSPI25X.oem4f (.text:doRead)
                  000133e0    0000007a     OneLib.a : gattservapp.o (.text)
                  0001345a    0000007a     rtsv7M4_T_le_v4SPD16_eabi.lib : memset_t2.asm.obj (.text)
                  000134d4    00000078     icall.obj (.text:ICall_createRemoteTasks)
                  0001354c    00000078     OneLib.a : ll_common.o (.text)
                  000135c4    00000078     StackWrapper.a : osal_cbtimer.o (.text)
                  0001363c    00000078     drivers_cc26x2.a : NVSSPI25X.oem4f (.text:doWriteVerify)
                  000136b4    00000076     StackWrapper.a : gap.o (.text)
                  0001372a    00000002     project_zero_app_pem4f.oem4f (.text:ti_sysbios_BIOS_nullFunc__I)
                  0001372c    00000074     gattservapp_util.obj (.text:GATTServApp_InitCharCfg)
                  000137a0    00000074     drivers_cc26x2.a : PowerCC26X2_calibrateRCOSC.oem4f (.text:PowerCC26X2_auxISR)
                  00013814    00000074                      : TRNGCC26XX.oem4f (.text:TRNG_construct)
                  00013888    00000074     rom_sysbios.aem4f : rom_sysbios.obj (.text:ti_sysbios_gates_GateMutexPri_leave__E)
                  000138fc    00000072     rf_multiMode_cc26x2.aem4f : RFCC26X2_multiMode.c.cc26x2.ccs.o (.text:RF_detachOverrides)
                  0001396e    00000072     drivers_cc26x2.a : SPICC26X2DMA.oem4f (.text:csnCallback)
                  000139e0    00000070                      : AESCCMCC26XX.oem4f (.text:AESCCM_cleanup)
                  00013a50    00000070     rf_multiMode_cc26x2.aem4f : rfc.c.cc26x2.ccs.o (.text:NOROM_RFCAnaDivTxOverride)
                  00013ac0    00000070     OneLib.a : gatt_server.o (.text)
                  00013b30    00000070              : ll_common.o (.text)
                  00013ba0    00000070              : ll_enc.o (.text)
                  00013c10    00000070     drivers_cc26x2.a : PINCC26XX.oem4f (.text:PIN_add)
                  00013c80    00000070     rf_multiMode_cc26x2.aem4f : RFCC26X2_multiMode.c.cc26x2.ccs.o (.text:RF_ratDisableChannel)
                  00013cf0    00000070     drivers_cc26x2.a : Random.oem4f (.text:Random_seedAutomatic)
                  00013d60    00000070     StackWrapper.a : osal.o (.text)
                  00013dd0    0000006e     nvocmp.obj (.text:NVOCMP_verifyCRC)
                  00013e3e    0000006e     OneLib.a : gatt_server.o (.text)
                  00013eac    0000006e     rf_multiMode_cc26x2.aem4f : RFCC26X2_multiMode.c.cc26x2.ccs.o (.text:RF_attachOverrides)
                  00013f1a    0000006e                               : RFCC26X2_multiMode.c.cc26x2.ccs.o (.text:RF_howToSchedule)
                  00013f88    0000006d     rom_sysbios.aem4f : rom_sysbios.obj (.text:xdc_runtime_System_formatNum__I)
                  00013ff5    00000001     --HOLE-- [fill = 0]
                  00013ff6    00000002                       : rom_sysbios.obj (.text:ti_sysbios_heaps_HeapCallback_defaultDelete)
                  00013ff8    0000006c     icall.obj (.text:ICall_init)
                  00014064    0000006c     driverlib.lib : chipinfo.obj (.text:NOROM_ChipInfo_GetChipType)
                  000140d0    0000006c     OneLib.a : ll_common.o (.text)
                  0001413c    0000006c              : ll_isr.o (.text)
                  000141a8    0000006c     rf_multiMode_cc26x2.aem4f : RFCC26X2_multiMode.c.cc26x2.ccs.o (.text:RF_getCurrentTime)
                  00014214    0000006c     StackWrapper.a : osal_cbtimer.o (.text)
                  00014280    0000006c     haldi.obj (.text:haldi_Clock_createTask)
                  000142ec    00000068     drivers_cc26x2.a : CryptoUtils.oem4f (.text:CryptoUtils_copyPad)
                  00014354    00000068     driverlib.lib : osc.obj (.text:NOROM_OSCHF_SwitchToRcOscTurnOffXosc)
                  000143bc    00000068     OneLib.a : gattservapp.o (.text)
                  00014424    00000068     rf_multiMode_cc26x2.aem4f : RFCC26X2_multiMode.c.cc26x2.ccs.o (.text:RF_hwiHw)
                  0001448c    00000068     StackWrapper.a : osal_timers.o (.text)
                  000144f4    00000068     rtsv7M4_T_le_v4SPD16_eabi.lib : copy_decompress_lzss.c.obj (.text:decompress:lzss:__TI_decompress_lzss)
                  0001455c    00000068     osal_icall_ble.obj (.text:stack_main)
                  000145c4    00000066     OneLib.a : ll_common.o (.text)
                  0001462a    00000002     rom_sysbios.aem4f : rom_sysbios.obj (.text:xdc_runtime_SysCallback_defaultAbort)
                  0001462c    00000064     drivers_cc26x2.a : AESCCMCC26XX.oem4f (.text:AESCCM_waitForResult)
                  00014690    00000064                      : AESCTRCC26XX.oem4f (.text:AESCTR_waitForResult)
                  000146f4    00000064                      : AESECBCC26XX.oem4f (.text:AESECB_waitForResult)
                  00014758    00000064     icall.obj (.text:ICall_searchTask)
                  000147bc    00000064     OneLib.a : gapgattserver.o (.text)
                  00014820    00000064              : gattservapp.o (.text)
                  00014884    00000064     rf_multiMode_cc26x2.aem4f : RFCC26X2_multiMode.c.cc26x2.ccs.o (.text:RF_dispatchNextEvent)
                  000148e8    00000062                               : RFCC26X2_multiMode.c.cc26x2.ccs.o (.text:RF_syncCb)
                  0001494a    00000062     StackWrapper.a : icall_lite_translation.o (.text)
                  000149ac    00000060     drivers_cc26x2.a : AESCCMCC26XX.oem4f (.text:AESCCM_hwiFxn)
                  00014a0c    00000060                      : AESCTRCC26XX.oem4f (.text:AESCTR_hwiFxn)
                  00014a6c    00000060                      : AESECBCC26XX.oem4f (.text:AESECB_hwiFxn)
                  00014acc    00000060                      : CryptoResourceCC26XX.oem4f (.text:CryptoResourceCC26XX_constructRTOSObjects)
                  00014b2c    00000060                      : GPIOCC26XX.oem4f (.text:GPIO_write)
                  00014b8c    00000060     icall.obj (.text:ICall_searchServiceEntity)
                  00014bec    00000060     OneLib.a : ll_ae.o (.text)
                  00014c4c    00000060              : ll_common.o (.text)
                  00014cac    00000060     drivers_cc26x2.a : PKAResourceCC26XX.oem4f (.text:PKAResourceCC26XX_constructRTOSObjects)
                  00014d0c    00000060     rf_multiMode_cc26x2.aem4f : RFCC26X2_multiMode.c.cc26x2.ccs.o (.text:RF_applyRfCorePatch)
                  00014d6c    00000060     StackWrapper.a : gapbondmgr.o (.text)
                  00014dcc    00000060     drivers_cc26x2.a : TRNGCC26XX.oem4f (.text:TRNGCC26XX_startTrng)
                  00014e2c    00000060     util.obj (.text:Util_constructClock)
                  00014e8c    00000060     haldi.obj (.text:haldi_handleUpdateLinkParamReq)
                  00014eec    0000005e     sydantek.obj (.text:ReadAttribute)
                  00014f4a    00000002     rom_sysbios.aem4f : rom_sysbios.obj (.text:xdc_runtime_SysCallback_defaultExit)
                  00014f4c    0000005c     icall.obj (.text:ICall_msecs2Ticks)
                  00014fa8    0000005c     icall.obj (.text:ICall_primEntityId2ServiceId)
                  00015004    0000005c     OneLib.a : gap_perilinkmgr.o (.text)
                  00015060    0000005c              : ll_scheduler.o (.text)
                  000150bc    0000005c     drivers_cc26x2.a : PINCC26XX.oem4f (.text:PIN_remove)
                  00015118    0000005c                      : NVSCC26XX.oem4f (.text:doErase)
                  00015174    0000005c     haldi.obj (.text:haldi_removeConn)
                  000151d0    0000005c     drivers_cc26x2.a : SPICC26X2DMA.oem4f (.text:initHw)
                  0001522c    0000005c     project_zero_app_pem4f.oem4f (.text:xdc_runtime_Startup_getState__I)
                  00015288    00000058     drivers_cc26x2.a : ECDHCC26X2.oem4f (.text:ECDH_construct)
                  000152e0    00000058     icall.obj (.text:ICall_fetchMsg)
                  00015338    00000058     nvocmp.obj (.text:NVOCMP_getFreeNvApi)
                  00015390    00000058     OneLib.a : ll_ae.o (.text)
                  000153e8    00000058              : ll_common.o (.text)
                  00015440    00000058              : ll_enc.o (.text)
                  00015498    00000058              : ll_isr.o (.text)
                  000154f0    00000058     drivers_cc26x2.a : PowerCC26X2_calibrateRCOSC.oem4f (.text:PowerCC26X2_initiateCalibration)
                  00015548    00000058     rf_multiMode_cc26x2.aem4f : RFCC26X2_multiMode.c.cc26x2.ccs.o (.text:RF_hwiCpe0PowerFsm)
                  000155a0    00000058     StackWrapper.a : sm_ecc.o (.text)
                  000155f8    00000058     drivers_cc26x2.a : TRNGCC26XX.oem4f (.text:TRNG_init)
                  00015650    00000058     boot.aem4f : boot.oem4f (.text)
                  000156a8    00000058     drivers_cc26x2.a : NVSSPI25X.oem4f (.text:extFlashWaitReady)
                  00015700    00000058     haldi.obj (.text:haldi_processL2CAPMsg)
                  00015758    00000056     rf_multiMode_cc26x2.aem4f : RFCC26X2_multiMode.c.cc26x2.ccs.o (.text:RF_defaultSubmitPolicy)
                  000157ae    00000002     rom_sysbios.aem4f : rom_sysbios.obj (.text:xdc_runtime_SysCallback_defaultFlush)
                  000157b0    00000054     drivers_cc26x2.a : AESCCMCC26XX.oem4f (.text:AESCCM_construct)
                  00015804    00000054                      : AESCTRCC26XX.oem4f (.text:AESCTR_construct)
                  00015858    00000054                      : AESECBCC26XX.oem4f (.text:AESECB_construct)
                  000158ac    00000054     driverlib.lib : prcm.obj (.text:NOROM_PRCMPowerDomainsAllOff)
                  00015900    00000054     drivers_cc26x2.a : NVSCC26XX.oem4f (.text:NVSCC26XX_init)
                  00015954    00000054     OneLib.a : gattservapp.o (.text)
                  000159a8    00000054              : hci_event.o (.text)
                  000159fc    00000054              : ll.o (.text)
                  00015a50    00000054              : ll_ae.o (.text)
                  00015aa4    00000054              : ll_ae.o (.text)
                  00015af8    00000054              : ll_ae.o (.text)
                  00015b4c    00000054     rf_multiMode_cc26x2.aem4f : RFCC26X2_multiMode.c.cc26x2.ccs.o (.text:RF_fsmXOSCState)
                  00015ba0    00000054     StackWrapper.a : osal_bufmgr.o (.text)
                  00015bf4    00000054     drivers_cc26x2.a : StructRingBuf.oem4f (.text:StructRingBuf_put)
                  00015c48    00000054     dpl_cc26x2.a : SwiP_tirtos.oem4f (.text:SwiP_construct)
                  00015c9c    00000054     rf_multiMode_cc26x2.aem4f : rf_patch_cpe_bt5.c.cc26x2.ccs.o (.text:configureBt5Patch)
                  00015cf0    00000052     icall.obj (.text:ICall_msgEnqueue)
                  00015d42    00000052     OneLib.a : gap_centlinkmgr.o (.text)
                  00015d94    00000050     drivers_cc26x2.a : AESCTRDRBGXX.oem4f (.text:AESCTRDRBGXX_addBigendCounter)
                  00015de4    00000050     icall.obj (.text:ICall_heapFree)
                  00015e34    00000050     OneLib.a : gap_perilinkmgr.o (.text)
                  00015e84    00000050              : hci_tl.o (.text)
                  00015ed4    00000050              : ll_common.o (.text)
                  00015f24    00000050              : ll_enc.o (.text)
                  00015f74    00000050     drivers_cc26x2.a : SPICC26X2DMA.oem4f (.text:SPICC26X2DMA_close)
                  00015fc4    00000050     StackWrapper.a : osal.o (.text)
                  00016014    00000050                    : osal_clock.o (.text)
                  00016064    00000050     drivers_cc26x2.a : TRNGCC26XX.oem4f (.text:TRNGCC26XX_waitForResult)
                  000160b4    00000050     crc.obj (.text:crc_update)
                  00016104    00000050     drivers_cc26x2.a : NVSSPI25X.oem4f (.text:extFlashSpiWrite)
                  00016154    00000050     gattservapp_util.obj (.text:gattServApp_FindCharCfgItem)
                  000161a4    00000050     haldi.obj (.text:haldi_enqueueMsg)
                  000161f4    00000050     haldi.obj (.text:haldi_getConnIndex)
                  00016244    0000004e     gattservapp_util.obj (.text:GATTServApp_FindAttr)
                  00016292    0000004e     StackWrapper.a : gap.o (.text)
                  000162e0    0000004c     ti_drivers_config.obj (.text:Board_wakeUpExtFlash)
                  0001632c    0000004c     driverlib.lib : prcm.obj (.text:NOROM_PRCMPowerDomainsAllOn)
                  00016378    0000004c     nvocmp.obj (.text:NVOCMP_changePageState)
                  000163c4    0000004c     nvocmp.obj (.text:NVOCMP_setCompactHdr)
                  00016410    0000004c     OneLib.a : ll_scheduler.o (.text)
                  0001645c    0000004c     rf_multiMode_cc26x2.aem4f : RFCC26X2_multiMode.c.cc26x2.ccs.o (.text:RF_wakeupNotification)
                  000164a8    0000004c     sydantek.obj (.text:ResetAFE)
                  000164f4    0000004c     drivers_cc26x2.a : StructRingBuf.oem4f (.text:StructRingBuf_get)
                  00016540    0000004c                      : UDMACC26XX.oem4f (.text:UDMACC26XX_open)
                  0001658c    0000004c     rtsv7M4_T_le_v4SPD16_eabi.lib : cpy_tbl.c.obj (.text:copy_in)
                  000165d8    0000004c     haldi.obj (.text:haldi_passcodeCb)
                  00016624    0000004a     icall.obj (.text:ICall_msgPrepend)
                  0001666e    00000048     icall.obj (.text:ICall_fetchServiceMsg)
                  000166b6    00000002     rom_sysbios.aem4f : rom_sysbios.obj (.text:xdc_runtime_SysCallback_defaultPutch)
                  000166b8    00000048     rf_multiMode_cc26x2.aem4f : rfc.c.cc26x2.ccs.o (.text:NOROM_RFCSynthPowerDown)
                  00016700    00000048     drivers_cc26x2.a : NVSSPI25X.oem4f (.text:NVSSPI25X_read)
                  00016748    00000048                      : NVS.oem4f (.text:NVS_open)
                  00016790    00000048     OneLib.a : gattservapp.o (.text)
                  000167d8    00000048              : ll.o (.text)
                  00016820    00000048              : ll.o (.text)
                  00016868    00000048     drivers_cc26x2.a : PowerCC26X2_calibrateRCOSC.oem4f (.text:PowerCC26X2_RCOSC_clockFunc)
                  000168b0    00000048                      : PowerCC26X2.oem4f (.text:PowerCC26XX_switchXOSC_HF)
                  000168f8    00000048                      : NVSCC26XX.oem4f (.text:disableFlashCache)
                  00016940    00000048                      : NVSSPI25X.oem4f (.text:extFlashMassErase)
                  00016988    00000048     rtsv7M4_T_le_v4SPD16_eabi.lib : fd_toi_t2.asm.obj (.text)
                  000169d0    00000048     drivers_cc26x2.a : PowerCC26X2.oem4f (.text:switchXOSCHF)
                  00016a18    00000044                      : ECDHCC26X2.oem4f (.text:ECDHCC26X2_waitForResult)
                  00016a5c    00000044     gattservapp_util.obj (.text:GATTServApp_WriteCharCfg)
                  00016aa0    00000044     icall.obj (.text:ICall_getLocalMsgEntityId)
                  00016ae4    00000044     driverlib.lib : chipinfo.obj (.text:NOROM_ChipInfo_GetHwRevision)
                  00016b28    00000044     nvocmp.obj (.text:NVOCMP_expectCompApi)
                  00016b6c    00000044     drivers_cc26x2.a : NVSCC26XX.oem4f (.text:NVSCC26XX_read)
                  00016bb0    00000044     OneLib.a : ll.o (.text)
                  00016bf4    00000044              : ll.o (.text)
                  00016c38    00000044              : ll_ae.o (.text)
                  00016c7c    00000044              : ll_common.o (.text)
                  00016cc0    00000044              : ll_isr.o (.text)
                  00016d04    00000044     drivers_cc26x2.a : PINCC26XX.oem4f (.text:PIN_swi)
                  00016d48    00000044     rom_init.obj (.text:ROM_Init)
                  00016d8c    00000044     drivers_cc26x2.a : SPI.oem4f (.text:SPI_init)
                  00016dd0    00000044     StackWrapper.a : osal.o (.text)
                  00016e14    00000044                    : osal_timers.o (.text)
                  00016e58    00000044     haldi.obj (.text:haldi_pairStateCb)
                  00016e9c    00000044     rtsv7M4_T_le_v4SPD16_eabi.lib : fd_tou_t2.asm.obj (.text)
                  00016ee0    00000042     OneLib.a : ll.o (.text)
                  00016f22    00000042     drivers_cc26x2.a : SPICC26X2DMA.oem4f (.text:SPICC26X2DMA_swiFxn)
                  00016f64    00000042     util.obj (.text:Util_enqueueMsg)
                  00016fa6    00000002     --HOLE-- [fill = 0]
                  00016fa8    00000040     ti_drivers_config.obj (.text:Board_shutDownExtFlash)
                  00016fe8    00000040     dpl_cc26x2.a : ClockP_tirtos.oem4f (.text:ClockP_construct)
                  00017028    00000040     drivers_cc26x2.a : ECDHCC26X2.oem4f (.text:ECDHCC26X2_getPublicKeyResult)
                  00017068    00000040     icall_cc2650.obj (.text:ICallPlatform_pwrDispenseImpl)
                  000170a8    00000040     icall_cc2650.obj (.text:ICallPlatform_pwrRequireImpl)
                  000170e8    00000040     icall.obj (.text:ICall_heapGetStats)
                  00017128    00000040     driverlib.lib : osc.obj (.text:NOROM_OSC_HPOSCRelativeFrequencyOffsetGet)
                  00017168    00000040     OneLib.a : gap_configmgr.o (.text)
                  000171a8    00000040              : gattservapp.o (.text)
                  000171e8    00000040              : linkdb.o (.text)
                  00017228    00000040              : ll_scheduler.o (.text)
                  00017268    00000040     drivers_cc26x2.a : PowerCC26X2.oem4f (.text:PowerCC26XX_isStableXOSC_HF)
                  000172a8    00000040                      : Random.oem4f (.text:Random_getNumber)
                  000172e8    00000040                      : SPI.oem4f (.text:SPI_open)
                  00017328    00000040     StackWrapper.a : osal.o (.text)
                  00017368    00000040                    : osal_bufmgr.o (.text)
                  000173a8    00000040                    : osal_bufmgr.o (.text)
                  000173e8    00000040                    : osal_timers.o (.text)
                  00017428    00000040     drivers_cc26x2.a : TRNGCC26XX.oem4f (.text:TRNGCC26XX_copyToClient)
                  00017468    00000040     rtsv7M4_T_le_v4SPD16_eabi.lib : u_divt2.asm.obj (.text)
                  000174a8    00000040     rom_sysbios.aem4f : rom_sysbios.obj (.text:ti_sysbios_family_arm_cc26xx_Timer_setThreshold__I)
                  000174e8    00000040                       : rom_sysbios.obj (.text:ti_sysbios_heaps_HeapCallback_Module_startup__E)
                  00017528    0000003e     dpl_cc26x2.a : HwiP_tirtos.oem4f (.text:HwiP_construct)
                  00017566    0000003e     icall.obj (.text:ICall_msgDequeue)
                  000175a4    0000003e     icall.obj (.text:ICall_sendServiceMsg)
                  000175e2    00000002     --HOLE-- [fill = 0]
                  000175e4    0000003c     nvocmp.obj (.text:NVOCMP_disableCache)
                  00017620    0000003c     OneLib.a : gap_linkmgr.o (.text)
                  0001765c    0000003c              : gattservapp.o (.text)
                  00017698    0000003c              : gattservapp.o (.text)
                  000176d4    0000003c              : gattservapp.o (.text)
                  00017710    0000003c              : ll_ae.o (.text)
                  0001774c    0000003c     drivers_cc26x2.a : PINCC26XX.oem4f (.text:PIN_setInterrupt)
                  00017788    0000003c                      : PINCC26XX.oem4f (.text:PIN_setOutputValue)
                  000177c4    0000003c     rf_multiMode_cc26x2.aem4f : RFCC26X2_multiMode.c.cc26x2.ccs.o (.text:RF_cmdGet)
                  00017800    0000003c                               : RFCC26X2_multiMode.c.cc26x2.ccs.o (.text:RF_cmdStoreEvents)
                  0001783c    0000003c     StackWrapper.a : osal.o (.text)
                  00017878    0000003c                    : osal.o (.text)
                  000178b4    0000003c                    : osal.o (.text)
                  000178f0    0000003c                    : osal_timers.o (.text)
                  0001792c    0000003c                    : sm_ecc.o (.text)
                  00017968    0000003c     drivers_cc26x2.a : NVSCC26XX.oem4f (.text:checkEraseRange)
                  000179a4    0000003c     rom_sysbios.aem4f : rom_sysbios.obj (.text:ti_sysbios_family_arm_m3_Hwi_construct2__E)
                  000179e0    0000003a     sydantek.obj (.text:DelayuS)
                  00017a1a    0000003a     StackWrapper.a : osal.o (.text)
                  00017a54    0000003a     drivers_cc26x2.a : NVSSPI25X.oem4f (.text:checkEraseRange)
                  00017a8e    00000002     --HOLE-- [fill = 0]
                  00017a90    00000038     sydantek.obj (.text:HardwareResetAFE)
                  00017ac8    00000038     OneLib.a : hci.o (.text)
                  00017b00    00000038              : ll_enc.o (.text)
                  00017b38    00000038              : ll_scheduler.o (.text)
                  00017b70    00000038     drivers_cc26x2.a : PINCC26XX.oem4f (.text:PIN_setConfig)
                  00017ba8    00000038     rf_multiMode_cc26x2.aem4f : RFCC26X2_multiMode.c.cc26x2.ccs.o (.text:RF_checkCmdFsError)
                  00017be0    00000038                               : RFCC26X2_multiMode.c.cc26x2.ccs.o (.text:RF_powerConstraintRelease)
                  00017c18    00000038     StackWrapper.a : osal_timers.o (.text)
                  00017c50    00000038     haldi.obj (.text:haldi_advCallback)
                  00017c88    00000038     haldi.obj (.text:haldi_createTask)
                  00017cc0    00000038     drivers_cc26x2.a : PowerCC26X2.oem4f (.text:notify)
                  00017cf8    00000038     rom_sysbios.aem4f : rom_sysbios.obj (.text:ti_sysbios_family_arm_cc26xx_Timer_getCurrentTick__E)
                  00017d30    00000036     drivers_cc26x2.a : ECDHCC26X2.oem4f (.text:ECDHCC26X2_convertReturnValue)
                  00017d66    00000036     icall.obj (.text:ICall_setTimerMSecs)
                  00017d9c    00000036     StackWrapper.a : ble_dispatch_lite.o (.text)
                  00017dd2    00000036     drivers_cc26x2.a : UDMACC26XX.oem4f (.text:UDMACC26XX_close)
                  00017e08    00000036     rom_sysbios.aem4f : rom_sysbios.obj (.text:ti_sysbios_family_arm_cc26xx_Timer_setNextTick__E)
                  00017e3e    00000002     --HOLE-- [fill = 0]
                  00017e40    00000034     sydantek.obj (.text:AFEstart)
                  00017e74    00000034     icall.obj (.text:ICall_primRepostSync)
                  00017ea8    00000034     icall.obj (.text:ICall_searchService)
                  00017edc    00000034     driverlib.lib : aux_sysif.obj (.text:NOROM_AUXSYSIFOpModeChange)
                  00017f10    00000034     drivers_cc26x2.a : NVSSPI25X.oem4f (.text:NVSSPI25X_init)
                  00017f44    00000034     OneLib.a : ble.o (.text)
                  00017f78    00000034              : hci.o (.text)
                  00017fac    00000034              : hci_tl.o (.text)
                  00017fe0    00000034              : ll_scheduler.o (.text)
                  00018014    00000034              : ll_scheduler.o (.text)
                  00018048    00000034     rf_multiMode_cc26x2.aem4f : RFCC26X2_multiMode.c.cc26x2.ccs.o (.text:RF_runDirectImmediateCmd)
                  0001807c    00000034     StackWrapper.a : gapbondmgr.o (.text)
                  000180b0    00000034                    : icall_startup.o (.text)
                  000180e4    00000034     drivers_cc26x2.a : NVSSPI25X.oem4f (.text:extFlashPowerStandby)
                  00018118    00000034                      : NVSSPI25X.oem4f (.text:extFlashWriteEnable)
                  0001814c    00000034     rom_sysbios.aem4f : rom_sysbios.obj (.text:ti_sysbios_knl_Swi_setPri__E)
                  00018180    00000032                       : rom_sysbios.obj (.text:ti_sysbios_gates_GateMutexPri_insertPri__I)
                  000181b2    00000002     --HOLE-- [fill = 0]
                  000181b4    00000030     drivers_cc26x2.a : AESECBCC26XX.oem4f (.text:AESECB_cleanup)
                  000181e4    00000030     sydantek.obj (.text:DRDY_Callback)
                  00018214    00000030     drivers_cc26x2.a : GPIOCC26XX.oem4f (.text:GPIO_hwiIntFxn)
                  00018244    00000030                      : GPIOCC26XX.oem4f (.text:GPIO_setCallback)
                  00018274    00000030     nvocmp.obj (.text:NVOCMP_read)
                  000182a4    00000030     drivers_cc26x2.a : NVSCC26XX.oem4f (.text:NVSCC26XX_erase)
[...]
20000fdb  lastPrimPhy                                                        
20000fdc  lastScanRsp                                                        
20000fdd  smTaskID                                                           
20000fde  SM_appExpectingKey                                                 
20001b20  PowerCC26X2_module                                                 
20001b20  ramStartHere                                                       
20001dc0  ROM_stateStruct                                                    
20001dc0  ti_sysbios_knl_Clock_Module__state__V                              
20001dec  ti_sysbios_family_arm_cc26xx_TimestampProvider_Module__state__V    
20001df0  xdc_runtime_Startup_Module__state__V                               
20001df8  xdc_runtime_Registry_Module__state__V                              
20001e00  ti_sysbios_BIOS_Module__state__V                                   
20001e24  ti_sysbios_knl_Swi_Module__state__V                                
20001e40  ti_sysbios_knl_Task_Module__state__V                               
20001e84  xdc_runtime_Memory_Module__state__V                                
20001e88  xdc_runtime_System_Module__state__V                                
20001e90  ti_sysbios_family_arm_m3_Hwi_Module__state__V                      
20001ec4  ti_sysbios_family_arm_cc26xx_Timer_Module__state__V                
20001fc0  gapAttrTbl                                                         
20002070  llUserConfig                                                       
20002130  pOverrides_bleCommon                                               
20002184  txPowerTable_2400_pa5                                              
200021d4  ti_sysbios_knl_Task_Object__table__V                               
20002220  ti_sysbios_family_arm_cc26xx_Timer_Object__table__V                
2000226c  iflag                                                              
20002270  cPenidingEvtf                                                      
20002271  LED_State                                                          
20002272  Board_SPI                                                          
20002274  Sampleindex                                                        
20002276  index                                                              
20002278  Sim_Data                                                           
2000227a  command_recieved_flag                                              
2000227b  AFE_Toggle                                                         
2000227c  Buff_Change_Flag                                                   
2000227d  SPI0                                                               
2000227e  SPI1                                                               
20002280  iPacketNumber                                                      
20002284  cIDCountDisplay                                                    
20002285  cFailcount                                                         
20002286  cAFE_ID                                                            
20002288  iDrdyCnt                                                           
2000228c  iDrdyCntIntpeted                                                   
20002290  dispHandle                                                         
20002294  iPacketNumberCopy                                                  
20002298  cfailCount                                                         
20002299  cInterprocessSem                                                   
200022ac  gattAttrTbl                                                        
200022ec  eccParams_NISTP256                                                 
2000232c  nvintfFncStruct                                                    
20002368  ti_sysbios_gates_GateMutex_Object__table__V                        
200023ca  metaPage                                                           
200023d5  deviceNameCharProps                                                
200023d6  llUserConfig_maxPduSize                                            
200023d8  ti_sysbios_knl_Swi_Module_State_0_readyQ__A                        
20002408  ti_sysbios_knl_Swi_Object__table__V                                
20002438  ti_sysbios_knl_Task_Module_State_0_readyQ__A                       
20002468  _hposcCoeffs                                                       
200024d0  ti_sysbios_knl_Clock_Object__table__V                              
200024f0  xdc_runtime_Error_IgnoreBlock                                      
20002510  advParams1                                                         
2000252c  ICall_enterCriticalSection                                         
20002530  ICall_leaveCriticalSection                                         
20002534  heapmgrMemFreeTotal                                                
20002544  ICall_dispatcher                                                   
20002548  ti_sysbios_family_arm_m3_Hwi_Object__table__V                      
200025f3  appearanceCharProps                                                
200025f4  BoardGpioInitTable1                                                
20002608  gpioCallbackFunctions                                              
2000261c  gpioPinConfigs                                                     
20002642  baseTaskID                                                         
20002644  gattAttrTbl_gatt_no_service_changed                                
20002654  rfMode                                                             
20002664  sizeInfo                                                           
20002684  bleAppServiceInfoTable                                             
20002694  pfnBMAlloc                                                         
20002698  pfnBMFree                                                          
2000269c  pRfErrCb                                                           
200026a0  lastAppOpcodeIdxSent                                               
200026a4  pOverrides_ble2Mbps                                                
200026b4  pOverrides_bleCoded                                                
200026c4  user0Cfg                                                           
200026fe  CryptoResourceCC26XX_pollingFlag                                   
20002700  pOverrides_ble1Mbps                                                
2000270c  ti_sysbios_heaps_HeapCallback_Object__table__V                     
2000271c  uartLog_tail                                                       
2000271d  uartLog_head                                                       
2000271e  uartLog_evBufIsEmpty                                               
20002720  uartLog_evtNum                                                     
20002722  PKAResourceCC26XX_pollingFlag                                      
2000272f  periConnParamCharProps                                             
20002730  _lock                                                              
20002734  _unlock                                                            
20002740  periConnParameters                                                 
20002748  bleUserCfg_maxPduSize                                              
2000274c  appAssertCback                                                     
20002758  pinUpperBound                                                      
2000275c  pinLowerBound                                                      
20002780  ti_sysbios_family_arm_m3_Hwi_Module__root__V                       
20002788  ti_sysbios_gates_GateHwi_Module__root__V                           
20002790  ti_sysbios_gates_GateMutexPri_Module__root__V                      
20002798  ti_sysbios_gates_GateMutex_Module__root__V                         
200027a0  ti_sysbios_hal_Hwi_Module__root__V                                 
200027a8  ti_sysbios_heaps_HeapCallback_Module__root__V                      
200027b0  ti_sysbios_heaps_HeapMem_Module__root__V                           
200027b8  ti_sysbios_knl_Clock_Module__root__V                               
200027c0  ti_sysbios_knl_Event_Module__root__V                               
200027c8  ti_sysbios_knl_Mailbox_Module__root__V                             
200027d0  ti_sysbios_knl_Queue_Module__root__V                               
200027d8  ti_sysbios_knl_Semaphore_Module__root__V                           
200027e0  ti_sysbios_knl_Swi_Module__root__V                                 
200027e8  ti_sysbios_knl_Task_Module__root__V                                
200027f7  centAddrResCharProps                                               
200027fe  ti_sysbios_family_arm_m3_Hwi_Module_State_0_excActive__A           
20002805  centAddrRes                                                        
20002806  resolvablePrivateAddressOnlyCharProps                              
20002807  GATTServApp_gatt_no_service_changed                                
20002808  patchedSlaveCtrlPktList                                            
2000280c  halAssertCback                                                     
20002810  icallServiceTblPtr                                                 
20002818  main_func_sp                                                       
2000281c  ti_sysbios_family_arm_m3_Hwi_Module_State_0_excContext__A          
20002820  ti_sysbios_family_arm_m3_Hwi_Module_State_0_excStack__A            
20002824  ti_sysbios_knl_Task_Module_State_0_idleTask__A                     
20002829  extScanChanMap                                                     
2000282a  sizeOfAllExtConnParam                                              
2000282b  rfRatHandle                                                        
2000282c  gapEndAppTaskID                                                    
2000282d  gapAppTaskID                                                       
2000282e  legacyMode                                                         
20002838  ScanBuffer                                                         
200034c8  appTaskStack                                                       
20003cc8  uartLog_evBuf                                                      
200046b8  ti_sysbios_knl_Task_Instance_State_0_stack__A                      
200049b8  spiCC26X2DMAObjects                                                
20004ac0  cTempBfr                                                           
20004bb0  ti_sysbios_family_arm_m3_Hwi_dispatchTable                         
20004c88  uartLog_outBuf                                                     
20004d34  trngCC26XXObjects                                                  
20004db4  pinHandleTable                                                     
20004e30  cbTimers                                                           
20004ea8  aesctrdrbgXXObjects                                                
20004f50  CryptoResourceCC26XX_accessSemaphore                               
20004fa0  CryptoResourceCC26XX_operationSemaphore                            
20004ff0  PKAResourceCC26XX_accessSemaphore                                  
20005040  PKAResourceCC26XX_operationSemaphore                               
20005090  pzTask                                                             
20005168  nvFptrs                                                            
200051d8  NVOCMP_nvHandle                                                    
20005206  appearance                                                         
20005208  swiParams                                                          
20005278  clk0Struct                                                         
2000529c  clk1Struct                                                         
200052c0  req                                                                
200052e0  llCteSamples                                                       
20005300  gapBond_remoteOobData                                              
20005320  gapBond_localOobData                                               
20005380  cSpiRxBuffer1                                                      
200053a0  cSpiRxBuffer2                                                      
200053c0  cSpiTxBuffer                                                       
200053e0  eb                                                                 
20005400  ecdhCC26X2Objects                                                  
20005420  params_spi                                                         
20005440  udmaCC26XXObject                                                   
200054d0  CryptoResourceCC26XX_hwi                                           
200054ec  PKAResourceCC26XX_hwi                                              
20005508  cExternalbuffer                                                    
20005524  deviceName                                                         
2000553c  llCoex                                                             
2000556c  aesccmCC26XXObjects                                                
20005584  aesctrCC26XXObjects                                                
2000559c  aesecbCC26XXObjects                                                
200055b4  transaction                                                        
20005642  maximumPduSize                                                     
2000566c  llCteTest                                                          
20005678  cteAntennaProp                                                     
20005684  llTaskList                                                         
200056cc  nvsSPI25XObjects                                                   
200056d8  pinState                                                           
200056e4  secondaryAdvChannelMap                                             
2000570c  ggs_AppCBs                                                         
20005714  LSTORecoveryArr                                                    
20005718  llCte                                                              
2000571c  llConnExtParam                                                     
20005720  extStackSettings                                                   
20005724  trngHandle                                                         
20005728  pNextAdvSet                                                        
2000572c  llCurrentMappedChan                                                
20005730  drbgHandle                                                         
20005734  pRpaCfg                                                            
20005738  gapBond_lruBondList                                                
2000573c  gapBondStateNodeHead                                               
20005740  osal_syncHandle                                                    
20005744  osal_icallMsg_hook                                                 
20005748  osal_qHead                                                         
2000574c  osal_max_msecs                                                     
20005750  osal_tickperiod                                                    
20005754  osal_eventloop_hook                                                
20005760  OSAL_timeSeconds                                                   
20005764  timerHead                                                          
2000576c  osal_last_timestamp                                                
20005780  HEAPMGR_SIZE                                                       
20005784  clk2Handle                                                         
20005788  hCpuPins                                                           
2000578c  handle_spi                                                         
20005790  hswiDRDY                                                           
20005794  iInNextScanBuffer                                                  
20005798  iIntCount                                                          
2000579c  iSpiCount                                                          
200057a0  nvsCC26XXObjects                                                   
200057a4  ptrbuf                                                             
200057a8  spiHandle                                                          
200057ac  tasksEvents                                                        
200057b0  pwrmgr_attribute                                                   
200057b2  resolvablePrivateAddressOnly                                       
200057b3  GATTServApp_att_delayed_req                                        
200057b4  hciTaskID                                                          
200057b5  hciL2capTaskID                                                     
200057b6  hciGapTaskID                                                       
200057b7  hciSmpTaskID                                                       
200057b8  hciTestTaskID                                                      
200057b9  hciVsEvtMask                                                       
200057ba  scanReqRpt                                                         
200057bb  secondaryAdvChannelMapPopCount                                     
200057bc  numActiveAdvSets                                                   
200057bd  wlSize                                                             
200057be  rlSize                                                             
200057bf  decryptResult                                                      
200057c0  icall_liteTaskId                                                   
200057c1  gapBond_removeLRUBond                                              
200057c2  gapBond_syncRL                                                     
200057c3  assertSubcause                                                     
200057c4  osal_entity                                                        
200057c5  pwrmgr_initialized                                                 
200057c7  NVOCMP_size                                                        
200057c8  bDataReadinProgress                                                
200057c9  cBleTxferCmplete                                                   
200057ca  cSpiTxferCmplete                                                   
200057cb  chr0x33                                                            
200057cc  driverlib_release_0_58048                                          
200057cd  gAction                                                            
200057ce  iSPIStatus                                                         
200057cf  heapStart                                                          
20013c00  __stack                                                            
20013c00  heapEnd                                                            
20014000  __STACK_END                                                        
20014000  __STACK_TOP                                                        
20014000  __UNUSED_SRAM_end__                                                
e000e000  ti_sysbios_family_arm_m3_Hwi_nvic                                  
ffffffff  __TI_pprof_out_hndl                                                
ffffffff  __TI_prof_data_size                                                
ffffffff  __TI_prof_data_start                                               
ffffffff  __binit__                                                          
ffffffff  __c_args__                                                         
ffffffff  binit                                                              
UNDEFED   SHT$$INIT_ARRAY$$Base                                              
UNDEFED   SHT$$INIT_ARRAY$$Limit                                             

[2995 symbols]
