******************************************************************************
                  TI ARM Linker PC v20.2.1                     
******************************************************************************
>> Linked Thu Feb  3 14:34:09 2022

OUTPUT FILE NAME:   <adcsinglechannel_CC26X2R1_LAUNCHXL_tirtos_ccs.out>
ENTRY POINT SYMBOL: "ResetISR"  address: 00002ff9


MEMORY CONFIGURATION

         name            origin    length      used     unused   attr    fill
----------------------  --------  ---------  --------  --------  ----  --------
  FLASH                 00000000   00058000  00004ff0  00053010  R  X
  GPRAM                 11000000   00002000  00000000  00002000  RW X
  SRAM                  20000000   00014000  00005541  0000eabf  RW X
  LOG_DATA              90000000   00040000  00000000  00040000  R   


SEGMENT ALLOCATION MAP

run origin  load origin   length   init length attrs members
----------  ----------- ---------- ----------- ----- -------
00000000    00000000    00004f98   00004f98    r-x
  00000000    00000000    0000003c   0000003c    r-- .resetVecs
  0000003c    0000003c    000046d0   000046d0    r-x .text
  0000470c    0000470c    000006b4   000006b4    r-- .const
  00004dc0    00004dc0    000001d8   000001d8    r-- .cinit
00057fa8    00057fa8    00000058   00000058    r--
  00057fa8    00057fa8    00000058   00000058    r-- .ccfg
20000100    20000100    0000000c   00000000    rw-
  20000100    20000100    00000004   00000000    rw- .data:xdcRomConstPtr
  20000104    20000104    00000004   00000000    rw- .data:xdcRomExternFuncPtr
  20000108    20000108    00000004   00000000    rw- .data:xdcRomStatePtr
20000110    20000110    00004000   00000000    r--
  20000110    20000110    00004000   00000000    r-- .priheap
20004110    20004110    0000105e   00000000    rw-
  20004110    20004110    00000abf   00000000    rw- .bss
  20004bd0    20004bd0    0000059e   00000000    rw- .data
20013c00    20013c00    00000400   00000000    rw-
  20013c00    20013c00    00000400   00000000    rw- .stack


SECTION ALLOCATION MAP

 output                                  attributes/
section   page    origin      length       input sections
--------  ----  ----------  ----------   ----------------
.binit     0    00000000    00000000     

.cinit     0    00004dc0    000001d8     
                  00004dc0    00000180     (.cinit..data.load) [load image, compression = lzss]
                  00004f40    0000000c     (__TI_handler_table)
                  00004f4c    00000004     --HOLE-- [fill = 0]
                  00004f50    00000008     (.cinit..bss.load) [load image, compression = zero_init]
                  00004f58    00000008     (.cinit..data:xdcRomConstPtr.load) [load image, compression = lzss]
                  00004f60    00000008     (.cinit..data:xdcRomExternFuncPtr.load) [load image, compression = lzss]
                  00004f68    00000008     (.cinit..data:xdcRomStatePtr.load) [load image, compression = lzss]
                  00004f70    00000028     (__TI_cinit_table)

.init_array 
*          0    00000000    00000000     UNINITIALIZED

.ccfg      0    00057fa8    00000058     
                  00057fa8    00000058     ti_devices_config.obj (.ccfg:retain)

.bss       0    20004110    00000abf     UNINITIALIZED
                  20004110    00000400     ti_drivers_config.obj (.bss:displayUARTBuffer)
                  20004510    00000200     release_pem4f.oem4f (.bss:taskStackSection)
                  20004710    000001b4     (.common:uartCC26XXObjects)
                  200048c4    000000d8     (.common:ti_sysbios_family_arm_m3_Hwi_dispatchTable)
                  2000499c    0000007c     (.common:pinHandleTable)
                  20004a18    00000050     drivers_cc26x2.a : ADCCC26XX.oem4f (.bss:adcSemaphore)
                  20004a68    00000050                      : PINCC26XX.oem4f (.bss:pinSemaphore)
                  20004ab8    00000034                      : PINCC26XX.oem4f (.bss:pinSwi)
                  20004aec    00000028     (.common:adcCC26xxObjects)
                  20004b14    00000028     (.common:adcValue1MicroVolt)
                  20004b3c    00000020                      : PINCC26XX.oem4f (.bss:pinGpioConfigTable)
                  20004b5c    00000020     ti_drivers_config.obj (.bss:uartCC26XXRingBuffer0)
                  20004b7c    0000001c     drivers_cc26x2.a : PINCC26XX.oem4f (.bss:pinHwi)
                  20004b98    00000014     (.common:adcValue1)
                  20004bac    0000000c     (.common:displayUartObject)
                  20004bb8    00000004     adcsinglechannel.obj (.bss)
                  20004bbc    00000004     drivers_cc26x2.a : PINCC26XX.oem4f (.bss)
                  20004bc0    00000004     (.common:PowerCC26XX_swiKey)
                  20004bc4    00000004     (.common:PowerCC26XX_taskKey)
                  20004bc8    00000004     (.common:adcValue0MicroVolt)
                  20004bcc    00000002     (.common:adcValue0)
                  20004bce    00000001     (.common:driverlib_release_0_58048)

.data      0    20004bd0    0000059e     UNINITIALIZED
                  20004bd0    00000170     drivers_cc26x2.a : PowerCC26X2.oem4f (.data:PowerCC26X2_module)
                  20004d40    0000010c     release_pem4f.oem4f (.data:ROM_stateStruct)
                  20004e4c    00000088     rom_sysbios.aem4f : rom_sysbios.obj (.data:$O1$$)
                  20004ed4    00000054     release_pem4f.oem4f (.data:ti_sysbios_gates_GateMutex_Object__table__V)
                  20004f28    0000004c     release_pem4f.oem4f (.data:ti_sysbios_knl_Task_Object__table__V)
                  20004f74    00000004     rtsv7M4_T_le_v4SPD16_eabi.lib : stkdepth_vars.c.obj (.data)
                  20004f78    00000048     release_pem4f.oem4f (.data:ti_sysbios_family_arm_cc26xx_Timer_Object__table__V)
                  20004fc0    00000030     release_pem4f.oem4f (.data:ti_sysbios_knl_Swi_Module_State_0_readyQ__A)
                  20004ff0    00000030     release_pem4f.oem4f (.data:ti_sysbios_knl_Swi_Object__table__V)
                  20005020    00000030     release_pem4f.oem4f (.data:ti_sysbios_knl_Task_Module_State_0_readyQ__A)
                  20005050    00000024     driverlib.lib : osc.obj (.data:$O1$$)
                  20005074    00000020     release_pem4f.oem4f (.data:ti_sysbios_knl_Clock_Object__table__V)
                  20005094    00000020     release_pem4f.oem4f (.data:xdc_runtime_Error_IgnoreBlock)
                  200050b4    00000018     release_pem4f.oem4f (.data:ti_sysbios_family_arm_m3_Hwi_Object__table__V)
                  200050cc    00000018     release_pem4f.oem4f (.data:ti_sysbios_heaps_HeapMem_Object__table__V)
                  200050e4    00000008     rtsv7M4_T_le_v4SPD16_eabi.lib : _lock.c.obj (.data:$O1$$)
                  200050ec    00000008     drivers_cc26x2.a : PINCC26XX.oem4f (.data)
                  200050f4    00000008     release_pem4f.oem4f (.data:ti_sysbios_family_arm_m3_Hwi_Module__root__V)
                  200050fc    00000008     release_pem4f.oem4f (.data:ti_sysbios_gates_GateHwi_Module__root__V)
                  20005104    00000008     release_pem4f.oem4f (.data:ti_sysbios_gates_GateMutex_Module__root__V)
                  2000510c    00000008     release_pem4f.oem4f (.data:ti_sysbios_hal_Hwi_Module__root__V)
                  20005114    00000008     release_pem4f.oem4f (.data:ti_sysbios_heaps_HeapMem_Module__root__V)
                  2000511c    00000008     release_pem4f.oem4f (.data:ti_sysbios_knl_Clock_Module__root__V)
                  20005124    00000008     release_pem4f.oem4f (.data:ti_sysbios_knl_Event_Module__root__V)
                  2000512c    00000008     release_pem4f.oem4f (.data:ti_sysbios_knl_Mailbox_Module__root__V)
                  20005134    00000008     release_pem4f.oem4f (.data:ti_sysbios_knl_Queue_Module__root__V)
                  2000513c    00000008     release_pem4f.oem4f (.data:ti_sysbios_knl_Semaphore_Module__root__V)
                  20005144    00000008     release_pem4f.oem4f (.data:ti_sysbios_knl_Swi_Module__root__V)
                  2000514c    00000008     release_pem4f.oem4f (.data:ti_sysbios_knl_Task_Module__root__V)
                  20005154    00000008     release_pem4f.oem4f (.data:xdc_runtime_System_Module_State_0_atexitHandlers__A)
                  2000515c    00000004     release_pem4f.oem4f (.data:ti_sysbios_family_arm_m3_Hwi_Module_State_0_excContext__A)
                  20005160    00000004     release_pem4f.oem4f (.data:ti_sysbios_family_arm_m3_Hwi_Module_State_0_excStack__A)
                  20005164    00000004     release_pem4f.oem4f (.data:ti_sysbios_knl_Task_Module_State_0_idleTask__A)
                  20005168    00000002     drivers_cc26x2.a : ADCCC26XX.oem4f (.data)
                  2000516a    00000002     release_pem4f.oem4f (.data:ti_sysbios_family_arm_m3_Hwi_Module_State_0_excActive__A)
                  2000516c    00000001     drivers_cc26x2.a : ADC.oem4f (.data)
                  2000516d    00000001                      : UART.oem4f (.data)

.stack     0    20013c00    00000400     UNINITIALIZED
                  20013c00    00000400     --HOLE--

.priheap   0    20000110    00004000     UNINITIALIZED
                  20000110    00004000     --HOLE--

.log_data 
*          0    90000000    00000000     COPY SECTION

.data:xdcRomConstPtr 
*          0    20000100    00000004     UNINITIALIZED
                  20000100    00000004     release_pem4f.oem4f (.data:xdcRomConstPtr)

.data:xdcRomExternFuncPtr 
*          0    20000104    00000004     UNINITIALIZED
                  20000104    00000004     release_pem4f.oem4f (.data:xdcRomExternFuncPtr)

.data:xdcRomStatePtr 
*          0    20000108    00000004     UNINITIALIZED
                  20000108    00000004     release_pem4f.oem4f (.data:xdcRomStatePtr)

.bootVecs 
*          0    00000000    00000008     DSECT
                  00000000    00000008     boot.aem4f : boot.oem4f (.bootVecs)

.resetVecs 
*          0    00000000    0000003c     
                  00000000    0000003c     release_pem4f.oem4f (.resetVecs)

.vecs      0    20000000    000000d8     NOLOAD SECTION
                  20000000    000000d8     release_pem4f.oem4f (.vecs)

xdc.meta   0    00000000    00000127     COPY SECTION
                  00000000    00000127     release_pem4f.oem4f (xdc.meta)

xdc.noload 
*          0    00000000    00000000     COPY SECTION

__llvm_prf_cnts 
*          0    20000000    00000000     UNINITIALIZED

.text      0    0000003c    000046d0     
                  0000003c    000001cc     drivers_cc26x2.a : PINCC26XX.oem4f (.text:PIN_init)
                  00000208    000001b6     rtsv7M4_T_le_v4SPD16_eabi.lib : fd_add_t2.asm.obj (.text)
                  000003be    00000002     ti_drivers_config.obj (.text:Board_initHook)
                  000003c0    00000198     drivers_cc26x2.a : PowerCC26X2.oem4f (.text:Power_sleep)
                  00000558    00000190                      : PowerCC26X2_calibrateRCOSC.oem4f (.text:calibrateRcoscHf1)
                  000006e8    0000018c                      : PowerCC26X2_calibrateRCOSC.oem4f (.text:runCalibrateFsm)
                  00000874    00000188     release_pem4f.oem4f (.text:xdc_runtime_System_printfExtend__I)
                  000009fc    00000184     adcsinglechannel.obj (.text:threadFxn1)
                  00000b80    00000174     drivers_cc26x2.a : PowerCC26X2.oem4f (.text:Power_init)
                  00000cf4    00000164                      : UARTCC26XX.oem4f (.text:UARTCC26XX_open)
                  00000e58    00000154                      : UARTCC26XX.oem4f (.text:UARTCC26XX_hwiIntFxn)
                  00000fac    0000013a                      : UARTCC26XX.oem4f (.text:UARTCC26XX_read)
                  000010e6    00000002     display.a : DisplayUart.oem4f (.text:DisplayUartMin_clear)
                  000010e8    00000120     drivers_cc26x2.a : PowerCC26X2.oem4f (.text:configureXOSCHF)
                  00001208    00000120     adcsinglechannel.obj (.text:threadFxn0)
                  00001328    000000fc     rtsv7M4_T_le_v4SPD16_eabi.lib : fd_mul_t2.asm.obj (.text)
                  00001424    000000f8     driverlib.lib : sys_ctrl.obj (.text:NOROM_SysCtrlStandby)
                  0000151c    000000f8     drivers_cc26x2.a : PINCC26XX.oem4f (.text:PINCC26XX_setIoCfg)
                  00001614    000000f0                      : ADCCC26XX.oem4f (.text:ADCCC26XX_convert)
                  00001704    000000ec     rom_sysbios.aem4f : rom_sysbios.obj (.text:pthread_create)
                  000017f0    000000e0     drivers_cc26x2.a : UARTCC26XX.oem4f (.text:UARTCC26XX_write)
                  000018d0    000000d4     adcsinglechannel.obj (.text:mainThread)
                  000019a4    000000c8     dpl_cc26x2.a : PowerCC26X2_tirtos.oem4f (.text:PowerCC26XX_standbyPolicy)
                  00001a6c    000000c0     drivers_cc26x2.a : PowerCC26X2.oem4f (.text:Power_releaseDependency)
                  00001b2c    000000c0                      : UARTCC26XX.oem4f (.text:UARTCC26XX_initIO)
                  00001bec    000000b8                      : PowerCC26X2.oem4f (.text:Power_setDependency)
                  00001ca4    000000b8                      : UARTCC26XX.oem4f (.text:UARTCC26XX_initHw)
                  00001d5c    000000ac                      : PINCC26XX.oem4f (.text:PIN_open)
                  00001e08    000000ac     driverlib.lib : setup.obj (.text:TrimAfterColdResetWakeupFromShutDown)
                  00001eb4    000000a0     auto_init.aem4f : auto_init.oem4f (.text)
                  00001f54    000000a0     rom_sysbios.aem4f : rom_sysbios.obj (.text:ti_sysbios_knl_Task_setPri__E)
                  00001ff4    0000009c     rtsv7M4_T_le_v4SPD16_eabi.lib : memcpy_t2.asm.obj (.text)
                  00002090    00000098     driverlib.lib : setup.obj (.text:NOROM_SetupTrimDevice)
                  00002128    00000098     drivers_cc26x2.a : UARTCC26XX.oem4f (.text:writeTxFifoFlush)
                  000021c0    00000096     rtsv7M4_T_le_v4SPD16_eabi.lib : ull_div_t2.asm.obj (.text)
                  00002256    00000092     drivers_cc26x2.a : UARTCC26XX.oem4f (.text:UARTCC26XX_writeCancel)
                  000022e8    00000088     driverlib.lib : osc.obj (.text:NOROM_OSCHF_AttemptToSwitchToXosc)
                  00002370    00000088     rom_sysbios.aem4f : rom_sysbios.obj (.text:_pthread_removeThreadKeys)
                  000023f8    00000088     drivers_cc26x2.a : PowerCC26X2_calibrateRCOSC.oem4f (.text:calibrateRcoscHf2)
                  00002480    00000088                      : PowerCC26X2.oem4f (.text:disableLFClockQualifiers)
                  00002508    00000088                      : PowerCC26X2_calibrateRCOSC.oem4f (.text:updateSubSecInc)
                  00002590    00000086     rtsv7M4_T_le_v4SPD16_eabi.lib : fd_cmp_t2.asm.obj (.text:__aeabi_cdcmple)
                  00002616    00000086                                   : fd_cmp_t2.asm.obj (.text:__aeabi_cdrcmple)
                  0000269c    00000084     ti_drivers_config.obj (.text:Board_sendExtFlashByte)
                  00002720    00000084     drivers_cc26x2.a : UARTCC26XX.oem4f (.text:UARTCC26XX_close)
                  000027a4    00000084     rom_sysbios.aem4f : rom_sysbios.obj (.text:ti_sysbios_family_arm_m3_Hwi_excHandlerMin__I)
                  00002828    00000080     driverlib.lib : sys_ctrl.obj (.text:NOROM_SysCtrlSetRechargeBeforePowerDown)
                  000028a8    00000080     rom_sysbios.aem4f : rom_sysbios.obj (.text:ti_sysbios_family_arm_cc26xx_Timer_start__E)
                  00002928    0000007a     rtsv7M4_T_le_v4SPD16_eabi.lib : memset_t2.asm.obj (.text)
                  000029a2    00000002     display.a : DisplayUart.oem4f (.text:DisplayUartMin_clearLines)
                  000029a4    00000074     drivers_cc26x2.a : ADCCC26XX.oem4f (.text:ADCCC26XX_open)
                  00002a18    00000074                      : PowerCC26X2_calibrateRCOSC.oem4f (.text:PowerCC26X2_auxISR)
                  00002a8c    00000070                      : ADCCC26XX.oem4f (.text:ADCCC26XX_convertToMicroVolts)
                  00002afc    0000006d     rom_sysbios.aem4f : rom_sysbios.obj (.text:xdc_runtime_System_formatNum__I)
                  00002b69    00000001     --HOLE-- [fill = 0]
                  00002b6a    00000002     display.a : DisplayUart.oem4f (.text:DisplayUartMin_init)
                  00002b6c    0000006c     driverlib.lib : chipinfo.obj (.text:NOROM_ChipInfo_GetChipType)
                  00002bd8    00000068                   : osc.obj (.text:NOROM_OSCHF_SwitchToRcOscTurnOffXosc)
                  00002c40    00000068     rtsv7M4_T_le_v4SPD16_eabi.lib : copy_decompress_lzss.c.obj (.text:decompress:lzss:__TI_decompress_lzss)
                  00002ca8    00000064     drivers_cc26x2.a : UARTCC26XX.oem4f (.text:UARTCC26XX_control)
                  00002d0c    00000064     main_tirtos.obj (.text:main)
                  00002d70    00000062     drivers_cc26x2.a : UARTCC26XX.oem4f (.text:UARTCC26XX_swiIntFxn)
                  00002dd2    00000002     rtsv7M4_T_le_v4SPD16_eabi.lib : _lock.c.obj (.text:_nop)
                  00002dd4    0000005c     display.a : Display.oem4f (.text:Display_doOpen)
                  00002e30    0000005c     drivers_cc26x2.a : PINCC26XX.oem4f (.text:PIN_remove)
                  00002e8c    0000005c                      : UARTCC26XX.oem4f (.text:startTxFifoEmptyClk)
                  00002ee8    0000005c     rom_sysbios.aem4f : rom_sysbios.obj (.text:ti_sysbios_heaps_HeapMem_initPrimary__I)
                  00002f44    0000005c     release_pem4f.oem4f (.text:xdc_runtime_Startup_getState__I)
                  00002fa0    00000058     drivers_cc26x2.a : PowerCC26X2_calibrateRCOSC.oem4f (.text:PowerCC26X2_initiateCalibration)
                  00002ff8    00000058     boot.aem4f : boot.oem4f (.text)
                  00003050    00000058     rom_sysbios.aem4f : rom_sysbios.obj (.text:pthread_exit)
                  000030a8    00000054     driverlib.lib : prcm.obj (.text:NOROM_PRCMPowerDomainsAllOff)
                  000030fc    00000054     dpl_cc26x2.a : SwiP_tirtos.oem4f (.text:SwiP_construct)
                  00003150    0000004c     ti_drivers_config.obj (.text:Board_wakeUpExtFlash)
                  0000319c    0000004c     driverlib.lib : prcm.obj (.text:NOROM_PRCMPowerDomainsAllOn)
                  000031e8    0000004c     drivers_cc26x2.a : UARTCC26XX.oem4f (.text:UARTCC26XX_readCancel)
                  00003234    0000004c     rtsv7M4_T_le_v4SPD16_eabi.lib : cpy_tbl.c.obj (.text:copy_in)
                  00003280    0000004a     display.a : DisplayUart.oem4f (.text:DisplayUartMin_open)
                  000032ca    00000002     drivers_cc26x2.a : PowerCC26X2.oem4f (.text:emptyClockFunc)
                  000032cc    00000048                      : PINCC26XX.oem4f (.text:PIN_setOutputEnable)
                  00003314    00000048                      : PowerCC26X2_calibrateRCOSC.oem4f (.text:PowerCC26X2_RCOSC_clockFunc)
                  0000335c    00000048     rtsv7M4_T_le_v4SPD16_eabi.lib : fd_toi_t2.asm.obj (.text)
                  000033a4    00000048     drivers_cc26x2.a : PowerCC26X2.oem4f (.text:switchXOSCHF)
                  000033ec    00000048                      : UARTCC26XX.oem4f (.text:writeFinishedDoCallback)
                  00003434    00000046     display.a : DisplayUart.oem4f (.text:DisplayUartMin_vprintf)
                  0000347a    00000046     drivers_cc26x2.a : RingBuf.oem4f (.text:RingBuf_put)
                  000034c0    00000044                      : ADC.oem4f (.text:ADC_init)
                  00003504    00000044     driverlib.lib : chipinfo.obj (.text:NOROM_ChipInfo_GetHwRevision)
                  00003548    00000044     drivers_cc26x2.a : PINCC26XX.oem4f (.text:PIN_swi)
                  0000358c    00000044                      : UART.oem4f (.text:UART_init)
                  000035d0    00000044     rtsv7M4_T_le_v4SPD16_eabi.lib : fd_tou_t2.asm.obj (.text)
                  00003614    00000040     drivers_cc26x2.a : ADC.oem4f (.text:ADC_open)
                  00003654    00000040     ti_drivers_config.obj (.text:Board_shutDownExtFlash)
                  00003694    00000040     dpl_cc26x2.a : ClockP_tirtos.oem4f (.text:ClockP_construct)
                  000036d4    00000040     driverlib.lib : osc.obj (.text:NOROM_OSC_HPOSCRelativeFrequencyOffsetGet)
                  00003714    00000040     drivers_cc26x2.a : RingBuf.oem4f (.text:RingBuf_get)
                  00003754    00000040                      : UART.oem4f (.text:UART_open)
                  00003794    00000040     rtsv7M4_T_le_v4SPD16_eabi.lib : u_divt2.asm.obj (.text)
                  000037d4    00000040     rom_sysbios.aem4f : rom_sysbios.obj (.text:ti_sysbios_family_arm_cc26xx_Timer_setThreshold__I)
                  00003814    0000003e     dpl_cc26x2.a : HwiP_tirtos.oem4f (.text:HwiP_construct)
                  00003852    00000002     rtsv7M4_T_le_v4SPD16_eabi.lib : div0.asm.obj (.text)
                  00003854    0000003c     drivers_cc26x2.a : ADCCC26XX.oem4f (.text:ADCCC26XX_close)
                  00003890    0000003c                      : PINCC26XX.oem4f (.text:PIN_setOutputValue)
                  000038cc    0000003c     rom_sysbios.aem4f : rom_sysbios.obj (.text:ti_sysbios_family_arm_m3_Hwi_construct2__E)
                  00003908    00000038     drivers_cc26x2.a : PINCC26XX.oem4f (.text:PIN_setConfig)
                  00003940    00000038                      : PowerCC26X2.oem4f (.text:notify)
                  00003978    00000038                      : UARTCC26XX.oem4f (.text:readData)
                  000039b0    00000038     rtsv7M4_T_le_v4SPD16_eabi.lib : fs_tod_t2.asm.obj (.text)
                  000039e8    00000038     drivers_cc26x2.a : UARTCC26XX.oem4f (.text:writeData)
                  00003a20    00000036     rom_sysbios.aem4f : rom_sysbios.obj (.text:ti_sysbios_family_arm_cc26xx_Timer_setNextTick__E)
                  00003a56    00000002     release_pem4f.oem4f (.text:ti_sysbios_BIOS_nullFunc__I)
                  00003a58    00000034     driverlib.lib : aux_sysif.obj (.text:NOROM_AUXSYSIFOpModeChange)
                  00003a8c    00000034                   : sys_ctrl.obj (.text:NOROM_SysCtrlIdle)
                  00003ac0    00000034     drivers_cc26x2.a : UARTCC26XX.oem4f (.text:readData2RingBuf)
                  00003af4    00000030                      : PINCC26XX.oem4f (.text:PINCC26XX_setMux)
                  00003b24    00000030                      : PowerCC26X2.oem4f (.text:Power_releaseConstraint)
                  00003b54    00000030                      : PowerCC26X2.oem4f (.text:Power_setConstraint)
                  00003b84    00000030     release_pem4f.oem4f (.text:ti_sysbios_BIOS_atExitFunc__I)
                  00003bb4    00000030     release_pem4f.oem4f (.text:ti_sysbios_BIOS_startFunc__I)
                  00003be4    00000030     rom_sysbios.aem4f : rom_sysbios.obj (.text:ti_sysbios_family_arm_cc26xx_Timer_getCurrentTick__E)
                  00003c14    00000030                       : rom_sysbios.obj (.text:ti_sysbios_family_arm_cc26xx_Timer_initDevice__I)
                  00003c44    0000002e     rtsv7M4_T_le_v4SPD16_eabi.lib : i_tofd_t2.asm.obj (.text)
                  00003c72    0000002c     dpl_cc26x2.a : SemaphoreP_tirtos.oem4f (.text:SemaphoreP_constructBinary)
                  00003c9e    00000002     rom_sysbios.aem4f : rom_sysbios.obj (.text:xdc_runtime_SysCallback_defaultAbort)
                  00003ca0    0000002c     dpl_cc26x2.a : SemaphoreP_tirtos.oem4f (.text:SemaphoreP_createBinary)
                  00003ccc    0000002c     rom_sysbios.aem4f : rom_sysbios.obj (.text:_pthread_delete$45)
                  00003cf8    0000002c                       : rom_sysbios.obj (.text:pthread_setcancelstate)
                  00003d24    0000002c                       : rom_sysbios.obj (.text:ti_sysbios_knl_Clock_getTicksUntilInterrupt__E)
                  00003d50    0000002a     display.a : Display.oem4f (.text:Display_doPrintf)
                  00003d7a    00000002     rom_sysbios.aem4f : rom_sysbios.obj (.text:xdc_runtime_SysCallback_defaultExit)
                  00003d7c    00000028     display.a : Display.oem4f (.text:Display_doInit)
                  00003da4    00000028     drivers_cc26x2.a : PowerCC26X2.oem4f (.text:Power_registerNotify)
                  00003dcc    00000028                      : PowerCC26X2.oem4f (.text:oscillatorISR)
                  00003df4    00000026                      : List.oem4f (.text:List_put)
                  00003e1a    00000026                      : List.oem4f (.text:List_remove)
                  00003e40    00000024     driverlib.lib : osc.obj (.text:NOROM_OSCHF_TurnOnXosc)
                  00003e64    00000024     rom_sysbios.aem4f : rom_sysbios.obj (.text:_pthread_cleanupFxn)
                  00003e88    00000024     drivers_cc26x2.a : PowerCC26X2_calibrateRCOSC.oem4f (.text:getTdcSemaphore)
                  00003eac    00000024     rom_sysbios.aem4f : rom_sysbios.obj (.text:pthread_attr_init)
                  00003ed0    00000024     release_pem4f.oem4f (.text:ti_sysbios_BIOS_registerRTSLock__I)
                  00003ef4    00000024     release_pem4f.oem4f (.text:ti_sysbios_BIOS_removeRTSLock__I)
                  00003f18    00000024     rom_sysbios.aem4f : rom_sysbios.obj (.text:ti_sysbios_family_arm_cc26xx_Timer_getMaxTicks__E)
                  00003f3c    00000020     ti_drivers_config.obj (.text:Board_init)
                  00003f5c    00000020     driverlib.lib : aux_adc.obj (.text:NOROM_AUXADCEnableSync)
                  00003f7c    00000020     drivers_cc26x2.a : PINCC26XX.oem4f (.text:PINCC26XX_setIoCfgMux)
                  00003f9c    00000020                      : PowerCC26X2.oem4f (.text:Power_unregisterNotify)
                  00003fbc    00000020                      : UARTCC26XX.oem4f (.text:threadSafeStdbyDisRelease)
                  00003fdc    00000020                      : UARTCC26XX.oem4f (.text:threadSafeStdbyDisSet)
                  00003ffc    00000020     release_pem4f.oem4f (.text:ti_sysbios_BIOS_rtsLock__I)
                  0000401c    00000020     rom_sysbios.aem4f : rom_sysbios.obj (.text:ti_sysbios_family_arm_cc26xx_Timer_dynamicStub__E)
                  0000403c    00000020                       : rom_sysbios.obj (.text:xdc_runtime_Error_policyMin__E)
                  0000405c    0000001e     drivers_cc26x2.a : PINCC26XX.oem4f (.text:PIN_close)
                  0000407a    0000001e                      : PowerCC26X2.oem4f (.text:Power_getTransitionLatency)
                  00004098    0000001c     driverlib.lib : chipinfo.obj (.text:NOROM_ChipInfo_GetChipFamily)
                  000040b4    0000001c     drivers_cc26x2.a : PINCC26XX.oem4f (.text:PIN_hwi)
                  000040d0    0000001c     dpl_cc26x2.a : PowerCC26X2_tirtos.oem4f (.text:PowerCC26XX_schedulerDisable)
                  000040ec    0000001c                  : PowerCC26X2_tirtos.oem4f (.text:PowerCC26XX_schedulerRestore)
                  00004108    0000001c     rom_sysbios.aem4f : rom_sysbios.obj (.text:ti_sysbios_family_arm_m3_Hwi_clearInterrupt__E)
                  00004124    0000001c                       : rom_sysbios.obj (.text:ti_sysbios_knl_Swi_construct2__E)
                  00004140    0000001c     release_pem4f.oem4f (.text:xdc_runtime_Startup_exec__I)
                  0000415c    0000001a     drivers_cc26x2.a : PowerCC26X2.oem4f (.text:PowerCC26XX_calibrate)
                  00004176    00000002     rom_sysbios.aem4f : rom_sysbios.obj (.text:xdc_runtime_SysCallback_defaultFlush)
                  00004178    00000018     driverlib.lib : chipinfo.obj (.text:NOROM_ChipInfo_GetPackageType)
                  00004190    00000018     drivers_cc26x2.a : PowerCC26X2.oem4f (.text:Power_idleFunc)
                  000041a8    00000018                      : UART.oem4f (.text:UART_Params_init)
                  000041c0    00000018     rtsv7M4_T_le_v4SPD16_eabi.lib : args_main.c.obj (.text:_args_main)
                  000041d8    00000018                                   : ll_mul_t2.asm.obj (.text)
                  000041f0    00000018     drivers_cc26x2.a : PowerCC26X2.oem4f (.text:switchToTCXO)
                  00004208    00000018     release_pem4f.oem4f (.text:ti_sysbios_BIOS_rtsUnlock__I)
                  00004220    00000018     rom_sysbios.aem4f : rom_sysbios.obj (.text:ti_sysbios_knl_Swi_or__E)
                  00004238    00000018                       : rom_sysbios.obj (.text:xdc_runtime_Error_init__E)
                  00004250    00000016     display.a : DisplayUart.oem4f (.text:DisplayUartMin_close)
                  00004266    00000016     driverlib.lib : chipinfo.obj (.text:NOROM_ThisLibraryIsFor_CC13x2_CC26x2_HwRev20AndLater_HaltIfViolated)
                  0000427c    00000016     rom_sysbios.aem4f : rom_sysbios.obj (.text:_pthread_cleanup_pop)
                  00004292    00000016     release_pem4f.oem4f (.text:ti_sysbios_BIOS_exitFunc__I)
                  000042a8    00000014     drivers_cc26x2.a : PowerCC26X2_calibrateRCOSC.oem4f (.text:PowerCC26X2_calibrate)
                  000042bc    00000014     rom_sysbios.aem4f : rom_sysbios.obj (.text:pthread_attr_setschedparam)
                  000042d0    00000014                       : rom_sysbios.obj (.text:ti_sysbios_family_arm_cc26xx_Timer_getCount64__E)
                  000042e4    00000014     release_pem4f.oem4f (.text:ti_sysbios_knl_Clock_doTick__I)
                  000042f8    00000012     drivers_cc26x2.a : RingBuf.oem4f (.text:RingBuf_construct)
                  0000430a    00000012     dpl_cc26x2.a : SemaphoreP_tirtos.oem4f (.text:SemaphoreP_pend)
                  0000431c    00000012     rom_sysbios.aem4f : rom_sysbios.obj (.text:_pthread_runStub$45)
                  0000432e    00000010     dpl_cc26x2.a : HwiP_tirtos.oem4f (.text:HwiP_Params_init)
                  0000433e    00000002     rom_sysbios.aem4f : rom_sysbios.obj (.text:xdc_runtime_SysCallback_defaultPutch)
                  00004340    00000010     drivers_cc26x2.a : PINCC26XX.oem4f (.text:PINCC26XX_getPinCount)
                  00004350    00000010     dpl_cc26x2.a : SwiP_tirtos.oem4f (.text:SwiP_Params_init)
                  00004360    00000010     drivers_cc26x2.a : UARTCC26XX.oem4f (.text:uartPostNotify)
                  00004370    0000000e     rtsv7M4_T_le_v4SPD16_eabi.lib : copy_decompress_none.c.obj (.text:decompress:none:__TI_decompress_none)
                  0000437e    0000000e     rom_sysbios.aem4f : rom_sysbios.obj (.text:pthread_attr_setdetachstate)
                  0000438c    0000000e                       : rom_sysbios.obj (.text:ti_sysbios_family_arm_cc26xx_TimestampProvider_get32__E)
                  0000439a    00000002     --HOLE-- [fill = 0]
                  0000439c    0000000c     dpl_cc26x2.a : ClockP_tirtos.oem4f (.text:ClockP_getSystemTickPeriod)
                  000043a8    0000000c     driverlib.lib : cpu.obj (.text:NOROM_CPUcpsid)
                  000043b4    0000000c                   : cpu.obj (.text:NOROM_CPUcpsie)
                  000043c0    0000000c     drivers_cc26x2.a : PowerCC26X2.oem4f (.text:Power_getConstraintMask)
                  000043cc    0000000c                      : PowerCC26X2.oem4f (.text:Power_getDependencyCount)
                  000043d8    0000000c     dpl_cc26x2.a : SemaphoreP_tirtos.oem4f (.text:SemaphoreP_delete)
                  000043e4    0000000c     rtsv7M4_T_le_v4SPD16_eabi.lib : _lock.c.obj (.text:_register_lock)
                  000043f0    0000000c                                   : _lock.c.obj (.text:_register_unlock)
                  000043fc    0000000c                                   : copy_zero_init.c.obj (.text:decompress:ZI:__TI_zero_init)
                  00004408    0000000c     rom_sysbios.aem4f : rom_sysbios.obj (.text:pthread_self)
                  00004414    0000000c                       : rom_sysbios.obj (.text:ti_sysbios_knl_Queue_insert__E)
                  00004420    0000000c                       : rom_sysbios.obj (.text:ti_sysbios_knl_Swi_getTrigger__E)
                  0000442c    0000000a     drivers_cc26x2.a : ADC.oem4f (.text:ADC_Params_init)
                  00004436    0000000a                      : ADC.oem4f (.text:ADC_close)
                  00004440    0000000a                      : ADC.oem4f (.text:ADC_convert)
                  0000444a    0000000a                      : ADC.oem4f (.text:ADC_convertToMicroVolts)
                  00004454    0000000a     dpl_cc26x2.a : ClockP_tirtos.oem4f (.text:ClockP_Params_init)
                  0000445e    0000000a     drivers_cc26x2.a : UART.oem4f (.text:UART_close)
                  00004468    0000000a                      : UART.oem4f (.text:UART_control)
                  00004472    0000000a                      : UART.oem4f (.text:UART_write)
                  0000447c    0000000a                      : UARTCC26XX.oem4f (.text:readSemCallback)
                  00004486    00000008                      : ADCCC26XX.oem4f (.text:ADCCC26XX_init)
                  0000448e    00000008                      : UARTCC26XX.oem4f (.text:UARTCC26XX_init)
                  00004496    00000008                      : UARTCC26XX.oem4f (.text:writeSemCallback)
                  0000449e    00000008     release_pem4f.oem4f (.text:xdc_runtime_Text_visitRope__I)
                  000044a6    00000006     drivers_cc26x2.a : ADCCC26XX.oem4f (.text:ADCCC26XX_control)
                  000044ac    00000006     display.a : DisplayUart.oem4f (.text:DisplayUartMin_control)
                  000044b2    00000006               : DisplayUart.oem4f (.text:DisplayUartMin_getType)
                  000044b8    00000006     driverlib.lib : cpu.obj (.text:NOROM_CPUdelay)
                  000044be    00000006     drivers_cc26x2.a : UARTCC26XX.oem4f (.text:UARTCC26XX_readPolling)
                  000044c4    00000006                      : UARTCC26XX.oem4f (.text:UARTCC26XX_writePolling)
                  000044ca    00000006                      : PowerCC26X2.oem4f (.text:delayUs)
                  000044d0    00000006     rom_sysbios.aem4f : rom_sysbios.obj (.text:pthread_attr_setstacksize)
                  000044d6    00000004     dpl_cc26x2.a : PowerCC26X2_tirtos.oem4f (.text:CPUwfi)
                  000044da    00000004                  : ClockP_tirtos.oem4f (.text:ClockP_destruct)
                  000044de    00000004                  : ClockP_tirtos.oem4f (.text:ClockP_getCpuFreq)
                  000044e2    00000004                  : ClockP_tirtos.oem4f (.text:ClockP_setTimeout)
                  000044e6    00000004                  : ClockP_tirtos.oem4f (.text:ClockP_start)
                  000044ea    00000004                  : ClockP_tirtos.oem4f (.text:ClockP_stop)
                  000044ee    00000004                  : HwiP_tirtos.oem4f (.text:HwiP_clearInterrupt)
                  000044f2    00000004                  : HwiP_tirtos.oem4f (.text:HwiP_destruct)
                  000044f6    00000004                  : HwiP_tirtos.oem4f (.text:HwiP_disable)
                  000044fa    00000004                  : SemaphoreP_tirtos.oem4f (.text:SemaphoreP_destruct)
                  000044fe    00000004                  : SemaphoreP_tirtos.oem4f (.text:SemaphoreP_post)
                  00004502    00000004                  : SwiP_tirtos.oem4f (.text:SwiP_destruct)
                  00004506    00000004                  : SwiP_tirtos.oem4f (.text:SwiP_getTrigger)
                  0000450a    00000004                  : SwiP_tirtos.oem4f (.text:SwiP_or)
                  0000450e    00000004                  : SystemP_tirtos.oem4f (.text:SystemP_vsnprintf)
                  00004512    00000004     drivers_cc26x2.a : PowerCC26X2.oem4f (.text:configureRFCoreClocks)
                  00004516    00000004                      : PowerCC26X2.oem4f (.text:nopResourceHandler)
                  0000451a    00000004     rom_sysbios.aem4f : rom_sysbios.obj (.text:ti_sysbios_knl_Task_getArg1__E)
                  0000451e    00000004                       : rom_sysbios.obj (.text:ti_sysbios_knl_Task_getEnv__E)
                  00004522    00000004     release_pem4f.oem4f (.text:xdc_runtime_Startup_reset__I)
                  00004526    00000004     rom_sysbios.aem4f : rom_sysbios.obj (.text:xdc_runtime_SysCallback_defaultReady)
                  0000452a    00000002     --HOLE-- [fill = 0]
                  0000452c    00000008     (.tramp.xdc_runtime_System_vsnprintf__E.1)
                  00004534    00000008     (.tramp.ti_sysbios_knl_Swi_destruct.1)
                  0000453c    00000008     (.tramp.ti_sysbios_family_arm_m3_Hwi_disableFxn__E.1)
                  00004544    00000008     (.tramp.ti_sysbios_family_arm_m3_Hwi_destruct.1)
                  0000454c    00000008     (.tramp.ti_sysbios_BIOS_getCpuFreq__E.1)
                  00004554    00000008     (.tramp.ti_sysbios_knl_Clock_destruct.1)
                  0000455c    00000008     (.tramp.ti_sysbios_knl_Task_self__E.1)
                  00004564    00000008     (.tramp.ti_sysbios_knl_Semaphore_delete.1)
                  0000456c    00000008     (.tramp.ti_sysbios_knl_Clock_logTick__E.1)
                  00004574    00000008     (.tramp.ti_sysbios_knl_Swi_post__E.1)
                  0000457c    00000008     (.tramp.ti_sysbios_BIOS_RtsGateProxy_leave__E.1)
                  00004584    00000008     (.tramp.ti_sysbios_knl_Swi_construct.1)
                  0000458c    00000008     (.tramp.ti_sysbios_knl_Swi_restore__E.1)
                  00004594    00000008     (.tramp.ti_sysbios_BIOS_RtsGateProxy_enter__E.1)
                  0000459c    00000008     (.tramp.ti_sysbios_knl_Clock_TimerProxy_getCurrentTick__E.1)
                  000045a4    00000008     (.tramp.ti_sysbios_knl_Task_delete.1)
                  000045ac    00000008     (.tramp.ti_sysbios_knl_Semaphore_destruct.1)
                  000045b4    00000008     (.tramp.ti_sysbios_knl_Semaphore_create.1)
                  000045bc    00000008     (.tramp.ti_sysbios_knl_Task_startup__E.1)
                  000045c4    00000008     (.tramp.ti_sysbios_knl_Swi_startup__E.1)
                  000045cc    00000008     (.tramp.ti_sysbios_hal_Hwi_startup__E.1)
                  000045d4    00000008     (.tramp.ti_sysbios_family_arm_cc26xx_Timer_startup__E.1)
                  000045dc    00000008     (.tramp.xdc_runtime_System_atexit__E.1)
                  000045e4    00000008     (.tramp.ti_sysbios_BIOS_linkedWithIncorrectBootLibrary__E.1)
                  000045ec    00000008     (.tramp.xdc_runtime_Startup_rtsDone__E.1)
                  000045f4    00000008     (.tramp.ti_sysbios_knl_Swi_disable__E.1)
                  000045fc    00000008     (.tramp.ti_sysbios_family_arm_m3_Hwi_construct.1)
                  00004604    00000008     (.tramp.ti_sysbios_family_arm_m3_Hwi_Params__init__S.1)
                  0000460c    00000008     (.tramp.ti_sysbios_knl_Clock_construct.1)
                  00004614    00000008     (.tramp.ti_sysbios_knl_Clock_Params__init__S.1)
                  0000461c    00000008     (.tramp.strlen.1)
                  00004624    00000008     (.tramp.ti_sysbios_knl_Swi_Params__init__S.1)
                  0000462c    00000008     (.tramp.xdc_runtime_System_exit__E.1)
                  00004634    00000008     (.tramp.ti_sysbios_heaps_HeapMem_restore__E.1)
                  0000463c    00000008     (.tramp.ti_sysbios_heaps_HeapMem_Object__get__S.1)
                  00004644    00000008     (.tramp.ti_sysbios_BIOS_start__E.1)
                  0000464c    00000008     (.tramp.xdc_runtime_Error_raiseX__E.1)
                  00004654    00000008     (.tramp.ti_sysbios_BIOS_setThreadType__E.1)
                  0000465c    00000008     (.tramp.ti_sysbios_family_arm_m3_Hwi_excFillContext__I.1)
                  00004664    00000008     (.tramp.ti_sysbios_knl_Semaphore_post__E.1)
                  0000466c    00000008     (.tramp.xdc_runtime_Memory_free__E.1)
                  00004674    00000008     (.tramp.ti_sysbios_knl_Queue_next__E.1)
                  0000467c    00000008     (.tramp.ti_sysbios_knl_Queue_head__E.1)
                  00004684    00000008     (.tramp.ti_sysbios_knl_Semaphore_pend__E.1)
                  0000468c    00000008     (.tramp.ti_sysbios_knl_Task_restore__E.1)
                  00004694    00000008     (.tramp.ti_sysbios_knl_Queue_enqueue__E.1)
                  0000469c    00000008     (.tramp.ti_sysbios_knl_Queue_empty__E.1)
                  000046a4    00000008     (.tramp.ti_sysbios_knl_Queue_remove__E.1)
                  000046ac    00000008     (.tramp.ti_sysbios_knl_Task_disable__E.1)
                  000046b4    00000008     (.tramp.ti_sysbios_knl_Clock_stop__E.1)
                  000046bc    00000008     (.tramp.ti_sysbios_knl_Clock_start__E.1)
                  000046c4    00000008     (.tramp.ti_sysbios_knl_Clock_setTimeout__E.1)
                  000046cc    00000008     (.tramp.ti_sysbios_knl_Task_create.1)
                  000046d4    00000008     (.tramp.ti_sysbios_knl_Semaphore_construct.1)
                  000046dc    00000008     (.tramp.ti_sysbios_knl_Semaphore_Params__init__S.1)
                  000046e4    00000008     (.tramp.ti_sysbios_knl_Queue_construct.1)
                  000046ec    00000008     (.tramp.xdc_runtime_Memory_alloc__E.1)
                  000046f4    00000008     (.tramp.ti_sysbios_knl_Task_Params__init__S.1)
                  000046fc    00000008     (.tramp.ti_sysbios_family_arm_m3_Hwi_restoreFxn__E.1)
                  00004704    00000008     (.tramp.xdc_runtime_System_doPrint__I.1)

.const     0    0000470c    000006b4     
                  0000470c    000003b8     release_pem4f.oem4f (.const:ROM_constStruct)
                  00004ac4    00000054     drivers_cc26x2.a : PowerCC26X2.oem4f (.const:resourceDB)
                  00004b18    00000048     release_pem4f.oem4f (.const:.string)
                  00004b60    00000048     release_pem4f.oem4f (.const:ROM_externFuncPtrs)
                  00004ba8    00000028     drivers_cc26x2.a : UARTCC26XX.oem4f (.const:UARTCC26XX_fxnTable)
                  00004bd0    00000028     ti_drivers_config.obj (.const:uartCC26XXHWAttrs)
                  00004bf8    00000024     drivers_cc26x2.a : UART.oem4f (.const:UART_defaultParams)
                  00004c1c    00000024     release_pem4f.oem4f (.const:xdc_runtime_Startup_sfxnTab__A)
                  00004c40    00000020     display.a : DisplayUart.oem4f (.const:DisplayUartMin_fxnTable)
                  00004c60    00000018     drivers_cc26x2.a : ADCCC26XX.oem4f (.const:ADCCC26XX_fxnTable)
                  00004c78    00000018     ti_drivers_config.obj (.const:ADC_config)
                  00004c90    00000018     ti_drivers_config.obj (.const:adcCC26xxHWAttrs)
                  00004ca8    00000014     ti_drivers_config.obj (.const:$P$T1$2)
                  00004cbc    00000014     ti_drivers_config.obj (.const:BoardGpioInitTable)
                  00004cd0    00000014     ti_drivers_config.obj (.const:PowerCC26X2_config)
                  00004ce4    00000014     ti_drivers_config.obj (.const:displayUartHWAttrs)
                  00004cf8    00000014     drivers_cc26x2.a : UARTCC26XX.oem4f (.const:parityType)
                  00004d0c    00000012     release_pem4f.oem4f (.const:xdc_runtime_Startup_sfxnRts__A)
                  00004d1e    00000001     display.a : Display.oem4f (.const:Display_defaultParams)
                  00004d1f    00000001     release_pem4f.oem4f (.const:xdc_runtime_Text_charTab__A)
                  00004d20    00000010     drivers_cc26x2.a : UARTCC26XX.oem4f (.const:dataLength)
                  00004d30    0000000c     ti_drivers_config.obj (.const:Display_config)
                  00004d3c    0000000c     ti_drivers_config.obj (.const:UART_config)
                  00004d48    0000000c     release_pem4f.oem4f (.const:xdc_runtime_Startup_firstFxns__A)
                  00004d54    00000008     driverlib.lib : aux_sysif.obj (.const:$O1$$)
                  00004d5c    00000008     ti_drivers_config.obj (.const:$P$T0$1)
                  00004d64    00000008     drivers_cc26x2.a : ADC.oem4f (.const:ADC_defaultParams)
                  00004d6c    00000008     ti_drivers_config.obj (.const:PINCC26XX_hwAttrs)
                  00004d74    00000008     drivers_cc26x2.a : UARTCC26XX.oem4f (.const:stopBits)
                  00004d7c    00000008     release_pem4f.oem4f (.const:ti_sysbios_family_arm_m3_Hwi_excHookFuncs__A)
                  00004d84    00000008     release_pem4f.oem4f (.const:ti_sysbios_knl_Idle_funcList__A)
                  00004d8c    00000006     drivers_cc26x2.a : UARTCC26XX.oem4f (.const:.string:rxFifoBytes)
                  00004d92    00000006                      : UARTCC26XX.oem4f (.const:.string:rxFifoThreshold)
                  00004d98    00000006                      : UARTCC26XX.oem4f (.const:.string:txFifoBytes)
                  00004d9e    00000006                      : UARTCC26XX.oem4f (.const:.string:txFifoThreshold)
                  00004da4    00000006     ti_drivers_config.obj (.const)
                  00004daa    00000002     --HOLE-- [fill = 0]
                  00004dac    00000004     release_pem4f.oem4f (.const:ti_sysbios_family_arm_m3_Hwi_E_exception__C)
                  00004db0    00000004     release_pem4f.oem4f (.const:ti_sysbios_heaps_HeapMem_primaryHeapBaseAddr__C)
                  00004db4    00000004     release_pem4f.oem4f (.const:ti_sysbios_heaps_HeapMem_primaryHeapEndAddr__C)
                  00004db8    00000004     release_pem4f.oem4f (.const:ti_sysbios_knl_Clock_tickPeriod__C)
                  00004dbc    00000004     release_pem4f.oem4f (.const:ti_sysbios_knl_Task_Object__heap__C)

MODULE SUMMARY

       Module                             code    ro data   rw data
       ------                             ----    -------   -------
    .\
       adcsinglechannel.obj               888     0         70     
       main_tirtos.obj                    100     0         0      
    +--+----------------------------------+-------+---------+---------+
       Total:                             988     0         70     
                                                                   
    .\syscfg\
       ti_drivers_config.obj              306     214       1544   
       ti_devices_config.obj              0       88        0      
    +--+----------------------------------+-------+---------+---------+
       Total:                             306     302       1544   
                                                                   
    C:\tibackup\adcbuffer\adcsinglechannel_CC26X2R1_LAUNCHXL_tirtos_ccs\tirtos_builds_cc13x2_cc26x2_release_ccs\Debug\configPkg\package\cfg\
       release_pem4f.oem4f                792     1259      1830   
    +--+----------------------------------+-------+---------+---------+
       Total:                             792     1259      1830   
                                                                   
    C:/ti/simplelink_cc13x2_26x2_sdk_4_30_00_54/kernel/tirtos/packages/ti/dpl/lib/ccs/m4f/dpl_cc26x2.a
       PowerCC26X2_tirtos.oem4f           260     0         8      
       SemaphoreP_tirtos.oem4f            126     0         0      
       SwiP_tirtos.oem4f                  112     0         0      
       ClockP_tirtos.oem4f                106     0         0      
       HwiP_tirtos.oem4f                  90      0         0      
       SystemP_tirtos.oem4f               4       0         0      
    +--+----------------------------------+-------+---------+---------+
       Total:                             698     0         8      
                                                                   
    C:/ti/simplelink_cc13x2_26x2_sdk_4_30_00_54/source/ti/devices/cc13x2_cc26x2/driverlib/bin/ccs/driverlib.lib
       sys_ctrl.obj                       428     0         0      
       osc.obj                            340     0         36     
       setup.obj                          324     0         0      
       chipinfo.obj                       250     0         0      
       prcm.obj                           160     0         0      
       aux_sysif.obj                      52      8         0      
       aux_adc.obj                        32      0         0      
       cpu.obj                            30      0         0      
       driverlib_release.obj              0       0         1      
    +--+----------------------------------+-------+---------+---------+
       Total:                             1616    8         37     
                                                                   
    C:/ti/simplelink_cc13x2_26x2_sdk_4_30_00_54/source/ti/display/lib/ccs/m4f/display.a
       DisplayUart.oem4f                  184     32        0      
       Display.oem4f                      174     1         0      
    +--+----------------------------------+-------+---------+---------+
       Total:                             358     33        0      
                                                                   
    C:/ti/simplelink_cc13x2_26x2_sdk_4_30_00_54/source/ti/drivers/lib/ccs/m4f/drivers_cc26x2.a
       UARTCC26XX.oem4f                   2760    108       0      
       PowerCC26X2.oem4f                  2060    84        368    
       PINCC26XX.oem4f                    1382    0         328    
       PowerCC26X2_calibrateRCOSC.oem4f   1400    0         0      
       ADCCC26XX.oem4f                    542     24        82     
       UART.oem4f                         186     36        1      
       ADC.oem4f                          172     8         1      
       RingBuf.oem4f                      152     0         0      
       List.oem4f                         76      0         0      
    +--+----------------------------------+-------+---------+---------+
       Total:                             8730    260       780    
                                                                   
    C:\ti\ccs1011\ccs\tools\compiler\ti-cgt-arm_20.2.1.LTS\lib\rtsv7M4_T_le_v4SPD16_eabi.lib
       fd_add_t2.asm.obj                  438     0         0      
       fd_cmp_t2.asm.obj                  268     0         0      
       fd_mul_t2.asm.obj                  252     0         0      
       memcpy_t2.asm.obj                  156     0         0      
       ull_div_t2.asm.obj                 150     0         0      
       memset_t2.asm.obj                  122     0         0      
       copy_decompress_lzss.c.obj         104     0         0      
       cpy_tbl.c.obj                      76      0         0      
       fd_toi_t2.asm.obj                  72      0         0      
       fd_tou_t2.asm.obj                  68      0         0      
       u_divt2.asm.obj                    64      0         0      
       fs_tod_t2.asm.obj                  56      0         0      
       i_tofd_t2.asm.obj                  46      0         0      
       _lock.c.obj                        26      0         8      
       args_main.c.obj                    24      0         0      
       ll_mul_t2.asm.obj                  24      0         0      
       copy_decompress_none.c.obj         14      0         0      
       copy_zero_init.c.obj               12      0         0      
       stkdepth_vars.c.obj                0       0         4      
       div0.asm.obj                       2       0         0      
    +--+----------------------------------+-------+---------+---------+
       Total:                             1974    0         12     
                                                                   
    C:\ti\simplelink_cc13x2_26x2_sdk_4_30_00_54\kernel\tirtos\packages\ti\targets\arm\rtsarm\lib\auto_init.aem4f
       auto_init.oem4f                    160     0         0      
    +--+----------------------------------+-------+---------+---------+
       Total:                             160     0         0      
                                                                   
    C:\ti\simplelink_cc13x2_26x2_sdk_4_30_00_54\kernel\tirtos\packages\ti\targets\arm\rtsarm\lib\boot.aem4f
       boot.oem4f                         88      0         0      
    +--+----------------------------------+-------+---------+---------+
       Total:                             88      0         0      
                                                                   
    C:\tibackup\adcbuffer\adcsinglechannel_CC26X2R1_LAUNCHXL_tirtos_ccs\tirtos_builds_cc13x2_cc26x2_release_ccs\src\sysbios\rom_sysbios.aem4f
       rom_sysbios.obj                    1933    0         136    
    +--+----------------------------------+-------+---------+---------+
       Total:                             1933    0         136    
                                                                   
       Stack:                             0       0         1024   
       Linker Generated:                  480     468       0      
    +--+----------------------------------+-------+---------+---------+
       Grand Total:                       18123   2330      5441   


LINKER GENERATED COPY TABLES

__TI_cinit_table @ 00004f70 records: 5, size/record: 8, table size: 40
	.data: load addr=00004dc0, load size=00000180 bytes, run addr=20004bd0, run size=0000059e bytes, compression=lzss
	.bss: load addr=00004f50, load size=00000008 bytes, run addr=20004110, run size=00000abf bytes, compression=zero_init
	.data:xdcRomConstPtr: load addr=00004f58, load size=00000008 bytes, run addr=20000100, run size=00000004 bytes, compression=lzss
	.data:xdcRomExternFuncPtr: load addr=00004f60, load size=00000008 bytes, run addr=20000104, run size=00000004 bytes, compression=lzss
	.data:xdcRomStatePtr: load addr=00004f68, load size=00000008 bytes, run addr=20000108, run size=00000004 bytes, compression=lzss


LINKER GENERATED HANDLER TABLE

__TI_handler_table @ 00004f40 records: 3, size/record: 4, table size: 12
	index: 0, handler: __TI_decompress_lzss
	index: 1, handler: __TI_decompress_none
	index: 2, handler: __TI_zero_init


FAR CALL TRAMPOLINES

callee name               trampoline name
   callee addr  tramp addr   call addr  call info
--------------  -----------  ---------  ----------------
xdc_runtime_System_vsnprintf__E  $Tramp$TT$L$PI$$xdc_runtime_System_vsnprintf__E
   1002f8b9     0000452c     0000450e   dpl_cc26x2.a : SystemP_tirtos.oem4f (.text:SystemP_vsnprintf)
ti_sysbios_knl_Swi_destruct  $Tramp$TT$L$PI$$ti_sysbios_knl_Swi_destruct
   1002e8bd     00004534     00004502   dpl_cc26x2.a : SwiP_tirtos.oem4f (.text:SwiP_destruct)
ti_sysbios_family_arm_m3_Hwi_disableFxn__E  $Tramp$TT$L$PI$$ti_sysbios_family_arm_m3_Hwi_disableFxn__E
   1002eb55     0000453c     000044f6   dpl_cc26x2.a : HwiP_tirtos.oem4f (.text:HwiP_disable)
ti_sysbios_family_arm_m3_Hwi_destruct  $Tramp$TT$L$PI$$ti_sysbios_family_arm_m3_Hwi_destruct
   1002e475     00004544     000044f2   dpl_cc26x2.a : HwiP_tirtos.oem4f (.text:HwiP_destruct)
ti_sysbios_BIOS_getCpuFreq__E  $Tramp$TT$L$PI$$ti_sysbios_BIOS_getCpuFreq__E
   1002e9fd     0000454c     000044de   dpl_cc26x2.a : ClockP_tirtos.oem4f (.text:ClockP_getCpuFreq)
ti_sysbios_knl_Clock_destruct  $Tramp$TT$L$PI$$ti_sysbios_knl_Clock_destruct
   1002e649     00004554     000044da   dpl_cc26x2.a : ClockP_tirtos.oem4f (.text:ClockP_destruct)
ti_sysbios_knl_Task_self__E  $Tramp$TT$L$PI$$ti_sysbios_knl_Task_self__E
   1002eaf5     0000455c     0000440a   rom_sysbios.aem4f : rom_sysbios.obj (.text:pthread_self)
ti_sysbios_knl_Semaphore_delete  $Tramp$TT$L$PI$$ti_sysbios_knl_Semaphore_delete
   1002ecdb     00004564     000043de   dpl_cc26x2.a : SemaphoreP_tirtos.oem4f (.text:SemaphoreP_delete)
ti_sysbios_knl_Clock_logTick__E  $Tramp$TT$L$PI$$ti_sysbios_knl_Clock_logTick__E
   1002dbd7     0000456c     000042e6   release_pem4f.oem4f (.text:ti_sysbios_knl_Clock_doTick__I)
ti_sysbios_knl_Swi_post__E  $Tramp$TT$L$PI$$ti_sysbios_knl_Swi_post__E
   1002d891     00004574     00004234   rom_sysbios.aem4f : rom_sysbios.obj (.text:ti_sysbios_knl_Swi_or__E)
                             000042ee   release_pem4f.oem4f (.text:ti_sysbios_knl_Clock_doTick__I)
ti_sysbios_BIOS_RtsGateProxy_leave__E  $Tramp$TT$L$PI$$ti_sysbios_BIOS_RtsGateProxy_leave__E
   1002ec7b     0000457c     00004216   release_pem4f.oem4f (.text:ti_sysbios_BIOS_rtsUnlock__I)
ti_sysbios_knl_Swi_construct  $Tramp$TT$L$PI$$ti_sysbios_knl_Swi_construct
   1002d719     00004584     0000412a   rom_sysbios.aem4f : rom_sysbios.obj (.text:ti_sysbios_knl_Swi_construct2__E)
ti_sysbios_knl_Swi_restore__E  $Tramp$TT$L$PI$$ti_sysbios_knl_Swi_restore__E
   1002db61     0000458c     000040f2   dpl_cc26x2.a : PowerCC26X2_tirtos.oem4f (.text:PowerCC26XX_schedulerRestore)
ti_sysbios_BIOS_RtsGateProxy_enter__E  $Tramp$TT$L$PI$$ti_sysbios_BIOS_RtsGateProxy_enter__E
   1002ec77     00004594     00004002   release_pem4f.oem4f (.text:ti_sysbios_BIOS_rtsLock__I)
ti_sysbios_knl_Clock_TimerProxy_getCurrentTick__E  $Tramp$TT$L$PI$$ti_sysbios_knl_Clock_TimerProxy_getCurrentTick__E
   1002eac5     0000459c     00003d36   rom_sysbios.aem4f : rom_sysbios.obj (.text:ti_sysbios_knl_Clock_getTicksUntilInterrupt__E)
ti_sysbios_knl_Task_delete  $Tramp$TT$L$PI$$ti_sysbios_knl_Task_delete
   1002ece7     000045a4     00003ce0   rom_sysbios.aem4f : rom_sysbios.obj (.text:_pthread_delete$45)
ti_sysbios_knl_Semaphore_destruct  $Tramp$TT$L$PI$$ti_sysbios_knl_Semaphore_destruct
   1002e6fd     000045ac     00003cd4   rom_sysbios.aem4f : rom_sysbios.obj (.text:_pthread_delete$45)
                             000044fa   dpl_cc26x2.a : SemaphoreP_tirtos.oem4f (.text:SemaphoreP_destruct)
ti_sysbios_knl_Semaphore_create  $Tramp$TT$L$PI$$ti_sysbios_knl_Semaphore_create
   1002dc49     000045b4     00003cc0   dpl_cc26x2.a : SemaphoreP_tirtos.oem4f (.text:SemaphoreP_createBinary)
ti_sysbios_knl_Task_startup__E  $Tramp$TT$L$PI$$ti_sysbios_knl_Task_startup__E
   1002eceb     000045bc     00003bd8   release_pem4f.oem4f (.text:ti_sysbios_BIOS_startFunc__I)
ti_sysbios_knl_Swi_startup__E  $Tramp$TT$L$PI$$ti_sysbios_knl_Swi_startup__E
   1002ec6b     000045c4     00003bd4   release_pem4f.oem4f (.text:ti_sysbios_BIOS_startFunc__I)
ti_sysbios_hal_Hwi_startup__E  $Tramp$TT$L$PI$$ti_sysbios_hal_Hwi_startup__E
   1002ec31     000045cc     00003bd0   release_pem4f.oem4f (.text:ti_sysbios_BIOS_startFunc__I)
ti_sysbios_family_arm_cc26xx_Timer_startup__E  $Tramp$TT$L$PI$$ti_sysbios_family_arm_cc26xx_Timer_startup__E
   1002dcf1     000045d4     00003bcc   release_pem4f.oem4f (.text:ti_sysbios_BIOS_startFunc__I)
xdc_runtime_System_atexit__E  $Tramp$TT$L$PI$$xdc_runtime_System_atexit__E
   1002f559     000045dc     00003bc4   release_pem4f.oem4f (.text:ti_sysbios_BIOS_startFunc__I)
ti_sysbios_BIOS_linkedWithIncorrectBootLibrary__E  $Tramp$TT$L$PI$$ti_sysbios_BIOS_linkedWithIncorrectBootLibrary__E
   1002d01b     000045e4     00003bbe   release_pem4f.oem4f (.text:ti_sysbios_BIOS_startFunc__I)
xdc_runtime_Startup_rtsDone__E  $Tramp$TT$L$PI$$xdc_runtime_Startup_rtsDone__E
   1002f8e5     000045ec     00003bb6   release_pem4f.oem4f (.text:ti_sysbios_BIOS_startFunc__I)
ti_sysbios_knl_Swi_disable__E  $Tramp$TT$L$PI$$ti_sysbios_knl_Swi_disable__E
   1002ea25     000045f4     00003b86   release_pem4f.oem4f (.text:ti_sysbios_BIOS_atExitFunc__I)
                             000040da   dpl_cc26x2.a : PowerCC26X2_tirtos.oem4f (.text:PowerCC26XX_schedulerDisable)
ti_sysbios_family_arm_m3_Hwi_construct  $Tramp$TT$L$PI$$ti_sysbios_family_arm_m3_Hwi_construct
   1002d421     000045fc     000038e6   rom_sysbios.aem4f : rom_sysbios.obj (.text:ti_sysbios_family_arm_m3_Hwi_construct2__E)
ti_sysbios_family_arm_m3_Hwi_Params__init__S  $Tramp$TT$L$PI$$ti_sysbios_family_arm_m3_Hwi_Params__init__S
   1002eb49     00004604     00003830   dpl_cc26x2.a : HwiP_tirtos.oem4f (.text:HwiP_construct)
ti_sysbios_knl_Clock_construct  $Tramp$TT$L$PI$$ti_sysbios_knl_Clock_construct
   1002dd8d     0000460c     000036ca   dpl_cc26x2.a : ClockP_tirtos.oem4f (.text:ClockP_construct)
ti_sysbios_knl_Clock_Params__init__S  $Tramp$TT$L$PI$$ti_sysbios_knl_Clock_Params__init__S
   1002eb9d     00004614     000036b0   dpl_cc26x2.a : ClockP_tirtos.oem4f (.text:ClockP_construct)
strlen                    $Tramp$TT$L$PI$$strlen
   1002fddb     0000461c     00003456   display.a : DisplayUart.oem4f (.text:DisplayUartMin_vprintf)
ti_sysbios_knl_Swi_Params__init__S  $Tramp$TT$L$PI$$ti_sysbios_knl_Swi_Params__init__S
   1002ebf1     00004624     00003126   dpl_cc26x2.a : SwiP_tirtos.oem4f (.text:SwiP_construct)
xdc_runtime_System_exit__E  $Tramp$TT$L$PI$$xdc_runtime_System_exit__E
   1002f7b1     0000462c     00003038   boot.aem4f : boot.oem4f (.text)
                             000042a2   release_pem4f.oem4f (.text:ti_sysbios_BIOS_exitFunc__I)
ti_sysbios_heaps_HeapMem_restore__E  $Tramp$TT$L$PI$$ti_sysbios_heaps_HeapMem_restore__E
   1002eb13     00004634     00002f2c   rom_sysbios.aem4f : rom_sysbios.obj (.text:ti_sysbios_heaps_HeapMem_initPrimary__I)
ti_sysbios_heaps_HeapMem_Object__get__S  $Tramp$TT$L$PI$$ti_sysbios_heaps_HeapMem_Object__get__S
   1002e275     0000463c     00002efc   rom_sysbios.aem4f : rom_sysbios.obj (.text:ti_sysbios_heaps_HeapMem_initPrimary__I)
ti_sysbios_BIOS_start__E  $Tramp$TT$L$PI$$ti_sysbios_BIOS_start__E
   1002eaa5     00004644     00002d62   main_tirtos.obj (.text:main)
xdc_runtime_Error_raiseX__E  $Tramp$TT$L$PI$$xdc_runtime_Error_raiseX__E
   1002f739     0000464c     00002806   rom_sysbios.aem4f : rom_sysbios.obj (.text:ti_sysbios_family_arm_m3_Hwi_excHandlerMin__I)
ti_sysbios_BIOS_setThreadType__E  $Tramp$TT$L$PI$$ti_sysbios_BIOS_setThreadType__E
   1002ea11     00004654     000027c6   rom_sysbios.aem4f : rom_sysbios.obj (.text:ti_sysbios_family_arm_m3_Hwi_excHandlerMin__I)
                             00003b90   release_pem4f.oem4f (.text:ti_sysbios_BIOS_atExitFunc__I)
                             0000429c   release_pem4f.oem4f (.text:ti_sysbios_BIOS_exitFunc__I)
ti_sysbios_family_arm_m3_Hwi_excFillContext__I  $Tramp$TT$L$PI$$ti_sysbios_family_arm_m3_Hwi_excFillContext__I
   1002bda9     0000465c     000027c0   rom_sysbios.aem4f : rom_sysbios.obj (.text:ti_sysbios_family_arm_m3_Hwi_excHandlerMin__I)
ti_sysbios_knl_Semaphore_post__E  $Tramp$TT$L$PI$$ti_sysbios_knl_Semaphore_post__E
   1002cd21     00004664     000023de   rom_sysbios.aem4f : rom_sysbios.obj (.text:_pthread_removeThreadKeys)
                             00003080                     : rom_sysbios.obj (.text:pthread_exit)
                             000044fe   dpl_cc26x2.a : SemaphoreP_tirtos.oem4f (.text:SemaphoreP_post)
xdc_runtime_Memory_free__E  $Tramp$TT$L$PI$$xdc_runtime_Memory_free__E
   1002f81d     0000466c     000023d4   rom_sysbios.aem4f : rom_sysbios.obj (.text:_pthread_removeThreadKeys)
                             00003cec                     : rom_sysbios.obj (.text:_pthread_delete$45)
ti_sysbios_knl_Queue_next__E  $Tramp$TT$L$PI$$ti_sysbios_knl_Queue_next__E
   1002ecd7     00004674     000023ae   rom_sysbios.aem4f : rom_sysbios.obj (.text:_pthread_removeThreadKeys)
ti_sysbios_knl_Queue_head__E  $Tramp$TT$L$PI$$ti_sysbios_knl_Queue_head__E
   1002ecd3     0000467c     0000239a   rom_sysbios.aem4f : rom_sysbios.obj (.text:_pthread_removeThreadKeys)
ti_sysbios_knl_Semaphore_pend__E  $Tramp$TT$L$PI$$ti_sysbios_knl_Semaphore_pend__E
   1002bfb1     00004684     00002394   rom_sysbios.aem4f : rom_sysbios.obj (.text:_pthread_removeThreadKeys)
                             0000430c   dpl_cc26x2.a : SemaphoreP_tirtos.oem4f (.text:SemaphoreP_pend)
ti_sysbios_knl_Task_restore__E  $Tramp$TT$L$PI$$ti_sysbios_knl_Task_restore__E
   1002df45     0000468c     00001fe2   rom_sysbios.aem4f : rom_sysbios.obj (.text:ti_sysbios_knl_Task_setPri__E)
                             00002388                     : rom_sysbios.obj (.text:_pthread_removeThreadKeys)
                             000023e8                     : rom_sysbios.obj (.text:_pthread_removeThreadKeys)
                             00003092                     : rom_sysbios.obj (.text:pthread_exit)
                             00003e74                     : rom_sysbios.obj (.text:_pthread_cleanupFxn)
                             000040fa   dpl_cc26x2.a : PowerCC26X2_tirtos.oem4f (.text:PowerCC26XX_schedulerRestore)
ti_sysbios_knl_Queue_enqueue__E  $Tramp$TT$L$PI$$ti_sysbios_knl_Queue_enqueue__E
   1002ebd9     00004694     00001fb4   rom_sysbios.aem4f : rom_sysbios.obj (.text:ti_sysbios_knl_Task_setPri__E)
ti_sysbios_knl_Queue_empty__E  $Tramp$TT$L$PI$$ti_sysbios_knl_Queue_empty__E
   1002eb21     0000469c     00001f9c   rom_sysbios.aem4f : rom_sysbios.obj (.text:ti_sysbios_knl_Task_setPri__E)
                             00002380                     : rom_sysbios.obj (.text:_pthread_removeThreadKeys)
ti_sysbios_knl_Queue_remove__E  $Tramp$TT$L$PI$$ti_sysbios_knl_Queue_remove__E
   1002eb2f     000046a4     00001f96   rom_sysbios.aem4f : rom_sysbios.obj (.text:ti_sysbios_knl_Task_setPri__E)
                             000023b6                     : rom_sysbios.obj (.text:_pthread_removeThreadKeys)
                             000023bc                     : rom_sysbios.obj (.text:_pthread_removeThreadKeys)
ti_sysbios_knl_Task_disable__E  $Tramp$TT$L$PI$$ti_sysbios_knl_Task_disable__E
   1002ea4d     000046ac     00001f5c   rom_sysbios.aem4f : rom_sysbios.obj (.text:ti_sysbios_knl_Task_setPri__E)
                             00002376                     : rom_sysbios.obj (.text:_pthread_removeThreadKeys)
                             00003086                     : rom_sysbios.obj (.text:pthread_exit)
                             00003b8a   release_pem4f.oem4f (.text:ti_sysbios_BIOS_atExitFunc__I)
                             00003e66   rom_sysbios.aem4f : rom_sysbios.obj (.text:_pthread_cleanupFxn)
                             000040d2   dpl_cc26x2.a : PowerCC26X2_tirtos.oem4f (.text:PowerCC26XX_schedulerDisable)
ti_sysbios_knl_Clock_stop__E  $Tramp$TT$L$PI$$ti_sysbios_knl_Clock_stop__E
   1002e2c5     000046b4     00001a0a   dpl_cc26x2.a : PowerCC26X2_tirtos.oem4f (.text:PowerCC26XX_standbyPolicy)
                             000044ea                : ClockP_tirtos.oem4f (.text:ClockP_stop)
ti_sysbios_knl_Clock_start__E  $Tramp$TT$L$PI$$ti_sysbios_knl_Clock_start__E
   1002e9e7     000046bc     000019f6   dpl_cc26x2.a : PowerCC26X2_tirtos.oem4f (.text:PowerCC26XX_standbyPolicy)
                             000044e6                : ClockP_tirtos.oem4f (.text:ClockP_start)
ti_sysbios_knl_Clock_setTimeout__E  $Tramp$TT$L$PI$$ti_sysbios_knl_Clock_setTimeout__E
   1002ecc3     000046c4     000019f0   dpl_cc26x2.a : PowerCC26X2_tirtos.oem4f (.text:PowerCC26XX_standbyPolicy)
                             000044e2                : ClockP_tirtos.oem4f (.text:ClockP_setTimeout)
ti_sysbios_knl_Task_create  $Tramp$TT$L$PI$$ti_sysbios_knl_Task_create
   1002d529     000046cc     000017b6   rom_sysbios.aem4f : rom_sysbios.obj (.text:pthread_create)
ti_sysbios_knl_Semaphore_construct  $Tramp$TT$L$PI$$ti_sysbios_knl_Semaphore_construct
   1002ddc1     000046d4     000017ac   rom_sysbios.aem4f : rom_sysbios.obj (.text:pthread_create)
                             00003c94   dpl_cc26x2.a : SemaphoreP_tirtos.oem4f (.text:SemaphoreP_constructBinary)
ti_sysbios_knl_Semaphore_Params__init__S  $Tramp$TT$L$PI$$ti_sysbios_knl_Semaphore_Params__init__S
   1002ebe5     000046dc     0000179a   rom_sysbios.aem4f : rom_sysbios.obj (.text:pthread_create)
                             00003c84   dpl_cc26x2.a : SemaphoreP_tirtos.oem4f (.text:SemaphoreP_constructBinary)
                             00003cb0                : SemaphoreP_tirtos.oem4f (.text:SemaphoreP_createBinary)
ti_sysbios_knl_Queue_construct  $Tramp$TT$L$PI$$ti_sysbios_knl_Queue_construct
   1002dee5     000046e4     0000178e   rom_sysbios.aem4f : rom_sysbios.obj (.text:pthread_create)
xdc_runtime_Memory_alloc__E  $Tramp$TT$L$PI$$xdc_runtime_Memory_alloc__E
   1002f289     000046ec     00001736   rom_sysbios.aem4f : rom_sysbios.obj (.text:pthread_create)
ti_sysbios_knl_Task_Params__init__S  $Tramp$TT$L$PI$$ti_sysbios_knl_Task_Params__init__S
   1002ec09     000046f4     00001722   rom_sysbios.aem4f : rom_sysbios.obj (.text:pthread_create)
ti_sysbios_family_arm_m3_Hwi_restoreFxn__E  $Tramp$TT$L$PI$$ti_sysbios_family_arm_m3_Hwi_restoreFxn__E
   1002ec47     000046fc     00000d0a   drivers_cc26x2.a : UARTCC26XX.oem4f (.text:UARTCC26XX_open)
                             00000d16                    : UARTCC26XX.oem4f (.text:UARTCC26XX_open)
                             00000da0                    : UARTCC26XX.oem4f (.text:UARTCC26XX_open)
                             00000fec                    : UARTCC26XX.oem4f (.text:UARTCC26XX_read)
                             00001048                    : UARTCC26XX.oem4f (.text:UARTCC26XX_read)
                             00001070                    : UARTCC26XX.oem4f (.text:UARTCC26XX_read)
                             00001082                    : UARTCC26XX.oem4f (.text:UARTCC26XX_read)
                             000010cc                    : UARTCC26XX.oem4f (.text:UARTCC26XX_read)
                             000010dc                    : UARTCC26XX.oem4f (.text:UARTCC26XX_read)
                             000015de                    : PINCC26XX.oem4f (.text:PINCC26XX_setIoCfg)
                             00001814                    : UARTCC26XX.oem4f (.text:UARTCC26XX_write)
                             00001836                    : UARTCC26XX.oem4f (.text:UARTCC26XX_write)
                             0000188c                    : UARTCC26XX.oem4f (.text:UARTCC26XX_write)
                             00001b0c                    : PowerCC26X2.oem4f (.text:Power_releaseDependency)
                             00001c86                    : PowerCC26X2.oem4f (.text:Power_setDependency)
                             0000213c                    : UARTCC26XX.oem4f (.text:writeTxFifoFlush)
                             0000227a                    : UARTCC26XX.oem4f (.text:UARTCC26XX_writeCancel)
                             00002290                    : UARTCC26XX.oem4f (.text:UARTCC26XX_writeCancel)
                             000022c4                    : UARTCC26XX.oem4f (.text:UARTCC26XX_writeCancel)
                             000029c2                    : ADCCC26XX.oem4f (.text:ADCCC26XX_open)
                             000029e6                    : ADCCC26XX.oem4f (.text:ADCCC26XX_open)
                             00002cee                    : UARTCC26XX.oem4f (.text:UARTCC26XX_control)
                             00002fc6                    : PowerCC26X2_calibrateRCOSC.oem4f (.text:PowerCC26X2_initiateCalibration)
                             0000320e                    : UARTCC26XX.oem4f (.text:UARTCC26XX_readCancel)
                             00003222                    : UARTCC26XX.oem4f (.text:UARTCC26XX_readCancel)
                             000032fe                    : PINCC26XX.oem4f (.text:PIN_setOutputEnable)
                             000033c2                    : PowerCC26X2.oem4f (.text:switchXOSCHF)
                             0000348e                    : RingBuf.oem4f (.text:RingBuf_put)
                             000034b8                    : RingBuf.oem4f (.text:RingBuf_put)
                             000034f2                    : ADC.oem4f (.text:ADC_init)
                             000035be                    : UART.oem4f (.text:UART_init)
                             00003742                    : RingBuf.oem4f (.text:RingBuf_get)
                             0000374a                    : RingBuf.oem4f (.text:RingBuf_get)
                             0000387a                    : ADCCC26XX.oem4f (.text:ADCCC26XX_close)
                             00003b48                    : PowerCC26X2.oem4f (.text:Power_releaseConstraint)
                             00003b78                    : PowerCC26X2.oem4f (.text:Power_setConstraint)
                             00003e14                    : List.oem4f (.text:List_put)
                             00003e3a                    : List.oem4f (.text:List_remove)
                             00003fb0                    : PowerCC26X2.oem4f (.text:Power_unregisterNotify)
                             00003fd6                    : UARTCC26XX.oem4f (.text:threadSafeStdbyDisRelease)
                             00003ff6                    : UARTCC26XX.oem4f (.text:threadSafeStdbyDisSet)
xdc_runtime_System_doPrint__I  $Tramp$TT$L$PI$$xdc_runtime_System_doPrint__I
   1002ecf1     00004704     000008be   release_pem4f.oem4f (.text:xdc_runtime_System_printfExtend__I)

[60 trampolines]
[129 trampoline calls]


GLOBAL SYMBOLS: SORTED ALPHABETICALLY BY Name 

address   name                                                               
-------   ----                                                               
00003855  ADCCC26XX_close                                                    
000044a7  ADCCC26XX_control                                                  
00001615  ADCCC26XX_convert                                                  
00002a8d  ADCCC26XX_convertToMicroVolts                                      
00004c60  ADCCC26XX_fxnTable                                                 
00004487  ADCCC26XX_init                                                     
000029a5  ADCCC26XX_open                                                     
0000442d  ADC_Params_init                                                    
00004437  ADC_close                                                          
00004c78  ADC_config                                                         
00004441  ADC_convert                                                        
0000444b  ADC_convertToMicroVolts                                            
00004da7  ADC_count                                                          
00004d64  ADC_defaultParams                                                  
000034c1  ADC_init                                                           
00003615  ADC_open                                                           
00004cbc  BoardGpioInitTable                                                 
00003f3d  Board_init                                                         
000003bf  Board_initHook                                                     
0000269d  Board_sendExtFlashByte                                             
00003655  Board_shutDownExtFlash                                             
00003151  Board_wakeUpExtFlash                                               
00004da5  CONFIG_ADC_0_CONST                                                 
00004da6  CONFIG_ADC_1_CONST                                                 
00004da8  CONFIG_UART_0_CONST                                                
00004455  ClockP_Params_init                                                 
00003695  ClockP_construct                                                   
000044db  ClockP_destruct                                                    
000044df  ClockP_getCpuFreq                                                  
0000439d  ClockP_getSystemTickPeriod                                         
1002dc11  ClockP_getSystemTicks                                              
000044e3  ClockP_setTimeout                                                  
000044e7  ClockP_start                                                       
000044eb  ClockP_stop                                                        
000010e7  DisplayUartMin_clear                                               
000029a3  DisplayUartMin_clearLines                                          
00004251  DisplayUartMin_close                                               
000044ad  DisplayUartMin_control                                             
00004c40  DisplayUartMin_fxnTable                                            
000044b3  DisplayUartMin_getType                                             
00002b6b  DisplayUartMin_init                                                
00003281  DisplayUartMin_open                                                
00003435  DisplayUartMin_vprintf                                             
00004d30  Display_config                                                     
00004da4  Display_count                                                      
00004d1e  Display_defaultParams                                              
00003d7d  Display_doInit                                                     
00002dd5  Display_doOpen                                                     
00003d51  Display_doPrintf                                                   
00004000  HEAPSIZE                                                           
0000432f  HwiP_Params_init                                                   
000044ef  HwiP_clearInterrupt                                                
00003815  HwiP_construct                                                     
000044f3  HwiP_destruct                                                      
000044f7  HwiP_disable                                                       
1002ec47  HwiP_restore                                                       
UNDEFED   ITM_flush                                                          
UNDEFED   ITM_restore                                                        
00003df5  List_put                                                           
00003e1b  List_remove                                                        
00003f5d  NOROM_AUXADCEnableSync                                             
00003a59  NOROM_AUXSYSIFOpModeChange                                         
000043a9  NOROM_CPUcpsid                                                     
000043b5  NOROM_CPUcpsie                                                     
000044b9  NOROM_CPUdelay                                                     
00004099  NOROM_ChipInfo_GetChipFamily                                       
00002b6d  NOROM_ChipInfo_GetChipType                                         
00003505  NOROM_ChipInfo_GetHwRevision                                       
00004179  NOROM_ChipInfo_GetPackageType                                      
000022e9  NOROM_OSCHF_AttemptToSwitchToXosc                                  
00002bd9  NOROM_OSCHF_SwitchToRcOscTurnOffXosc                               
00003e41  NOROM_OSCHF_TurnOnXosc                                             
000036d5  NOROM_OSC_HPOSCRelativeFrequencyOffsetGet                          
000030a9  NOROM_PRCMPowerDomainsAllOff                                       
0000319d  NOROM_PRCMPowerDomainsAllOn                                        
00002091  NOROM_SetupTrimDevice                                              
00003a8d  NOROM_SysCtrlIdle                                                  
00002829  NOROM_SysCtrlSetRechargeBeforePowerDown                            
00001425  NOROM_SysCtrlStandby                                               
00004267  NOROM_ThisLibraryIsFor_CC13x2_CC26x2_HwRev20AndLater_HaltIfViolated
00004341  PINCC26XX_getPinCount                                              
00004d6c  PINCC26XX_hwAttrs                                                  
00003af5  PINCC26XX_setMux                                                   
0000405d  PIN_close                                                          
0000003d  PIN_init                                                           
[...]
1002eb3d  xdc_runtime_Timestamp_SupportProxy_getFreq__E                      
1002eb3d  xdc_runtime_Timestamp_SupportProxy_getFreq__E                      
1002eb3d  xdc_runtime_Timestamp_getFreq__E                                   
1002eb3d  xdc_runtime_Timestamp_getFreq__E                                   
1002eb49  ti_sysbios_family_arm_m3_Hwi_Params__init__S                       
1002eb49  ti_sysbios_hal_Hwi_HwiProxy_Params__init__S                        
1002eb55  ti_sysbios_family_arm_m3_Hwi_disableFxn__E                         
1002eb61  ti_sysbios_family_arm_m3_Hwi_enableFxn__E                          
1002eb6d  ti_sysbios_gates_GateHwi_enter__E                                  
1002eb79  ti_sysbios_BIOS_RtsGateProxy_Params__init__S                       
1002eb79  ti_sysbios_gates_GateMutex_Params__init__S                         
1002eb79  ti_sysbios_heaps_HeapMem_Module_GateProxy_Params__init__S          
1002eb85  ti_sysbios_heaps_HeapTrack_Params__init__S                         
1002eb91  ti_sysbios_heaps_HeapTrack_isBlocking__E                           
1002eb9d  ti_sysbios_knl_Clock_Params__init__S                               
1002eba9  ti_sysbios_knl_Clock_getTimerHandle__E                             
1002ebb5  ti_sysbios_knl_Event_Params__init__S                               
1002ebc1  ti_sysbios_knl_Mailbox_Params__init__S                             
1002ebcd  ti_sysbios_knl_Queue_dequeue__E                                    
1002ebd9  ti_sysbios_knl_Queue_enqueue__E                                    
1002ebe5  ti_sysbios_knl_Semaphore_Params__init__S                           
1002ebf1  ti_sysbios_knl_Swi_Params__init__S                                 
1002ebfd  ti_sysbios_knl_Swi_self__E                                         
1002ec09  ti_sysbios_knl_Task_Params__init__S                                
1002ec15  ti_sysbios_hal_Hwi_Instance_finalize__E                            
1002ec1f  ti_sysbios_knl_Event_Instance_init__E                              
1002ec29  ti_sysbios_family_arm_m3_Hwi_doSwiRestore__I                       
1002ec31  ti_sysbios_family_arm_m3_Hwi_startup__E                            
1002ec31  ti_sysbios_hal_Hwi_HwiProxy_startup__E                             
1002ec31  ti_sysbios_hal_Hwi_HwiProxy_startup__E                             
1002ec31  ti_sysbios_hal_Hwi_startup__E                                      
1002ec31  ti_sysbios_hal_Hwi_startup__E                                      
1002ec39  ti_sysbios_knl_Idle_loop__E                                        
1002ec41  ti_sysbios_family_arm_m3_Hwi_doTaskRestore__I                      
1002ec47  HwiP_restore                                                       
1002ec47  ti_sysbios_family_arm_m3_Hwi_restoreFxn__E                         
1002ec4d  ti_sysbios_gates_GateHwi_leave__E                                  
1002ec53  ti_sysbios_gates_GateMutex_Instance_finalize__E                    
1002ec59  ti_sysbios_heaps_HeapMem_isBlocking__E                             
1002ec5f  ti_sysbios_knl_Queue_Instance_init__E                              
1002ec65  ti_sysbios_knl_Queue_elemClear__E                                  
1002ec6b  ti_sysbios_knl_Swi_startup__E                                      
1002ec71  ti_sysbios_knl_Task_enable__E                                      
1002ec77  ti_sysbios_BIOS_RtsGateProxy_enter__E                              
1002ec7b  ti_sysbios_BIOS_RtsGateProxy_leave__E                              
1002ec7f  ti_sysbios_family_arm_cc26xx_Timer_getExpiredTicks__E              
1002ec83  ti_sysbios_family_arm_cc26xx_Timer_getPeriod__E                    
1002ec87  ti_sysbios_family_arm_cc26xx_Timer_setPeriod__E                    
1002ec8b  ti_sysbios_family_arm_m3_Hwi_delete                                
1002ec8f  ti_sysbios_family_arm_m3_TaskSupport_Module__startupDone__S        
1002ec8f  ti_sysbios_knl_Task_SupportProxy_Module__startupDone__S            
1002ec93  ti_sysbios_gates_GateHwi_query__E                                  
1002ec93  xdc_runtime_Main_Module_GateProxy_query__E                         
1002ec93  xdc_runtime_System_Module_GateProxy_query__E                       
1002ec93  xdc_runtime_System_Module_GateProxy_query__E                       
1002ec97  ti_sysbios_gates_GateMutex_delete                                  
1002ec9b  ti_sysbios_BIOS_RtsGateProxy_query__E                              
1002ec9b  ti_sysbios_BIOS_RtsGateProxy_query__E                              
1002ec9b  ti_sysbios_gates_GateMutex_query__E                                
1002ec9b  ti_sysbios_heaps_HeapMem_Module_GateProxy_query__E                 
1002ec9b  ti_sysbios_heaps_HeapMem_Module_GateProxy_query__E                 
1002ec9f  ti_sysbios_hal_Hwi_HwiProxy_create                                 
1002eca3  ti_sysbios_hal_Hwi_HwiProxy_delete                                 
1002eca7  ti_sysbios_hal_Hwi_delete                                          
1002ecab  ti_sysbios_heaps_HeapMem_Module_GateProxy_enter__E                 
1002ecaf  ti_sysbios_heaps_HeapMem_Module_GateProxy_leave__E                 
1002ecb3  ti_sysbios_knl_Clock_TimerProxy_getExpiredTicks__E                 
1002ecb7  ti_sysbios_knl_Clock_TimerProxy_getPeriod__E                       
1002ecbb  ti_sysbios_knl_Clock_delete                                        
1002ecbf  ti_sysbios_knl_Clock_removeI__E                                    
1002ecc3  ti_sysbios_knl_Clock_setTimeout__E                                 
1002ecc7  ti_sysbios_knl_Event_delete                                        
1002eccb  ti_sysbios_knl_Mailbox_delete                                      
1002eccf  ti_sysbios_knl_Queue_delete                                        
1002ecd3  ti_sysbios_knl_Queue_head__E                                       
1002ecd7  ti_sysbios_knl_Queue_next__E                                       
1002ecdb  ti_sysbios_knl_Semaphore_delete                                    
1002ecdf  ti_sysbios_knl_Swi_delete                                          
1002ece3  ti_sysbios_knl_Swi_postInit__I                                     
1002ece7  ti_sysbios_knl_Task_delete                                         
1002eceb  ti_sysbios_knl_Task_startup__E                                     
1002ecf1  xdc_runtime_System_doPrint__I                                      
1002f055  xdc_runtime_Startup_startMods__I                                   
1002f15d  xdc_runtime_Text_putSite__E                                        
1002f1f7  xdc_runtime_Error_policySpin__E                                    
1002f1f9  xdc_runtime_Text_putMod__E                                         
1002f289  xdc_runtime_Memory_alloc__E                                        
1002f2f9  xdc_runtime_Core_createObject__I                                   
1002f367  xdc_runtime_Core_deleteObject__I                                   
1002f3c5  xdc_runtime_Text_putLab__E                                         
1002f421  xdc_runtime_Assert_raise__I                                        
1002f475  xdc_runtime_Startup_exec__E                                        
1002f4c9  xdc_runtime_Core_assignParams__I                                   
1002f511  xdc_runtime_Core_constructObject__I                                
1002f559  xdc_runtime_System_atexit__E                                       
1002f5a1  xdc_runtime_Text_xprintf__I                                        
1002f5e5  xdc_runtime_System_processAtExit__E                                
1002f625  xdc_runtime_System_putchar__I                                      
1002f659  xdc_runtime_Core_assignLabel__I                                    
1002f689  xdc_runtime_Text_printVisFxn__I                                    
1002f6b9  xdc_runtime_System_vprintf__E                                      
1002f6e5  xdc_runtime_Text_cordText__E                                       
1002f711  xdc_runtime_System_abort__E                                        
1002f739  xdc_runtime_Error_raiseX__E                                        
1002f759  xdc_runtime_Registry_findById__E                                   
1002f779  xdc_runtime_Error_check__E                                         
1002f795  xdc_runtime_Memory_valloc__E                                       
1002f7b1  xdc_runtime_System_exit__E                                         
1002f7cd  xdc_runtime_Text_ropeText__E                                       
1002f7e9  xdc_runtime_System_printf__E                                       
1002f803  xdc_runtime_Core_destructObject__I                                 
1002f81b  xdc_runtime_System_abortSpin__E                                    
1002f81d  xdc_runtime_Memory_free__E                                         
1002f831  xdc_runtime_Memory_getStats__E                                     
1002f845  xdc_runtime_SysCallback_abort__E                                   
1002f845  xdc_runtime_System_SupportProxy_abort__E                           
1002f859  xdc_runtime_SysCallback_exit__E                                    
1002f859  xdc_runtime_System_SupportProxy_exit__E                            
1002f86d  xdc_runtime_SysCallback_flush__E                                   
1002f86d  xdc_runtime_System_SupportProxy_flush__E                           
1002f86d  xdc_runtime_System_flush__E                                        
1002f881  xdc_runtime_SysCallback_putch__E                                   
1002f881  xdc_runtime_System_SupportProxy_putch__E                           
1002f895  xdc_runtime_SysCallback_ready__E                                   
1002f895  xdc_runtime_System_SupportProxy_ready__E                           
1002f8a9  xdc_runtime_Memory_getMaxDefaultTypeAlign__E                       
1002f8b9  xdc_runtime_System_vsnprintf__E                                    
1002f8c9  xdc_runtime_Timestamp_SupportProxy_get32__E                        
1002f8c9  xdc_runtime_Timestamp_SupportProxy_get32__E                        
1002f8c9  xdc_runtime_Timestamp_get32__E                                     
1002f8c9  xdc_runtime_Timestamp_get32__E                                     
1002f8d9  xdc_runtime_Memory_calloc__E                                       
1002f8e5  xdc_runtime_Startup_rtsDone__E                                     
1002f8f1  xdc_runtime_Memory_HeapProxy_alloc__E                              
1002f8fb  xdc_runtime_Memory_HeapProxy_free__E                               
1002f905  xdc_runtime_Memory_HeapProxy_getStats__E                           
1002f90f  xdc_runtime_Gate_leaveSystem__E                                    
1002f915  xdc_runtime_System_Module_startup__E                               
1002f91b  xdc_runtime_Gate_enterSystem__E                                    
1002f91f  xdc_runtime_SysCallback_Module__startupDone__S                     
1002f91f  xdc_runtime_System_SupportProxy_Module__startupDone__S             
1002f923  xdc_runtime_System_Module_GateProxy_enter__E                       
1002f927  xdc_runtime_System_Module_GateProxy_leave__E                       
1002f92b  xdc_runtime_System_printf_va__F                                    
1002f92f  xdc_runtime_System_exitSpin__E                                     
1002f931  ti_sysbios_family_arm_m3_Hwi_dispatch__I                           
1002fa11  ti_sysbios_family_arm_m3_Hwi_interruptsAreDisabledButShouldNotBe   
1002fa2d  ti_sysbios_family_arm_m3_TaskSupport_buildTaskStack                
1002fab9  ti_sysbios_family_arm_m3_Hwi_initStacks__E                         
1002fb11  ti_sysbios_family_arm_m3_Hwi_pendSV__I                             
1002fb35  ti_sysbios_family_arm_m3_Hwi_return                                
1002fb39  ti_sysbios_family_arm_m3_Hwi_excHandlerAsm__I                      
1002fb59  ti_sysbios_family_xxx_Hwi_switchAndRunFunc                         
1002fb77  ti_sysbios_family_arm_m3_TaskSupport_swap__E                       
1002fb77  ti_sysbios_knl_Task_SupportProxy_swap__E                           
1002fb77  ti_sysbios_knl_Task_SupportProxy_swap__E                           
1002fb83  ti_sysbios_knl_Task_swapReturn                                     
1002fb8f  ti_sysbios_family_arm_m3_TaskSupport_glue                          
1002fba0  ti_sysbios_knl_Task_Object__PARAMS__C                              
1002fbdc  ti_sysbios_knl_Mailbox_Object__PARAMS__C                           
1002fc10  ti_sysbios_family_arm_m3_Hwi_Object__PARAMS__C                     
1002fc40  ti_sysbios_hal_Hwi_Object__PARAMS__C                               
1002fc6c  ti_sysbios_knl_Swi_Object__PARAMS__C                               
1002fc94  ti_sysbios_heaps_HeapMem_Object__PARAMS__C                         
1002fcb8  ti_sysbios_knl_Clock_Object__PARAMS__C                             
1002fcdc  ti_sysbios_knl_Semaphore_Object__PARAMS__C                         
1002fd00  ti_sysbios_gates_GateHwi_Object__PARAMS__C                         
1002fd18  ti_sysbios_gates_GateMutex_Object__PARAMS__C                       
1002fd30  ti_sysbios_knl_Event_Object__PARAMS__C                             
1002fd48  ti_sysbios_knl_Queue_Object__PARAMS__C                             
1002fd80  ti_sysbios_heaps_HeapTrack_Object__PARAMS__C                       
1002fd9c  ti_sysbios_heaps_HeapTrack_Instance_State_trackQueue__O            
1002fda0  ti_sysbios_heaps_HeapTrack_Module__diagsEnabled__C                 
1002fda4  ti_sysbios_heaps_HeapTrack_Module__diagsIncluded__C                
1002fda8  ti_sysbios_heaps_HeapTrack_Module__diagsMask__C                    
1002fddb  strlen                                                             
20000000  __start___llvm_prf_cnts                                            
20000000  __stop___llvm_prf_cnts                                             
20000000  ti_sysbios_family_arm_m3_Hwi_ramVectors                            
20000100  xdcRomConstPtr                                                     
20000104  xdcRomExternFuncPtr                                                
20000108  xdcRomStatePtr                                                     
20000110  __primary_heap_start__                                             
20004110  __primary_heap_end__                                               
20004510  ti_sysbios_knl_Task_Instance_State_0_stack__A                      
20004710  uartCC26XXObjects                                                  
200048c4  ti_sysbios_family_arm_m3_Hwi_dispatchTable                         
2000499c  pinHandleTable                                                     
20004aec  adcCC26xxObjects                                                   
20004b14  adcValue1MicroVolt                                                 
20004b98  adcValue1                                                          
20004bac  displayUartObject                                                  
20004bc0  PowerCC26XX_swiKey                                                 
20004bc4  PowerCC26XX_taskKey                                                
20004bc8  adcValue0MicroVolt                                                 
20004bcc  adcValue0                                                          
20004bce  driverlib_release_0_58048                                          
20004bd0  PowerCC26X2_module                                                 
20004d40  ROM_stateStruct                                                    
20004d40  ti_sysbios_knl_Clock_Module__state__V                              
20004d6c  ti_sysbios_family_arm_cc26xx_TimestampProvider_Module__state__V    
20004d70  xdc_runtime_Startup_Module__state__V                               
20004d78  xdc_runtime_Registry_Module__state__V                              
20004d80  ti_sysbios_BIOS_Module__state__V                                   
20004da4  ti_sysbios_knl_Swi_Module__state__V                                
20004dc0  ti_sysbios_knl_Task_Module__state__V                               
20004e04  xdc_runtime_Memory_Module__state__V                                
20004e08  xdc_runtime_System_Module__state__V                                
20004e10  ti_sysbios_family_arm_m3_Hwi_Module__state__V                      
20004e44  ti_sysbios_family_arm_cc26xx_Timer_Module__state__V                
20004ed4  ti_sysbios_gates_GateMutex_Object__table__V                        
20004f28  ti_sysbios_knl_Task_Object__table__V                               
20004f74  main_func_sp                                                       
20004f78  ti_sysbios_family_arm_cc26xx_Timer_Object__table__V                
20004fc0  ti_sysbios_knl_Swi_Module_State_0_readyQ__A                        
20004ff0  ti_sysbios_knl_Swi_Object__table__V                                
20005020  ti_sysbios_knl_Task_Module_State_0_readyQ__A                       
20005050  _hposcCoeffs                                                       
20005074  ti_sysbios_knl_Clock_Object__table__V                              
20005094  xdc_runtime_Error_IgnoreBlock                                      
200050b4  ti_sysbios_family_arm_m3_Hwi_Object__table__V                      
200050cc  ti_sysbios_heaps_HeapMem_Object__table__V                          
200050e4  _lock                                                              
200050e8  _unlock                                                            
200050ec  pinUpperBound                                                      
200050f0  pinLowerBound                                                      
200050f4  ti_sysbios_family_arm_m3_Hwi_Module__root__V                       
200050fc  ti_sysbios_gates_GateHwi_Module__root__V                           
20005104  ti_sysbios_gates_GateMutex_Module__root__V                         
2000510c  ti_sysbios_hal_Hwi_Module__root__V                                 
20005114  ti_sysbios_heaps_HeapMem_Module__root__V                           
2000511c  ti_sysbios_knl_Clock_Module__root__V                               
20005124  ti_sysbios_knl_Event_Module__root__V                               
2000512c  ti_sysbios_knl_Mailbox_Module__root__V                             
20005134  ti_sysbios_knl_Queue_Module__root__V                               
2000513c  ti_sysbios_knl_Semaphore_Module__root__V                           
20005144  ti_sysbios_knl_Swi_Module__root__V                                 
2000514c  ti_sysbios_knl_Task_Module__root__V                                
20005154  xdc_runtime_System_Module_State_0_atexitHandlers__A                
2000515c  ti_sysbios_family_arm_m3_Hwi_Module_State_0_excContext__A          
20005160  ti_sysbios_family_arm_m3_Hwi_Module_State_0_excStack__A            
20005164  ti_sysbios_knl_Task_Module_State_0_idleTask__A                     
2000516a  ti_sysbios_family_arm_m3_Hwi_Module_State_0_excActive__A           
20013c00  __stack                                                            
20014000  __STACK_END                                                        
e000e000  ti_sysbios_family_arm_m3_Hwi_nvic                                  
ffffffff  __TI_pprof_out_hndl                                                
ffffffff  __TI_prof_data_size                                                
ffffffff  __TI_prof_data_start                                               
ffffffff  __binit__                                                          
ffffffff  __c_args__                                                         
ffffffff  binit                                                              
UNDEFED   ITM_flush                                                          
UNDEFED   ITM_restore                                                        
UNDEFED   SHT$$INIT_ARRAY$$Base                                              
UNDEFED   SHT$$INIT_ARRAY$$Limit                                             

[880 symbols]
